../Core/Src/main.c:91:6:os_getArtEui	16	static
../Core/Src/main.c:92:6:os_getDevKey	16	static
../Core/Src/main.c:107:9:read_dip_switches	16	static
../Core/Src/main.c:116:6:os_getDevEui	16	static
../Core/Src/main.c:149:7:nmeaToDecimal	32	static
../Core/Src/main.c:157:6:gpsParse	32	static
../Core/Src/main.c:189:5:gpsValidate	32	static
../Core/Src/main.c:227:6:HAL_UART_RxCpltCallback	16	static
../Core/Src/main.c:249:6:do_send	40	static
../Core/Src/main.c:276:6:onEvent	24	static
../Core/Src/main.c:309:5:main	8	static
../Core/Src/main.c:390:6:SystemClock_Config	96	static
../Core/Src/main.c:440:13:MX_SPI1_Init	8	static
../Core/Src/main.c:480:13:MX_TIM2_Init	40	static
../Core/Src/main.c:525:13:MX_USART1_UART_Init	8	static
../Core/Src/main.c:560:13:MX_USART2_UART_Init	8	static
../Core/Src/main.c:595:13:MX_GPIO_Init	40	static
../Core/Src/main.c:651:6:HAL_GPIO_EXTI_Callback	24	static
../Core/Src/main.c:688:6:Error_Handler	4	static,ignoring_inline_asm
