../Middleware/ThirdParty/LMIC/lmic/oslmic.h:317:24:table_get_u1	16	static
../Middleware/ThirdParty/LMIC/lmic/lorabase.h:632:21:getSf	16	static
../Middleware/ThirdParty/LMIC/lmic/lorabase.h:634:21:getBw	16	static
../Middleware/ThirdParty/LMIC/lmic/lorabase.h:636:21:getCr	16	static
../Middleware/ThirdParty/LMIC/lmic/lorabase.h:637:21:setCr	16	static
../Middleware/ThirdParty/LMIC/lmic/lorabase.h:638:21:getNocrc	16	static
../Middleware/ThirdParty/LMIC/lmic/lorabase.h:639:21:setNocrc	16	static
../Middleware/ThirdParty/LMIC/lmic/lorabase.h:640:21:getIh	16	static
../Middleware/ThirdParty/LMIC/lmic/lmic.h:295:21:LMIC_txrxFlags_isClassC	16	static
../Middleware/ThirdParty/LMIC/lmic/lmic.h:302:21:LMIC_txrxFlags_isRx1	16	static
../Middleware/ThirdParty/LMIC/lmic/lmic.h:309:21:LMIC_txrxFlags_isRx2	16	static
../Middleware/ThirdParty/LMIC/lmic/lmic.h:316:21:LMIC_txrxFlags_isClassA	16	static
../Middleware/ThirdParty/LMIC/lmic/lmic.h:430:21:LMIC_BEACON_SUCCESSFUL	16	static
../Middleware/ThirdParty/LMIC/lmic/lmic_bandplan_as923.h:50:1:LMICas923_isValidBeacon1	24	static
../Middleware/ThirdParty/LMIC/lmic/lmic_bandplan_as923.h:86:1:LMICas923_queryMaxRx1DrOffset	4	static
../Middleware/ThirdParty/LMIC/lmic/lmic_bandplan.h:248:21:validDR	16	static
../Middleware/ThirdParty/LMIC/lmic/lmic_bandplan.h:253:21:updr2rps	16	static
../Middleware/ThirdParty/LMIC/lmic/lmic_bandplan.h:254:21:dndr2rps	16	static
../Middleware/ThirdParty/LMIC/lmic/lmic_bandplan.h:255:21:incDR	16	static
../Middleware/ThirdParty/LMIC/lmic/lmic_bandplan.h:256:21:decDR	16	static
../Middleware/ThirdParty/LMIC/lmic/lmic_implementation.h:41:21:LMICJ_isTxPathBusy	4	static
../Middleware/ThirdParty/LMIC/lmic/lmic_implementation.h:84:21:LMICJ_isActiveClassB	4	static
../Middleware/ThirdParty/LMIC/lmic/../se/i/lmic_secure_element_api.h:168:1:LMIC_SecureElement_initialize	8	static
../Middleware/ThirdParty/LMIC/lmic/../se/i/lmic_secure_element_api.h:196:1:LMIC_SecureElement_setAppKey	16	static
../Middleware/ThirdParty/LMIC/lmic/../se/i/lmic_secure_element_api.h:210:1:LMIC_SecureElement_setAppEUI	16	static
../Middleware/ThirdParty/LMIC/lmic/../se/i/lmic_secure_element_api.h:224:1:LMIC_SecureElement_setDevEUI	16	static
../Middleware/ThirdParty/LMIC/lmic/../se/i/lmic_secure_element_api.h:245:1:LMIC_SecureElement_getNwkSKey	16	static
../Middleware/ThirdParty/LMIC/lmic/../se/i/lmic_secure_element_api.h:259:1:LMIC_SecureElement_getAppSKey	16	static
../Middleware/ThirdParty/LMIC/lmic/../se/i/lmic_secure_element_api.h:266:1:LMIC_SecureElement_createJoinRequest	16	static
../Middleware/ThirdParty/LMIC/lmic/../se/i/lmic_secure_element_api.h:288:1:LMIC_SecureElement_encodeMessage	32	static
../Middleware/ThirdParty/LMIC/lmic/../se/i/lmic_secure_element_api.h:297:1:LMIC_SecureElement_verifyMIC	32	static
../Middleware/ThirdParty/LMIC/lmic/../se/i/lmic_secure_element_api.h:312:1:LMIC_SecureElement_decodeMessage	32	static
../Middleware/ThirdParty/LMIC/lmic/../se/i/lmic_secure_element_api.h:326:1:LMIC_SecureElement_aes128Encrypt	24	static
../Middleware/ThirdParty/LMIC/lmic/lmic.c:58:20:initTxrxFlags	16	static
../Middleware/ThirdParty/LMIC/lmic/lmic.c:68:20:orTxrxFlags	16	static
../Middleware/ThirdParty/LMIC/lmic/lmic.c:80:6:os_rlsbf2	16	static
../Middleware/ThirdParty/LMIC/lmic/lmic.c:86:6:os_rlsbf4	16	static
../Middleware/ThirdParty/LMIC/lmic/lmic.c:93:6:os_rmsbf4	16	static
../Middleware/ThirdParty/LMIC/lmic/lmic.c:100:6:os_wlsbf2	16	static
../Middleware/ThirdParty/LMIC/lmic/lmic.c:107:6:os_wlsbf4	16	static
../Middleware/ThirdParty/LMIC/lmic/lmic.c:116:6:os_wmsbf4	16	static
../Middleware/ThirdParty/LMIC/lmic/lmic.c:125:6:os_getBattLevel	4	static
../Middleware/ThirdParty/LMIC/lmic/lmic.c:132:6:os_crc16	32	static
../Middleware/ThirdParty/LMIC/lmic/lmic.c:169:5:getSensitivity	24	static
../Middleware/ThirdParty/LMIC/lmic/lmic.c:173:10:calcAirTime	40	static
../Middleware/ThirdParty/LMIC/lmic/lmic.c:225:13:setRxsyms	16	static
../Middleware/ThirdParty/LMIC/lmic/lmic.c:236:17:calcRxWindow	40	static
../Middleware/ThirdParty/LMIC/lmic/lmic.c:256:13:calcBcnRxWindowFromMillis	64	static
../Middleware/ThirdParty/LMIC/lmic/lmic.c:272:13:rxschedInit	64	static
../Middleware/ThirdParty/LMIC/lmic/lmic.c:295:14:rxschedNext	32	static
../Middleware/ThirdParty/LMIC/lmic/lmic.c:314:10:LMICcore_rndDelay	32	static
../Middleware/ThirdParty/LMIC/lmic/lmic.c:325:13:txDelay	16	static
../Middleware/ThirdParty/LMIC/lmic/lmic.c:335:6:LMICcore_setDrJoin	16	static
../Middleware/ThirdParty/LMIC/lmic/lmic.c:349:14:setDrTxpow	24	static
../Middleware/ThirdParty/LMIC/lmic/lmic.c:375:6:LMIC_stopPingable	4	static
../Middleware/ThirdParty/LMIC/lmic/lmic.c:380:6:LMIC_setPingable	16	static
../Middleware/ThirdParty/LMIC/lmic/lmic.c:392:13:runEngineUpdate	16	static
../Middleware/ThirdParty/LMIC/lmic/lmic.c:398:13:reportEventAndUpdate	16	static
../Middleware/ThirdParty/LMIC/lmic/lmic.c:403:13:reportEventNoUpdate	48	static
../Middleware/ThirdParty/LMIC/lmic/lmic.c:480:5:LMIC_registerRxMessageCb	16	static
../Middleware/ThirdParty/LMIC/lmic/lmic.c:490:5:LMIC_registerEventCb	16	static
../Middleware/ThirdParty/LMIC/lmic/lmic.c:500:13:runReset	16	static
../Middleware/ThirdParty/LMIC/lmic/lmic.c:519:13:resetJoinParams	4	static
../Middleware/ThirdParty/LMIC/lmic/lmic.c:528:13:stateJustJoined	8	static
../Middleware/ThirdParty/LMIC/lmic/lmic.c:561:28:decodeBeacon	24	static
../Middleware/ThirdParty/LMIC/lmic/lmic.c:595:14:put_mac_uplink_byte	16	static
../Middleware/ThirdParty/LMIC/lmic/lmic.c:615:14:put_mac_uplink_byte2	24	static
../Middleware/ThirdParty/LMIC/lmic/lmic.c:626:14:put_mac_uplink_byte3	24	static
../Middleware/ThirdParty/LMIC/lmic/lmic.c:656:13:getMacCmdSize	24	static
../Middleware/ThirdParty/LMIC/lmic/lmic.c:671:1:applyAdrRequests	120	static
../Middleware/ThirdParty/LMIC/lmic/lmic.c:759:1:scan_mac_cmds_link_adr	48	static
../Middleware/ThirdParty/LMIC/lmic/lmic.c:819:1:scan_mac_cmds	88	static
../Middleware/ThirdParty/LMIC/lmic/lmic.c:1115:13:setAdrAckCount	16	static
../Middleware/ThirdParty/LMIC/lmic/lmic.c:1121:14:decodeFrame	96	static
../Middleware/ThirdParty/LMIC/lmic/lmic.c:1380:13:radioRx	8	static
../Middleware/ThirdParty/LMIC/lmic/lmic.c:1386:13:setupRx2	8	static
../Middleware/ThirdParty/LMIC/lmic/lmic.c:1395:13:setupRxClassC	4	static
../Middleware/ThirdParty/LMIC/lmic/lmic.c:1431:10:LMICcore_adjustForDrift	80	static
../Middleware/ThirdParty/LMIC/lmic/lmic.c:1486:13:schedRx12	40	static
../Middleware/ThirdParty/LMIC/lmic/lmic.c:1500:13:setupRx1	16	static
../Middleware/ThirdParty/LMIC/lmic/lmic.c:1511:13:txDone	16	static
../Middleware/ThirdParty/LMIC/lmic/lmic.c:1538:13:onJoinFailed	16	static
../Middleware/ThirdParty/LMIC/lmic/lmic.c:1547:14:processJoinAccept	24	static
../Middleware/ThirdParty/LMIC/lmic/lmic.c:1640:14:processJoinAccept_badframe	8	static
../Middleware/ThirdParty/LMIC/lmic/lmic.c:1649:14:processJoinAccept_nojoinframe	16	static
../Middleware/ThirdParty/LMIC/lmic/lmic.c:1695:13:radioGetRxResults	4	static
../Middleware/ThirdParty/LMIC/lmic/lmic.c:1702:13:processRx2Jacc	16	static
../Middleware/ThirdParty/LMIC/lmic/lmic.c:1715:13:setupRx2Jacc	16	static
../Middleware/ThirdParty/LMIC/lmic/lmic.c:1722:13:processRx1Jacc	16	static
../Middleware/ThirdParty/LMIC/lmic/lmic.c:1732:13:setupRx1Jacc	16	static
../Middleware/ThirdParty/LMIC/lmic/lmic.c:1739:13:jreqDone	16	static
../Middleware/ThirdParty/LMIC/lmic/lmic.c:1752:13:processRx2DnData	16	static
../Middleware/ThirdParty/LMIC/lmic/lmic.c:1773:13:setupRx2DnData	16	static
../Middleware/ThirdParty/LMIC/lmic/lmic.c:1781:13:processRx1DnData	16	static
../Middleware/ThirdParty/LMIC/lmic/lmic.c:1834:13:setupRx1DnData	16	static
../Middleware/ThirdParty/LMIC/lmic/lmic.c:1841:13:updataDone	16	static
../Middleware/ThirdParty/LMIC/lmic/lmic.c:1850:14:sendAdrAckReq	4	static
../Middleware/ThirdParty/LMIC/lmic/lmic.c:1868:14:buildDataFrame	40	static
../Middleware/ThirdParty/LMIC/lmic/lmic.c:2024:13:onBcnRx	16	static
../Middleware/ThirdParty/LMIC/lmic/lmic.c:2060:13:startScan	8	static
../Middleware/ThirdParty/LMIC/lmic/lmic.c:2076:7:LMIC_enableTracking	16	static
../Middleware/ThirdParty/LMIC/lmic/lmic.c:2087:6:LMIC_disableTracking	8	static
../Middleware/ThirdParty/LMIC/lmic/lmic.c:2129:13:buildJoinRequest	8	static
../Middleware/ThirdParty/LMIC/lmic/lmic.c:2138:13:startJoining	16	static
../Middleware/ThirdParty/LMIC/lmic/lmic.c:2154:6:LMIC_unjoin	8	static
../Middleware/ThirdParty/LMIC/lmic/lmic.c:2166:7:LMIC_startJoining	8	static
../Middleware/ThirdParty/LMIC/lmic/lmic.c:2187:13:unjoinAndRejoin	16	static
../Middleware/ThirdParty/LMIC/lmic/lmic.c:2194:6:LMIC_unjoinAndRejoin	8	static
../Middleware/ThirdParty/LMIC/lmic/lmic.c:2208:13:processPingRx	16	static
../Middleware/ThirdParty/LMIC/lmic/lmic.c:2244:14:processDnData	8	static
../Middleware/ThirdParty/LMIC/lmic/lmic.c:2299:14:processDnData_norx	16	static
../Middleware/ThirdParty/LMIC/lmic/lmic.c:2348:14:processDnData_txcomplete	24	static
../Middleware/ThirdParty/LMIC/lmic/lmic.c:2466:13:processBeacon	40	static
../Middleware/ThirdParty/LMIC/lmic/lmic.c:2531:13:startRxBcn	16	static
../Middleware/ThirdParty/LMIC/lmic/lmic.c:2542:13:startRxPing	16	static
../Middleware/ThirdParty/LMIC/lmic/lmic.c:2553:13:engineUpdate_inner	40	static
../Middleware/ThirdParty/LMIC/lmic/lmic.c:2773:13:engineUpdate	16	static
../Middleware/ThirdParty/LMIC/lmic/lmic.c:2789:6:LMIC_setAdrMode	16	static
../Middleware/ThirdParty/LMIC/lmic/lmic.c:2795:6:LMIC_setDrTxpow	16	static
../Middleware/ThirdParty/LMIC/lmic/lmic.c:2800:6:LMIC_shutdown	8	static
../Middleware/ThirdParty/LMIC/lmic/lmic.c:2810:6:LMIC_reset	88	static
../Middleware/ThirdParty/LMIC/lmic/lmic.c:2878:6:LMIC_init	8	static
../Middleware/ThirdParty/LMIC/lmic/lmic.c:2885:6:LMIC_clrTxData	16	static
../Middleware/ThirdParty/LMIC/lmic/lmic.c:2911:6:LMIC_feasibleDataRateForFrame	24	static
../Middleware/ThirdParty/LMIC/lmic/lmic.c:2940:7:LMIC_queryTxReady	8	static
../Middleware/ThirdParty/LMIC/lmic/lmic.c:2944:14:adjustDrForFrameIfNotBusy	24	static
../Middleware/ThirdParty/LMIC/lmic/lmic.c:2955:6:LMIC_setTxData	8	static
../Middleware/ThirdParty/LMIC/lmic/lmic.c:2960:6:LMIC_setTxData_strict	8	static
../Middleware/ThirdParty/LMIC/lmic/lmic.c:2976:17:LMIC_setTxData2	16	static
../Middleware/ThirdParty/LMIC/lmic/lmic.c:2982:17:LMIC_setTxData2_strict	16	static
../Middleware/ThirdParty/LMIC/lmic/lmic.c:3007:17:LMIC_sendWithCallback	24	static
../Middleware/ThirdParty/LMIC/lmic/lmic.c:3016:17:LMIC_sendWithCallback_strict	24	static
../Middleware/ThirdParty/LMIC/lmic/lmic.c:3030:6:LMIC_sendAlive	8	static
../Middleware/ThirdParty/LMIC/lmic/lmic.c:3037:6:LMIC_tryRejoin	8	static
../Middleware/ThirdParty/LMIC/lmic/lmic.c:3065:6:LMIC_setSession	32	static
../Middleware/ThirdParty/LMIC/lmic/lmic.c:3097:6:LMIC_setLinkCheckMode	16	static
../Middleware/ThirdParty/LMIC/lmic/lmic.c:3105:6:LMIC_setClockError	16	static
../Middleware/ThirdParty/LMIC/lmic/lmic.c:3115:6:LMIC_getSeqnoUp	4	static
../Middleware/ThirdParty/LMIC/lmic/lmic.c:3122:6:LMIC_setSeqnoUp	24	static
../Middleware/ThirdParty/LMIC/lmic/lmic.c:3129:6:LMIC_getSessionKeys	64	static
../Middleware/ThirdParty/LMIC/lmic/lmic.c:3141:6:LMIC_requestNetworkTime	16	static
../Middleware/ThirdParty/LMIC/lmic/lmic.c:3159:5:LMIC_getNetworkTimeReference	24	static
../Middleware/ThirdParty/LMIC/lmic/lmic.c:3200:6:LMIC_setBatteryLevel	24	static
../Middleware/ThirdParty/LMIC/lmic/lmic.c:3216:6:LMIC_getBatteryLevel	4	static
