../Middleware/ThirdParty/LMIC/lmic/oslmic.h:317:24:table_get_u1	16	static
../Middleware/ThirdParty/LMIC/lmic/oslmic.h:319:24:table_get_u2	16	static
../Middleware/ThirdParty/LMIC/lmic/lorabase.h:632:21:getSf	16	static
../Middleware/ThirdParty/LMIC/lmic/lorabase.h:634:21:getBw	16	static
../Middleware/ThirdParty/LMIC/lmic/lorabase.h:636:21:getCr	16	static
../Middleware/ThirdParty/LMIC/lmic/lorabase.h:638:21:getNocrc	16	static
../Middleware/ThirdParty/LMIC/lmic/lorabase.h:640:21:getIh	16	static
../Middleware/ThirdParty/LMIC/lmic/../se/i/lmic_secure_element_api.h:326:1:LMIC_SecureElement_aes128Encrypt	24	static
../Middleware/ThirdParty/LMIC/lmic/radio_sx127x.c:385:13:writeReg	16	static
../Middleware/ThirdParty/LMIC/lmic/radio_sx127x.c:389:13:readReg	24	static
../Middleware/ThirdParty/LMIC/lmic/radio_sx127x.c:395:13:writeBuf	16	static
../Middleware/ThirdParty/LMIC/lmic/radio_sx127x.c:399:13:readBuf	16	static
../Middleware/ThirdParty/LMIC/lmic/radio_sx127x.c:403:13:requestModuleActive	24	static
../Middleware/ThirdParty/LMIC/lmic/radio_sx127x.c:410:13:writeOpmode	24	static
../Middleware/ThirdParty/LMIC/lmic/radio_sx127x.c:419:13:opmode	16	static
../Middleware/ThirdParty/LMIC/lmic/radio_sx127x.c:423:13:opmodeLora	16	static
../Middleware/ThirdParty/LMIC/lmic/radio_sx127x.c:433:13:opmodeFSK	16	static
../Middleware/ThirdParty/LMIC/lmic/radio_sx127x.c:447:21:os_radio_isTxActive	16	static
../Middleware/ThirdParty/LMIC/lmic/radio_sx127x.c:456:21:os_radio_isRxActive	16	static
../Middleware/ThirdParty/LMIC/lmic/radio_sx127x.c:472:21:radioRq_getNoRxIqInversion	4	static
../Middleware/ThirdParty/LMIC/lmic/radio_sx127x.c:486:13:radio_complete	16	static
../Middleware/ThirdParty/LMIC/lmic/radio_sx127x.c:498:13:configLoraModem	16	static
../Middleware/ThirdParty/LMIC/lmic/radio_sx127x.c:611:13:configChannel	24	static
../Middleware/ThirdParty/LMIC/lmic/radio_sx127x.c:645:13:configPower	16	static
../Middleware/ThirdParty/LMIC/lmic/radio_sx127x.c:784:13:setupFskRxTx	16	static
../Middleware/ThirdParty/LMIC/lmic/radio_sx127x.c:805:13:txfsk	16	static
../Middleware/ThirdParty/LMIC/lmic/radio_sx127x.c:854:13:txlora	16	static
../Middleware/ThirdParty/LMIC/lmic/radio_sx127x.c:919:13:starttx	24	static
../Middleware/ThirdParty/LMIC/lmic/radio_sx127x.c:969:13:rxlate	16	static
../Middleware/ThirdParty/LMIC/lmic/radio_sx127x.c:977:13:rxlora	24	static
../Middleware/ThirdParty/LMIC/lmic/radio_sx127x.c:1068:13:rxfsk	24	static
../Middleware/ThirdParty/LMIC/lmic/radio_sx127x.c:1118:13:startrx	16	static
../Middleware/ThirdParty/LMIC/lmic/radio_sx127x.c:1148:5:radio_init	32	static
../Middleware/ThirdParty/LMIC/lmic/radio_sx127x.c:1236:6:radio_rand1	16	static
../Middleware/ThirdParty/LMIC/lmic/radio_sx127x.c:1250:6:radio_rssi	16	static
../Middleware/ThirdParty/LMIC/lmic/radio_sx127x.c:1270:6:radio_monitor_rssi	48	static
../Middleware/ThirdParty/LMIC/lmic/radio_sx127x.c:1361:6:radio_irq_handler	16	static
../Middleware/ThirdParty/LMIC/lmic/radio_sx127x.c:1386:6:radio_irq_handler_v2	24	static
../Middleware/ThirdParty/LMIC/lmic/radio_sx127x.c:1523:13:os_radio_reset	8	static
../Middleware/ThirdParty/LMIC/lmic/radio_sx127x.c:1539:6:os_radio	16	static
../Middleware/ThirdParty/LMIC/lmic/radio_sx127x.c:1588:6:os_radio_v2	16	static
../Middleware/ThirdParty/LMIC/lmic/radio_sx127x.c:1644:10:os_getRadioRxRampup	4	static
