../Middleware/ThirdParty/LMIC/se/drivers/default/../../../aes/lmic_aes_api.h:36:6:os_aes	16	static
../Middleware/ThirdParty/LMIC/se/drivers/default/lmic_se_default.c:67:1:LMIC_SecureElement_DefaultI_GetNwkSKeyRef	4	static
../Middleware/ThirdParty/LMIC/se/drivers/default/lmic_se_default.c:73:1:LMIC_SecureElement_DefaultI_GetAppSKeyRef	4	static
../Middleware/ThirdParty/LMIC/se/drivers/default/lmic_se_default.c:78:13:appKeyToAESkey	8	static
../Middleware/ThirdParty/LMIC/se/drivers/default/lmic_se_default.c:96:1:LMIC_SecureElement_Default_initialize	4	static
../Middleware/ThirdParty/LMIC/se/drivers/default/lmic_se_default.c:110:1:LMIC_SecureElement_Default_setDevEUI	16	static
../Middleware/ThirdParty/LMIC/se/drivers/default/lmic_se_default.c:125:1:LMIC_SecureElement_Default_setAppEUI	16	static
../Middleware/ThirdParty/LMIC/se/drivers/default/lmic_se_default.c:140:1:LMIC_SecureElement_Default_setAppKey	16	static
../Middleware/ThirdParty/LMIC/se/drivers/default/lmic_se_default.c:156:1:LMIC_SecureElement_Default_getNwkSKey	24	static
../Middleware/ThirdParty/LMIC/se/drivers/default/lmic_se_default.c:174:1:LMIC_SecureElement_Default_getAppSKey	24	static
../Middleware/ThirdParty/LMIC/se/drivers/default/lmic_se_default.c:184:13:micB0	24	static
../Middleware/ThirdParty/LMIC/se/drivers/default/lmic_se_default.c:194:12:aes_verifyMic	32	static
../Middleware/ThirdParty/LMIC/se/drivers/default/lmic_se_default.c:215:1:LMIC_SecureElement_Default_verifyMIC	32	static
../Middleware/ThirdParty/LMIC/se/drivers/default/lmic_se_default.c:233:13:aes_appendMic	32	static
../Middleware/ThirdParty/LMIC/se/drivers/default/lmic_se_default.c:240:13:aes_cipher	24	static
../Middleware/ThirdParty/LMIC/se/drivers/default/lmic_se_default.c:270:1:LMIC_SecureElement_Default_encodeMessage	48	static
../Middleware/ThirdParty/LMIC/se/drivers/default/lmic_se_default.c:324:1:LMIC_SecureElement_Default_decodeMessage	48	static
../Middleware/ThirdParty/LMIC/se/drivers/default/lmic_se_default.c:370:13:aes_appendMic0	24	static
../Middleware/ThirdParty/LMIC/se/drivers/default/lmic_se_default.c:387:1:LMIC_SecureElement_Default_createJoinRequest	24	static
../Middleware/ThirdParty/LMIC/se/drivers/default/lmic_se_default.c:408:12:aes_verifyMic0	24	static
../Middleware/ThirdParty/LMIC/se/drivers/default/lmic_se_default.c:415:13:aes_encrypt	16	static
../Middleware/ThirdParty/LMIC/se/drivers/default/lmic_se_default.c:422:13:aes_sessKeys	24	static
../Middleware/ThirdParty/LMIC/se/drivers/default/lmic_se_default.c:448:1:LMIC_SecureElement_Default_decodeJoinAccept	40	static
../Middleware/ThirdParty/LMIC/se/drivers/default/lmic_se_default.c:498:1:LMIC_SecureElement_Default_aes128Encrypt	24	static
