Archive member included to satisfy reference by file (symbol)

D:/STM32/STM32CubeIde/STM32CubeIDE_2.0.0/STM32CubeIDE/plugins/com.st.stm32cube.ide.mcu.externaltools.gnu-tools-for-stm32.13.3.rel1.win32_1.0.100.202509120712/tools/bin/../lib/gcc/arm-none-eabi/13.3.1/../../../../arm-none-eabi/lib/thumb/v7e-m+fp/hard\libc_nano.a(libc_a-exit.o)
                              D:/STM32/STM32CubeIde/STM32CubeIDE_2.0.0/STM32CubeIDE/plugins/com.st.stm32cube.ide.mcu.externaltools.gnu-tools-for-stm32.13.3.rel1.win32_1.0.100.202509120712/tools/bin/../lib/gcc/arm-none-eabi/13.3.1/../../../../arm-none-eabi/lib/thumb/v7e-m+fp/hard/crt0.o (exit)
D:/STM32/STM32CubeIde/STM32CubeIDE_2.0.0/STM32CubeIDE/plugins/com.st.stm32cube.ide.mcu.externaltools.gnu-tools-for-stm32.13.3.rel1.win32_1.0.100.202509120712/tools/bin/../lib/gcc/arm-none-eabi/13.3.1/../../../../arm-none-eabi/lib/thumb/v7e-m+fp/hard\libc_nano.a(libc_a-nano-vfprintf_float.o)
                              (_printf_float)
D:/STM32/STM32CubeIde/STM32CubeIDE_2.0.0/STM32CubeIDE/plugins/com.st.stm32cube.ide.mcu.externaltools.gnu-tools-for-stm32.13.3.rel1.win32_1.0.100.202509120712/tools/bin/../lib/gcc/arm-none-eabi/13.3.1/../../../../arm-none-eabi/lib/thumb/v7e-m+fp/hard\libc_nano.a(libc_a-nano-vfprintf_i.o)
                              D:/STM32/STM32CubeIde/STM32CubeIDE_2.0.0/STM32CubeIDE/plugins/com.st.stm32cube.ide.mcu.externaltools.gnu-tools-for-stm32.13.3.rel1.win32_1.0.100.202509120712/tools/bin/../lib/gcc/arm-none-eabi/13.3.1/../../../../arm-none-eabi/lib/thumb/v7e-m+fp/hard\libc_nano.a(libc_a-nano-vfprintf_float.o) (_printf_common)
D:/STM32/STM32CubeIde/STM32CubeIDE_2.0.0/STM32CubeIDE/plugins/com.st.stm32cube.ide.mcu.externaltools.gnu-tools-for-stm32.13.3.rel1.win32_1.0.100.202509120712/tools/bin/../lib/gcc/arm-none-eabi/13.3.1/../../../../arm-none-eabi/lib/thumb/v7e-m+fp/hard\libc_nano.a(libc_a-findfp.o)
                              D:/STM32/STM32CubeIde/STM32CubeIDE_2.0.0/STM32CubeIDE/plugins/com.st.stm32cube.ide.mcu.externaltools.gnu-tools-for-stm32.13.3.rel1.win32_1.0.100.202509120712/tools/bin/../lib/gcc/arm-none-eabi/13.3.1/../../../../arm-none-eabi/lib/thumb/v7e-m+fp/hard\libc_nano.a(libc_a-exit.o) (__stdio_exit_handler)
D:/STM32/STM32CubeIde/STM32CubeIDE_2.0.0/STM32CubeIDE/plugins/com.st.stm32cube.ide.mcu.externaltools.gnu-tools-for-stm32.13.3.rel1.win32_1.0.100.202509120712/tools/bin/../lib/gcc/arm-none-eabi/13.3.1/../../../../arm-none-eabi/lib/thumb/v7e-m+fp/hard\libc_nano.a(libc_a-fwalk.o)
                              D:/STM32/STM32CubeIde/STM32CubeIDE_2.0.0/STM32CubeIDE/plugins/com.st.stm32cube.ide.mcu.externaltools.gnu-tools-for-stm32.13.3.rel1.win32_1.0.100.202509120712/tools/bin/../lib/gcc/arm-none-eabi/13.3.1/../../../../arm-none-eabi/lib/thumb/v7e-m+fp/hard\libc_nano.a(libc_a-findfp.o) (_fwalk_sglue)
D:/STM32/STM32CubeIde/STM32CubeIDE_2.0.0/STM32CubeIDE/plugins/com.st.stm32cube.ide.mcu.externaltools.gnu-tools-for-stm32.13.3.rel1.win32_1.0.100.202509120712/tools/bin/../lib/gcc/arm-none-eabi/13.3.1/../../../../arm-none-eabi/lib/thumb/v7e-m+fp/hard\libc_nano.a(libc_a-printf.o)
                              ./Core/Src/main.o (printf)
D:/STM32/STM32CubeIde/STM32CubeIDE_2.0.0/STM32CubeIDE/plugins/com.st.stm32cube.ide.mcu.externaltools.gnu-tools-for-stm32.13.3.rel1.win32_1.0.100.202509120712/tools/bin/../lib/gcc/arm-none-eabi/13.3.1/../../../../arm-none-eabi/lib/thumb/v7e-m+fp/hard\libc_nano.a(libc_a-stdio.o)
                              D:/STM32/STM32CubeIde/STM32CubeIDE_2.0.0/STM32CubeIDE/plugins/com.st.stm32cube.ide.mcu.externaltools.gnu-tools-for-stm32.13.3.rel1.win32_1.0.100.202509120712/tools/bin/../lib/gcc/arm-none-eabi/13.3.1/../../../../arm-none-eabi/lib/thumb/v7e-m+fp/hard\libc_nano.a(libc_a-findfp.o) (__sread)
D:/STM32/STM32CubeIde/STM32CubeIDE_2.0.0/STM32CubeIDE/plugins/com.st.stm32cube.ide.mcu.externaltools.gnu-tools-for-stm32.13.3.rel1.win32_1.0.100.202509120712/tools/bin/../lib/gcc/arm-none-eabi/13.3.1/../../../../arm-none-eabi/lib/thumb/v7e-m+fp/hard\libc_nano.a(libc_a-memcmp.o)
                              ./Middleware/ThirdParty/LMIC/lmic/lmic_compliance.o (memcmp)
D:/STM32/STM32CubeIde/STM32CubeIDE_2.0.0/STM32CubeIDE/plugins/com.st.stm32cube.ide.mcu.externaltools.gnu-tools-for-stm32.13.3.rel1.win32_1.0.100.202509120712/tools/bin/../lib/gcc/arm-none-eabi/13.3.1/../../../../arm-none-eabi/lib/thumb/v7e-m+fp/hard\libc_nano.a(libc_a-memset.o)
                              D:/STM32/STM32CubeIde/STM32CubeIDE_2.0.0/STM32CubeIDE/plugins/com.st.stm32cube.ide.mcu.externaltools.gnu-tools-for-stm32.13.3.rel1.win32_1.0.100.202509120712/tools/bin/../lib/gcc/arm-none-eabi/13.3.1/../../../../arm-none-eabi/lib/thumb/v7e-m+fp/hard/crt0.o (memset)
D:/STM32/STM32CubeIde/STM32CubeIDE_2.0.0/STM32CubeIDE/plugins/com.st.stm32cube.ide.mcu.externaltools.gnu-tools-for-stm32.13.3.rel1.win32_1.0.100.202509120712/tools/bin/../lib/gcc/arm-none-eabi/13.3.1/../../../../arm-none-eabi/lib/thumb/v7e-m+fp/hard\libc_nano.a(libc_a-localeconv.o)
[...]
Memory Configuration

Name             Origin             Length             Attributes
RAM              0x20000000         0x0000c000         xrw
RAM2             0x10000000         0x00004000         xrw
FLASH            0x08000000         0x00040000         xr
*default*        0x00000000         0xffffffff

Linker script and memory map

LOAD D:/STM32/STM32CubeIde/STM32CubeIDE_2.0.0/STM32CubeIDE/plugins/com.st.stm32cube.ide.mcu.externaltools.gnu-tools-for-stm32.13.3.rel1.win32_1.0.100.202509120712/tools/bin/../lib/gcc/arm-none-eabi/13.3.1/thumb/v7e-m+fp/hard/crti.o
LOAD D:/STM32/STM32CubeIde/STM32CubeIDE_2.0.0/STM32CubeIDE/plugins/com.st.stm32cube.ide.mcu.externaltools.gnu-tools-for-stm32.13.3.rel1.win32_1.0.100.202509120712/tools/bin/../lib/gcc/arm-none-eabi/13.3.1/thumb/v7e-m+fp/hard/crtbegin.o
LOAD D:/STM32/STM32CubeIde/STM32CubeIDE_2.0.0/STM32CubeIDE/plugins/com.st.stm32cube.ide.mcu.externaltools.gnu-tools-for-stm32.13.3.rel1.win32_1.0.100.202509120712/tools/bin/../lib/gcc/arm-none-eabi/13.3.1/../../../../arm-none-eabi/lib/thumb/v7e-m+fp/hard/crt0.o
LOAD ./Core/Src/main.o
LOAD ./Core/Src/stm32l4xx_hal_msp.o
LOAD ./Core/Src/stm32l4xx_it.o
LOAD ./Core/Src/syscalls.o
LOAD ./Core/Src/sysmem.o
LOAD ./Core/Src/system_stm32l4xx.o
LOAD ./Core/Startup/startup_stm32l432kcux.o
LOAD ./Drivers/STM32L4xx_HAL_Driver/Src/stm32l4xx_hal.o
LOAD ./Drivers/STM32L4xx_HAL_Driver/Src/stm32l4xx_hal_cortex.o
LOAD ./Drivers/STM32L4xx_HAL_Driver/Src/stm32l4xx_hal_dma.o
LOAD ./Drivers/STM32L4xx_HAL_Driver/Src/stm32l4xx_hal_dma_ex.o
LOAD ./Drivers/STM32L4xx_HAL_Driver/Src/stm32l4xx_hal_exti.o
LOAD ./Drivers/STM32L4xx_HAL_Driver/Src/stm32l4xx_hal_flash.o
LOAD ./Drivers/STM32L4xx_HAL_Driver/Src/stm32l4xx_hal_flash_ex.o
LOAD ./Drivers/STM32L4xx_HAL_Driver/Src/stm32l4xx_hal_flash_ramfunc.o
LOAD ./Drivers/STM32L4xx_HAL_Driver/Src/stm32l4xx_hal_gpio.o
LOAD ./Drivers/STM32L4xx_HAL_Driver/Src/stm32l4xx_hal_i2c.o
LOAD ./Drivers/STM32L4xx_HAL_Driver/Src/stm32l4xx_hal_i2c_ex.o
LOAD ./Drivers/STM32L4xx_HAL_Driver/Src/stm32l4xx_hal_pwr.o
LOAD ./Drivers/STM32L4xx_HAL_Driver/Src/stm32l4xx_hal_pwr_ex.o
LOAD ./Drivers/STM32L4xx_HAL_Driver/Src/stm32l4xx_hal_rcc.o
LOAD ./Drivers/STM32L4xx_HAL_Driver/Src/stm32l4xx_hal_rcc_ex.o
LOAD ./Drivers/STM32L4xx_HAL_Driver/Src/stm32l4xx_hal_spi.o
LOAD ./Drivers/STM32L4xx_HAL_Driver/Src/stm32l4xx_hal_spi_ex.o
LOAD ./Drivers/STM32L4xx_HAL_Driver/Src/stm32l4xx_hal_tim.o
LOAD ./Drivers/STM32L4xx_HAL_Driver/Src/stm32l4xx_hal_tim_ex.o
LOAD ./Drivers/STM32L4xx_HAL_Driver/Src/stm32l4xx_hal_uart.o
LOAD ./Drivers/STM32L4xx_HAL_Driver/Src/stm32l4xx_hal_uart_ex.o
LOAD ./Middleware/ThirdParty/LMIC/aes/ideetron/AES-128_V10.o
LOAD ./Middleware/ThirdParty/LMIC/aes/lmic.o
LOAD ./Middleware/ThirdParty/LMIC/aes/other.o
LOAD ./Middleware/ThirdParty/LMIC/hal/hal.o
LOAD ./Middleware/ThirdParty/LMIC/lmic/lmic.o
LOAD ./Middleware/ThirdParty/LMIC/lmic/lmic_as923.o
LOAD ./Middleware/ThirdParty/LMIC/lmic/lmic_au915.o
LOAD ./Middleware/ThirdParty/LMIC/lmic/lmic_channelshuffle.o
LOAD ./Middleware/ThirdParty/LMIC/lmic/lmic_compliance.o
LOAD ./Middleware/ThirdParty/LMIC/lmic/lmic_eu868.o
LOAD ./Middleware/ThirdParty/LMIC/lmic/lmic_eu_like.o
LOAD ./Middleware/ThirdParty/LMIC/lmic/lmic_in866.o
LOAD ./Middleware/ThirdParty/LMIC/lmic/lmic_kr920.o
LOAD ./Middleware/ThirdParty/LMIC/lmic/lmic_us915.o
LOAD ./Middleware/ThirdParty/LMIC/lmic/lmic_us_like.o
LOAD ./Middleware/ThirdParty/LMIC/lmic/lmic_util.o
LOAD ./Middleware/ThirdParty/LMIC/lmic/oslmic.o
LOAD ./Middleware/ThirdParty/LMIC/lmic/radio_sx126x.o
LOAD ./Middleware/ThirdParty/LMIC/lmic/radio_sx127x.o
LOAD ./Middleware/ThirdParty/LMIC/se/drivers/default/lmic_se_default.o
START GROUP
LOAD D:/STM32/STM32CubeIde/STM32CubeIDE_2.0.0/STM32CubeIDE/plugins/com.st.stm32cube.ide.mcu.externaltools.gnu-tools-for-stm32.13.3.rel1.win32_1.0.100.202509120712/tools/bin/../lib/gcc/arm-none-eabi/13.3.1/../../../../arm-none-eabi/lib/thumb/v7e-m+fp/hard\libc_nano.a
LOAD D:/STM32/STM32CubeIde/STM32CubeIDE_2.0.0/STM32CubeIDE/plugins/com.st.stm32cube.ide.mcu.externaltools.gnu-tools-for-stm32.13.3.rel1.win32_1.0.100.202509120712/tools/bin/../lib/gcc/arm-none-eabi/13.3.1/../../../../arm-none-eabi/lib/thumb/v7e-m+fp/hard\libm.a
END GROUP
START GROUP
LOAD D:/STM32/STM32CubeIde/STM32CubeIDE_2.0.0/STM32CubeIDE/plugins/com.st.stm32cube.ide.mcu.externaltools.gnu-tools-for-stm32.13.3.rel1.win32_1.0.100.202509120712/tools/bin/../lib/gcc/arm-none-eabi/13.3.1/thumb/v7e-m+fp/hard\libgcc.a
LOAD D:/STM32/STM32CubeIde/STM32CubeIDE_2.0.0/STM32CubeIDE/plugins/com.st.stm32cube.ide.mcu.externaltools.gnu-tools-for-stm32.13.3.rel1.win32_1.0.100.202509120712/tools/bin/../lib/gcc/arm-none-eabi/13.3.1/../../../../arm-none-eabi/lib/thumb/v7e-m+fp/hard\libc_nano.a
END GROUP
START GROUP
LOAD D:/STM32/STM32CubeIde/STM32CubeIDE_2.0.0/STM32CubeIDE/plugins/com.st.stm32cube.ide.mcu.externaltools.gnu-tools-for-stm32.13.3.rel1.win32_1.0.100.202509120712/tools/bin/../lib/gcc/arm-none-eabi/13.3.1/thumb/v7e-m+fp/hard\libgcc.a
LOAD D:/STM32/STM32CubeIde/STM32CubeIDE_2.0.0/STM32CubeIDE/plugins/com.st.stm32cube.ide.mcu.externaltools.gnu-tools-for-stm32.13.3.rel1.win32_1.0.100.202509120712/tools/bin/../lib/gcc/arm-none-eabi/13.3.1/../../../../arm-none-eabi/lib/thumb/v7e-m+fp/hard\libc_nano.a
LOAD D:/STM32/STM32CubeIde/STM32CubeIDE_2.0.0/STM32CubeIDE/plugins/com.st.stm32cube.ide.mcu.externaltools.gnu-tools-for-stm32.13.3.rel1.win32_1.0.100.202509120712/tools/bin/../lib/gcc/arm-none-eabi/13.3.1/../../../../arm-none-eabi/lib/thumb/v7e-m+fp/hard\libnosys.a
END GROUP
START GROUP
LOAD D:/STM32/STM32CubeIde/STM32CubeIDE_2.0.0/STM32CubeIDE/plugins/com.st.stm32cube.ide.mcu.externaltools.gnu-tools-for-stm32.13.3.rel1.win32_1.0.100.202509120712/tools/bin/../lib/gcc/arm-none-eabi/13.3.1/thumb/v7e-m+fp/hard\libgcc.a
LOAD D:/STM32/STM32CubeIde/STM32CubeIDE_2.0.0/STM32CubeIDE/plugins/com.st.stm32cube.ide.mcu.externaltools.gnu-tools-for-stm32.13.3.rel1.win32_1.0.100.202509120712/tools/bin/../lib/gcc/arm-none-eabi/13.3.1/../../../../arm-none-eabi/lib/thumb/v7e-m+fp/hard\libc_nano.a
LOAD D:/STM32/STM32CubeIde/STM32CubeIDE_2.0.0/STM32CubeIDE/plugins/com.st.stm32cube.ide.mcu.externaltools.gnu-tools-for-stm32.13.3.rel1.win32_1.0.100.202509120712/tools/bin/../lib/gcc/arm-none-eabi/13.3.1/../../../../arm-none-eabi/lib/thumb/v7e-m+fp/hard\libnosys.a
END GROUP
LOAD D:/STM32/STM32CubeIde/STM32CubeIDE_2.0.0/STM32CubeIDE/plugins/com.st.stm32cube.ide.mcu.externaltools.gnu-tools-for-stm32.13.3.rel1.win32_1.0.100.202509120712/tools/bin/../lib/gcc/arm-none-eabi/13.3.1/thumb/v7e-m+fp/hard/crtend.o
LOAD D:/STM32/STM32CubeIde/STM32CubeIDE_2.0.0/STM32CubeIDE/plugins/com.st.stm32cube.ide.mcu.externaltools.gnu-tools-for-stm32.13.3.rel1.win32_1.0.100.202509120712/tools/bin/../lib/gcc/arm-none-eabi/13.3.1/thumb/v7e-m+fp/hard/crtn.o
                0x2000c000                        _estack = (ORIGIN (RAM) + LENGTH (RAM))
                0x00000200                        _Min_Heap_Size = 0x200
                0x00000400                        _Min_Stack_Size = 0x400

.isr_vector     0x08000000      0x18c
                0x08000000                        . = ALIGN (0x4)
 *(.isr_vector)
 .isr_vector    0x08000000      0x18c ./Core/Startup/startup_stm32l432kcux.o
                0x08000000                g_pfnVectors
                0x0800018c                        . = ALIGN (0x4)

.text           0x08000190     0xf200
                0x08000190                        . = ALIGN (0x4)
 *(.text)
 .text          0x08000190       0x40 D:/STM32/STM32CubeIde/STM32CubeIDE_2.0.0/STM32CubeIDE/plugins/com.st.stm32cube.ide.mcu.externaltools.gnu-tools-for-stm32.13.3.rel1.win32_1.0.100.202509120712/tools/bin/../lib/gcc/arm-none-eabi/13.3.1/thumb/v7e-m+fp/hard/crtbegin.o
 .text          0x080001d0       0xa0 D:/STM32/STM32CubeIde/STM32CubeIDE_2.0.0/STM32CubeIDE/plugins/com.st.stm32cube.ide.mcu.externaltools.gnu-tools-for-stm32.13.3.rel1.win32_1.0.100.202509120712/tools/bin/../lib/gcc/arm-none-eabi/13.3.1/../../../../arm-none-eabi/lib/thumb/v7e-m+fp/hard\libc_nano.a(libc_a-memchr.o)
                0x080001d0                memchr
 .text          0x08000270       0x10 D:/STM32/STM32CubeIde/STM32CubeIDE_2.0.0/STM32CubeIDE/plugins/com.st.stm32cube.ide.mcu.externaltools.gnu-tools-for-stm32.13.3.rel1.win32_1.0.100.202509120712/tools/bin/../lib/gcc/arm-none-eabi/13.3.1/../../../../arm-none-eabi/lib/thumb/v7e-m+fp/hard\libc_nano.a(libc_a-strlen.o)
                0x08000270                strlen
 .text          0x08000280      0x378 D:/STM32/STM32CubeIde/STM32CubeIDE_2.0.0/STM32CubeIDE/plugins/com.st.stm32cube.ide.mcu.externaltools.gnu-tools-for-stm32.13.3.rel1.win32_1.0.100.202509120712/tools/bin/../lib/gcc/arm-none-eabi/13.3.1/thumb/v7e-m+fp/hard\libgcc.a(_arm_addsubdf3.o)
                0x08000280                __aeabi_drsub
                0x08000288                __aeabi_dsub
                0x08000288                __subdf3
                0x0800028c                __aeabi_dadd
                0x0800028c                __adddf3
                0x08000504                __floatunsidf
                0x08000504                __aeabi_ui2d
                0x08000524                __floatsidf
                0x08000524                __aeabi_i2d
                0x08000548                __aeabi_f2d
                0x08000548                __extendsfdf2
                0x0800058c                __floatundidf
                0x0800058c                __aeabi_ul2d
                0x0800059c                __floatdidf
                0x0800059c                __aeabi_l2d
 .text          0x080005f8      0x424 D:/STM32/STM32CubeIde/STM32CubeIDE_2.0.0/STM32CubeIDE/plugins/com.st.stm32cube.ide.mcu.externaltools.gnu-tools-for-stm32.13.3.rel1.win32_1.0.100.202509120712/tools/bin/../lib/gcc/arm-none-eabi/13.3.1/thumb/v7e-m+fp/hard\libgcc.a(_arm_muldivdf3.o)
                0x080005f8                __aeabi_dmul
                0x080005f8                __muldf3
                0x0800084c                __divdf3
                0x0800084c                __aeabi_ddiv
 .text          0x08000a1c      0x110 D:/STM32/STM32CubeIde/STM32CubeIDE_2.0.0/STM32CubeIDE/plugins/com.st.stm32cube.ide.mcu.externaltools.gnu-tools-for-stm32.13.3.rel1.win32_1.0.100.202509120712/tools/bin/../lib/gcc/arm-none-eabi/13.3.1/thumb/v7e-m+fp/hard\libgcc.a(_arm_cmpdf2.o)
                0x08000a1c                __gtdf2
                0x08000a1c                __gedf2
                0x08000a24                __ltdf2
                0x08000a24                __ledf2
                0x08000a2c                __nedf2
                0x08000a2c                __eqdf2
                0x08000a2c                __cmpdf2
                0x08000aa8                __aeabi_cdrcmple
                0x08000ab8                __aeabi_cdcmpeq
                0x08000ab8                __aeabi_cdcmple
                0x08000ac8                __aeabi_dcmpeq
                0x08000adc                __aeabi_dcmplt
                0x08000af0                __aeabi_dcmple
                0x08000b04                __aeabi_dcmpge
                0x08000b18                __aeabi_dcmpgt
 .text          0x08000b2c       0x2c D:/STM32/STM32CubeIde/STM32CubeIDE_2.0.0/STM32CubeIDE/plugins/com.st.stm32cube.ide.mcu.externaltools.gnu-tools-for-stm32.13.3.rel1.win32_1.0.100.202509120712/tools/bin/../lib/gcc/arm-none-eabi/13.3.1/thumb/v7e-m+fp/hard\libgcc.a(_arm_unorddf2.o)
                0x08000b2c                __unorddf2
                0x08000b2c                __aeabi_dcmpun
 .text          0x08000b58       0x50 D:/STM32/STM32CubeIde/STM32CubeIDE_2.0.0/STM32CubeIDE/plugins/com.st.stm32cube.ide.mcu.externaltools.gnu-tools-for-stm32.13.3.rel1.win32_1.0.100.202509120712/tools/bin/../lib/gcc/arm-none-eabi/13.3.1/thumb/v7e-m+fp/hard\libgcc.a(_arm_fixdfsi.o)
                0x08000b58                __aeabi_d2iz
                0x08000b58                __fixdfsi
 .text          0x08000ba8       0xa0 D:/STM32/STM32CubeIde/STM32CubeIDE_2.0.0/STM32CubeIDE/plugins/com.st.stm32cube.ide.mcu.externaltools.gnu-tools-for-stm32.13.3.rel1.win32_1.0.100.202509120712/tools/bin/../lib/gcc/arm-none-eabi/13.3.1/thumb/v7e-m+fp/hard\libgcc.a(_aeabi_ldivmod.o)
                0x08000ba8                __aeabi_ldivmod
 .text          0x08000c48       0x30 D:/STM32/STM32CubeIde/STM32CubeIDE_2.0.0/STM32CubeIDE/plugins/com.st.stm32cube.ide.mcu.externaltools.gnu-tools-for-stm32.13.3.rel1.win32_1.0.100.202509120712/tools/bin/../lib/gcc/arm-none-eabi/13.3.1/thumb/v7e-m+fp/hard\libgcc.a(_aeabi_uldivmod.o)
                0x08000c48                __aeabi_uldivmod
 .text          0x08000c78      0x2f8 D:/STM32/STM32CubeIde/STM32CubeIDE_2.0.0/STM32CubeIDE/plugins/com.st.stm32cube.ide.mcu.externaltools.gnu-tools-for-stm32.13.3.rel1.win32_1.0.100.202509120712/tools/bin/../lib/gcc/arm-none-eabi/13.3.1/thumb/v7e-m+fp/hard\libgcc.a(_udivmoddi4.o)
                0x08000c78                __udivmoddi4
 .text          0x08000f70        0x4 D:/STM32/STM32CubeIde/STM32CubeIDE_2.0.0/STM32CubeIDE/plugins/com.st.stm32cube.ide.mcu.externaltools.gnu-tools-for-stm32.13.3.rel1.win32_1.0.100.202509120712/tools/bin/../lib/gcc/arm-none-eabi/13.3.1/thumb/v7e-m+fp/hard\libgcc.a(_dvmd_tls.o)
                0x08000f70                __aeabi_idiv0
                0x08000f70                __aeabi_ldiv0
 *(.text*)
 .text.os_getArtEui
                0x08000f74       0x20 ./Core/Src/main.o
                0x08000f74                os_getArtEui
 .text.os_getDevEui
                0x08000f94       0x20 ./Core/Src/main.o
                0x08000f94                os_getDevEui
 .text.os_getDevKey
                0x08000fb4       0x20 ./Core/Src/main.o
                0x08000fb4                os_getDevKey
 .text.do_send  0x08000fd4       0x34 ./Core/Src/main.o
                0x08000fd4                do_send
 .text.process_downlink
                0x08001008      0x210 ./Core/Src/main.o
                0x08001008                process_downlink
 .text.onEvent  0x08001218       0x94 ./Core/Src/main.o
                0x08001218                onEvent
 .text.main     0x080012ac       0x3c ./Core/Src/main.o
                0x080012ac                main
 .text.SystemClock_Config
                0x080012e8       0xa2 ./Core/Src/main.o
                0x080012e8                SystemClock_Config
 *fill*         0x0800138a        0x2 
 .text.MX_SPI1_Init
                0x0800138c       0x7c ./Core/Src/main.o
 .text.MX_TIM2_Init
                0x08001408       0x9c ./Core/Src/main.o
 .text.MX_USART2_UART_Init
                0x080014a4       0x60 ./Core/Src/main.o
 .text.MX_GPIO_Init
                0x08001504       0xdc ./Core/Src/main.o
 .text.__io_putchar
                0x080015e0       0x24 ./Core/Src/main.o
                0x080015e0                __io_putchar
 .text.Error_Handler
                0x08001604        0xc ./Core/Src/main.o
                0x08001604                Error_Handler
 .text.HAL_MspInit
                0x08001610       0x48 ./Core/Src/stm32l4xx_hal_msp.o
                0x08001610                HAL_MspInit
 .text.HAL_SPI_MspInit
                0x08001658       0x84 ./Core/Src/stm32l4xx_hal_msp.o
                0x08001658                HAL_SPI_MspInit
 .text.HAL_TIM_Base_MspInit
                0x080016dc       0x80 ./Core/Src/stm32l4xx_hal_msp.o
                0x080016dc                HAL_TIM_Base_MspInit
 .text.HAL_UART_MspInit
                0x0800175c       0xd4 ./Core/Src/stm32l4xx_hal_msp.o
                0x0800175c                HAL_UART_MspInit
 .text.NMI_Handler
                0x08001830        0x8 ./Core/Src/stm32l4xx_it.o
                0x08001830                NMI_Handler
 .text.HardFault_Handler
                0x08001838        0x8 ./Core/Src/stm32l4xx_it.o
                0x08001838                HardFault_Handler
 .text.MemManage_Handler
                0x08001840        0x8 ./Core/Src/stm32l4xx_it.o
                0x08001840                MemManage_Handler
 .text.BusFault_Handler
                0x08001848        0x8 ./Core/Src/stm32l4xx_it.o
                0x08001848                BusFault_Handler
 .text.UsageFault_Handler
                0x08001850        0x8 ./Core/Src/stm32l4xx_it.o
                0x08001850                UsageFault_Handler
 .text.SVC_Handler
                0x08001858        0xe ./Core/Src/stm32l4xx_it.o
                0x08001858                SVC_Handler
 .text.DebugMon_Handler
                0x08001866        0xe ./Core/Src/stm32l4xx_it.o
                0x08001866                DebugMon_Handler
 .text.PendSV_Handler
                0x08001874        0xe ./Core/Src/stm32l4xx_it.o
                0x08001874                PendSV_Handler
 .text.SysTick_Handler
                0x08001882        0xc ./Core/Src/stm32l4xx_it.o
                0x08001882                SysTick_Handler
 .text._getpid  0x0800188e       0x10 ./Core/Src/syscalls.o
                0x0800188e                _getpid
 .text._kill    0x0800189e       0x20 ./Core/Src/syscalls.o
                0x0800189e                _kill
 .text._exit    0x080018be       0x16 ./Core/Src/syscalls.o
                0x080018be                _exit
 .text._read    0x080018d4       0x3a ./Core/Src/syscalls.o
                0x080018d4                _read
 .text._write   0x0800190e       0x38 ./Core/Src/syscalls.o
                0x0800190e                _write
 .text._close   0x08001946       0x18 ./Core/Src/syscalls.o
                0x08001946                _close
 .text._fstat   0x0800195e       0x20 ./Core/Src/syscalls.o
                0x0800195e                _fstat
 .text._isatty  0x0800197e       0x16 ./Core/Src/syscalls.o
                0x0800197e                _isatty
 .text._lseek   0x08001994       0x1a ./Core/Src/syscalls.o
                0x08001994                _lseek
 *fill*         0x080019ae        0x2 
 .text._sbrk    0x080019b0       0x6c ./Core/Src/sysmem.o
                0x080019b0                _sbrk
 .text.SystemInit
                0x08001a1c       0x24 ./Core/Src/system_stm32l4xx.o
                0x08001a1c                SystemInit
 .text.Reset_Handler
                0x08001a40       0x50 ./Core/Startup/startup_stm32l432kcux.o
                0x08001a40                Reset_Handler
 .text.Default_Handler
                0x08001a90        0x2 ./Core/Startup/startup_stm32l432kcux.o
                0x08001a90                RTC_Alarm_IRQHandler
                0x08001a90                EXTI2_IRQHandler
                0x08001a90                TIM1_CC_IRQHandler
                0x08001a90                TSC_IRQHandler
                0x08001a90                TAMP_STAMP_IRQHandler
                0x08001a90                EXTI3_IRQHandler
                0x08001a90                LPTIM2_IRQHandler
                0x08001a90                I2C3_ER_IRQHandler
                0x08001a90                EXTI0_IRQHandler
                0x08001a90                CAN1_RX0_IRQHandler
                0x08001a90                FPU_IRQHandler
                0x08001a90                TIM1_UP_TIM16_IRQHandler
                0x08001a90                SPI1_IRQHandler
                0x08001a90                TIM6_DAC_IRQHandler
                0x08001a90                DMA2_Channel2_IRQHandler
                0x08001a90                DMA1_Channel4_IRQHandler
                0x08001a90                ADC1_IRQHandler
                0x08001a90                DMA1_Channel7_IRQHandler
                0x08001a90                CAN1_RX1_IRQHandler
                0x08001a90                DMA2_Channel1_IRQHandler
                0x08001a90                QUADSPI_IRQHandler
                0x08001a90                I2C1_EV_IRQHandler
                0x08001a90                DMA1_Channel6_IRQHandler
                0x08001a90                DMA2_Channel4_IRQHandler
                0x08001a90                RCC_IRQHandler
                0x08001a90                TIM1_TRG_COM_IRQHandler
                0x08001a90                DMA1_Channel1_IRQHandler
                0x08001a90                Default_Handler
                0x08001a90                DMA2_Channel7_IRQHandler
                0x08001a90                EXTI15_10_IRQHandler
                0x08001a90                TIM7_IRQHandler
                0x08001a90                I2C3_EV_IRQHandler
                0x08001a90                USB_IRQHandler
                0x08001a90                EXTI9_5_IRQHandler
                0x08001a90                RTC_WKUP_IRQHandler
                0x08001a90                PVD_PVM_IRQHandler
                0x08001a90                CAN1_TX_IRQHandler
                0x08001a90                DMA2_Channel5_IRQHandler
                0x08001a90                CRS_IRQHandler
                0x08001a90                DMA1_Channel5_IRQHandler
                0x08001a90                EXTI4_IRQHandler
                0x08001a90                RNG_IRQHandler
                0x08001a90                DMA1_Channel3_IRQHandler
                0x08001a90                COMP_IRQHandler
                0x08001a90                WWDG_IRQHandler
                0x08001a90                LPUART1_IRQHandler
                0x08001a90                DMA2_Channel6_IRQHandler
                0x08001a90                TIM2_IRQHandler
                0x08001a90                EXTI1_IRQHandler
                0x08001a90                USART2_IRQHandler
                0x08001a90                DMA1_Channel2_IRQHandler
                0x08001a90                CAN1_SCE_IRQHandler
                0x08001a90                FLASH_IRQHandler
                0x08001a90                USART1_IRQHandler
                0x08001a90                SPI3_IRQHandler
                0x08001a90                I2C1_ER_IRQHandler
                0x08001a90                SWPMI1_IRQHandler
                0x08001a90                LPTIM1_IRQHandler
                0x08001a90                SAI1_IRQHandler
                0x08001a90                DMA2_Channel3_IRQHandler
                0x08001a90                TIM1_BRK_TIM15_IRQHandler
 .text.HAL_Init
                0x08001a92       0x30 ./Drivers/STM32L4xx_HAL_Driver/Src/stm32l4xx_hal.o
                0x08001a92                HAL_Init
 *fill*         0x08001ac2        0x2 
 .text.HAL_InitTick
                0x08001ac4       0x78 ./Drivers/STM32L4xx_HAL_Driver/Src/stm32l4xx_hal.o
                0x08001ac4                HAL_InitTick
 .text.HAL_IncTick
                0x08001b3c       0x28 ./Drivers/STM32L4xx_HAL_Driver/Src/stm32l4xx_hal.o
                0x08001b3c                HAL_IncTick
 .text.HAL_GetTick
                0x08001b64       0x18 ./Drivers/STM32L4xx_HAL_Driver/Src/stm32l4xx_hal.o
                0x08001b64                HAL_GetTick
 .text.__NVIC_SetPriorityGrouping
                0x08001b7c       0x48 ./Drivers/STM32L4xx_HAL_Driver/Src/stm32l4xx_hal_cortex.o
 .text.__NVIC_GetPriorityGrouping
                0x08001bc4       0x1c ./Drivers/STM32L4xx_HAL_Driver/Src/stm32l4xx_hal_cortex.o
 .text.__NVIC_SetPriority
                0x08001be0       0x54 ./Drivers/STM32L4xx_HAL_Driver/Src/stm32l4xx_hal_cortex.o
 .text.NVIC_EncodePriority
                0x08001c34       0x66 ./Drivers/STM32L4xx_HAL_Driver/Src/stm32l4xx_hal_cortex.o
 *fill*         0x08001c9a        0x2 
 .text.SysTick_Config
                0x08001c9c       0x44 ./Drivers/STM32L4xx_HAL_Driver/Src/stm32l4xx_hal_cortex.o
 .text.HAL_NVIC_SetPriorityGrouping
                0x08001ce0       0x16 ./Drivers/STM32L4xx_HAL_Driver/Src/stm32l4xx_hal_cortex.o
                0x08001ce0                HAL_NVIC_SetPriorityGrouping
 .text.HAL_NVIC_SetPriority
                0x08001cf6       0x38 ./Drivers/STM32L4xx_HAL_Driver/Src/stm32l4xx_hal_cortex.o
                0x08001cf6                HAL_NVIC_SetPriority
 .text.HAL_SYSTICK_Config
                0x08001d2e       0x18 ./Drivers/STM32L4xx_HAL_Driver/Src/stm32l4xx_hal_cortex.o
                0x08001d2e                HAL_SYSTICK_Config
 *fill*         0x08001d46        0x2 
 .text.HAL_GPIO_Init
                0x08001d48      0x2d4 ./Drivers/STM32L4xx_HAL_Driver/Src/stm32l4xx_hal_gpio.o
                0x08001d48                HAL_GPIO_Init
 .text.HAL_GPIO_ReadPin
                0x0800201c       0x30 ./Drivers/STM32L4xx_HAL_Driver/Src/stm32l4xx_hal_gpio.o
                0x0800201c                HAL_GPIO_ReadPin
 .text.HAL_GPIO_WritePin
                0x0800204c       0x30 ./Drivers/STM32L4xx_HAL_Driver/Src/stm32l4xx_hal_gpio.o
                0x0800204c                HAL_GPIO_WritePin
 .text.HAL_PWREx_GetVoltageRange
                0x0800207c       0x1c ./Drivers/STM32L4xx_HAL_Driver/Src/stm32l4xx_hal_pwr_ex.o
                0x0800207c                HAL_PWREx_GetVoltageRange
 .text.HAL_PWREx_ControlVoltageScaling
                0x08002098       0xac ./Drivers/STM32L4xx_HAL_Driver/Src/stm32l4xx_hal_pwr_ex.o
                0x08002098                HAL_PWREx_ControlVoltageScaling
 .text.HAL_RCC_OscConfig
                0x08002144      0x828 ./Drivers/STM32L4xx_HAL_Driver/Src/stm32l4xx_hal_rcc.o
                0x08002144                HAL_RCC_OscConfig
 .text.HAL_RCC_ClockConfig
                0x0800296c      0x200 ./Drivers/STM32L4xx_HAL_Driver/Src/stm32l4xx_hal_rcc.o
                0x0800296c                HAL_RCC_ClockConfig
 .text.HAL_RCC_GetSysClockFreq
                0x08002b6c      0x118 ./Drivers/STM32L4xx_HAL_Driver/Src/stm32l4xx_hal_rcc.o
                0x08002b6c                HAL_RCC_GetSysClockFreq
 .text.HAL_RCC_GetHCLKFreq
                0x08002c84       0x18 ./Drivers/STM32L4xx_HAL_Driver/Src/stm32l4xx_hal_rcc.o
                0x08002c84                HAL_RCC_GetHCLKFreq
 .text.HAL_RCC_GetPCLK1Freq
                0x08002c9c       0x2c ./Drivers/STM32L4xx_HAL_Driver/Src/stm32l4xx_hal_rcc.o
                0x08002c9c                HAL_RCC_GetPCLK1Freq
 .text.HAL_RCC_GetPCLK2Freq
                0x08002cc8       0x2c ./Drivers/STM32L4xx_HAL_Driver/Src/stm32l4xx_hal_rcc.o
                0x08002cc8                HAL_RCC_GetPCLK2Freq
 .text.RCC_SetFlashLatencyFromMSIRange
                0x08002cf4       0xc0 ./Drivers/STM32L4xx_HAL_Driver/Src/stm32l4xx_hal_rcc.o
 .text.HAL_RCCEx_PeriphCLKConfig
                0x08002db4      0x3ec ./Drivers/STM32L4xx_HAL_Driver/Src/stm32l4xx_hal_rcc_ex.o
                0x08002db4                HAL_RCCEx_PeriphCLKConfig
 .text.RCCEx_PLLSAI1_Config
                0x080031a0      0x1e4 ./Drivers/STM32L4xx_HAL_Driver/Src/stm32l4xx_hal_rcc_ex.o
 .text.HAL_SPI_Init
                0x08003384      0x146 ./Drivers/STM32L4xx_HAL_Driver/Src/stm32l4xx_hal_spi.o
                0x08003384                HAL_SPI_Init
 .text.HAL_SPI_Transmit
                0x080034ca      0x2ec ./Drivers/STM32L4xx_HAL_Driver/Src/stm32l4xx_hal_spi.o
                0x080034ca                HAL_SPI_Transmit
 .text.HAL_SPI_Receive
                0x080037b6      0x270 ./Drivers/STM32L4xx_HAL_Driver/Src/stm32l4xx_hal_spi.o
                0x080037b6                HAL_SPI_Receive
 .text.HAL_SPI_TransmitReceive
                0x08003a26      0x43e ./Drivers/STM32L4xx_HAL_Driver/Src/stm32l4xx_hal_spi.o
                0x08003a26                HAL_SPI_TransmitReceive
 .text.SPI_WaitFlagStateUntilTimeout
                0x08003e64      0x110 ./Drivers/STM32L4xx_HAL_Driver/Src/stm32l4xx_hal_spi.o
 .text.SPI_WaitFifoStateUntilTimeout
                0x08003f74      0x12c ./Drivers/STM32L4xx_HAL_Driver/Src/stm32l4xx_hal_spi.o
 .text.SPI_EndRxTransaction
                0x080040a0       0xb0 ./Drivers/STM32L4xx_HAL_Driver/Src/stm32l4xx_hal_spi.o
 .text.SPI_EndRxTxTransaction
                0x08004150       0x8c ./Drivers/STM32L4xx_HAL_Driver/Src/stm32l4xx_hal_spi.o
 .text.HAL_TIM_Base_Init
                0x080041dc       0xae ./Drivers/STM32L4xx_HAL_Driver/Src/stm32l4xx_hal_tim.o
                0x080041dc                HAL_TIM_Base_Init
 *fill*         0x0800428a        0x2 
 .text.HAL_TIM_Base_Start
                0x0800428c       0x98 ./Drivers/STM32L4xx_HAL_Driver/Src/stm32l4xx_hal_tim.o
                0x0800428c                HAL_TIM_Base_Start
 .text.HAL_TIM_ConfigClockSource
                0x08004324      0x192 ./Drivers/STM32L4xx_HAL_Driver/Src/stm32l4xx_hal_tim.o
                0x08004324                HAL_TIM_ConfigClockSource
 *fill*         0x080044b6        0x2 
 .text.TIM_Base_SetConfig
                0x080044b8       0xd4 ./Drivers/STM32L4xx_HAL_Driver/Src/stm32l4xx_hal_tim.o
                0x080044b8                TIM_Base_SetConfig
 .text.TIM_TI1_ConfigInputStage
                0x0800458c       0x90 ./Drivers/STM32L4xx_HAL_Driver/Src/stm32l4xx_hal_tim.o
 .text.TIM_TI2_ConfigInputStage
                0x0800461c       0x78 ./Drivers/STM32L4xx_HAL_Driver/Src/stm32l4xx_hal_tim.o
 .text.TIM_ITRx_SetConfig
                0x08004694       0x36 ./Drivers/STM32L4xx_HAL_Driver/Src/stm32l4xx_hal_tim.o
 .text.TIM_ETR_SetConfig
                0x080046ca       0x40 ./Drivers/STM32L4xx_HAL_Driver/Src/stm32l4xx_hal_tim.o
                0x080046ca                TIM_ETR_SetConfig
 *fill*         0x0800470a        0x2 
 .text.HAL_TIMEx_MasterConfigSynchronization
                0x0800470c       0xcc ./Drivers/STM32L4xx_HAL_Driver/Src/stm32l4xx_hal_tim_ex.o
                0x0800470c                HAL_TIMEx_MasterConfigSynchronization
 .text.HAL_UART_Init
                0x080047d8       0x9c ./Drivers/STM32L4xx_HAL_Driver/Src/stm32l4xx_hal_uart.o
                0x080047d8                HAL_UART_Init
 .text.HAL_UART_Transmit
                0x08004874      0x126 ./Drivers/STM32L4xx_HAL_Driver/Src/stm32l4xx_hal_uart.o
                0x08004874                HAL_UART_Transmit
 *fill*         0x0800499a        0x2 
 .text.UART_SetConfig
                0x0800499c      0x458 ./Drivers/STM32L4xx_HAL_Driver/Src/stm32l4xx_hal_uart.o
                0x0800499c                UART_SetConfig
 .text.UART_AdvFeatureConfig
                0x08004df4      0x144 ./Drivers/STM32L4xx_HAL_Driver/Src/stm32l4xx_hal_uart.o
                0x08004df4                UART_AdvFeatureConfig
 .text.UART_CheckIdleState
                0x08004f38      0x150 ./Drivers/STM32L4xx_HAL_Driver/Src/stm32l4xx_hal_uart.o
                0x08004f38                UART_CheckIdleState
 .text.UART_WaitOnFlagUntilTimeout
                0x08005088       0xda ./Drivers/STM32L4xx_HAL_Driver/Src/stm32l4xx_hal_uart.o
                0x08005088                UART_WaitOnFlagUntilTimeout
 .text.UART_EndRxTransfer
                0x08005162       0xc8 ./Drivers/STM32L4xx_HAL_Driver/Src/stm32l4xx_hal_uart.o
 .text.table_get_u1
                0x0800522a       0x1e ./Middleware/ThirdParty/LMIC/aes/ideetron/AES-128_V10.o
 .text.lmic_aes_encrypt
                0x08005248      0x1b8 ./Middleware/ThirdParty/LMIC/aes/ideetron/AES-128_V10.o
                0x08005248                lmic_aes_encrypt
 .text.AES_Add_Round_Key
                0x08005400       0x70 ./Middleware/ThirdParty/LMIC/aes/ideetron/AES-128_V10.o
 .text.AES_Sub_Byte
                0x08005470       0x3c ./Middleware/ThirdParty/LMIC/aes/ideetron/AES-128_V10.o
 .text.AES_Shift_Rows
                0x080054ac       0x88 ./Middleware/ThirdParty/LMIC/aes/ideetron/AES-128_V10.o
 .text.AES_Mix_Collums
                0x08005534      0x12c ./Middleware/ThirdParty/LMIC/aes/ideetron/AES-128_V10.o
 .text.AES_Calculate_Round_Key
                0x08005660      0x126 ./Middleware/ThirdParty/LMIC/aes/ideetron/AES-128_V10.o
 .text.shift_left
                0x08005786       0x58 ./Middleware/ThirdParty/LMIC/aes/other.o
 *fill*         0x080057de        0x2 
 .text.os_aes_cmac
                0x080057e0      0x150 ./Middleware/ThirdParty/LMIC/aes/other.o
 .text.os_aes_ctr
                0x08005930       0x88 ./Middleware/ThirdParty/LMIC/aes/other.o
 .text.os_aes_generic
                0x080059b8       0x90 ./Middleware/ThirdParty/LMIC/aes/other.o
                0x080059b8                os_aes_generic
 .text.lmic_hal_init
                0x08005a48       0x14 ./Middleware/ThirdParty/LMIC/hal/hal.o
                0x08005a48                lmic_hal_init
 .text.lmic_hal_init_ex
                0x08005a5c       0x14 ./Middleware/ThirdParty/LMIC/hal/hal.o
                0x08005a5c                lmic_hal_init_ex
 .text.lmic_hal_failed
                0x08005a70       0x2c ./Middleware/ThirdParty/LMIC/hal/hal.o
                0x08005a70                lmic_hal_failed
 .text.lmic_hal_pin_rxtx
                0x08005a9c       0x16 ./Middleware/ThirdParty/LMIC/hal/hal.o
                0x08005a9c                lmic_hal_pin_rxtx
 .text.lmic_hal_pin_rst
                0x08005ab2       0x94 ./Middleware/ThirdParty/LMIC/hal/hal.o
                0x08005ab2                lmic_hal_pin_rst
 *fill*         0x08005b46        0x2 
 .text.nss_select
                0x08005b48       0x2c ./Middleware/ThirdParty/LMIC/hal/hal.o
 .text.lmic_hal_spi_write
                0x08005b74       0x48 ./Middleware/ThirdParty/LMIC/hal/hal.o
                0x08005b74                lmic_hal_spi_write
 .text.lmic_hal_spi_read
                0x08005bbc       0x54 ./Middleware/ThirdParty/LMIC/hal/hal.o
                0x08005bbc                lmic_hal_spi_read
 .text.lmic_hal_ticks
                0x08005c10       0x58 ./Middleware/ThirdParty/LMIC/hal/hal.o
                0x08005c10                lmic_hal_ticks
 .text.lmic_hal_waitUntil
                0x08005c68       0x3a ./Middleware/ThirdParty/LMIC/hal/hal.o
                0x08005c68                lmic_hal_waitUntil
 .text.lmic_hal_checkTimer
                0x08005ca2       0x24 ./Middleware/ThirdParty/LMIC/hal/hal.o
                0x08005ca2                lmic_hal_checkTimer
 *fill*         0x08005cc6        0x2 
 .text.lmic_hal_disableIRQs
                0x08005cc8       0x24 ./Middleware/ThirdParty/LMIC/hal/hal.o
                0x08005cc8                lmic_hal_disableIRQs
 .text.lmic_hal_enableIRQs
                0x08005cec       0x2c ./Middleware/ThirdParty/LMIC/hal/hal.o
                0x08005cec                lmic_hal_enableIRQs
 .text.lmic_hal_processPendingIRQs
                0x08005d18       0x44 ./Middleware/ThirdParty/LMIC/hal/hal.o
                0x08005d18                lmic_hal_processPendingIRQs
 .text.lmic_hal_sleep
                0x08005d5c        0xe ./Middleware/ThirdParty/LMIC/hal/hal.o
                0x08005d5c                lmic_hal_sleep
 .text.lmic_hal_getRssiCal
                0x08005d6a       0x10 ./Middleware/ThirdParty/LMIC/hal/hal.o
                0x08005d6a                lmic_hal_getRssiCal
 .text.lmic_hal_setModuleActive
                0x08005d7a       0x18 ./Middleware/ThirdParty/LMIC/hal/hal.o
                0x08005d7a                lmic_hal_setModuleActive
 .text.lmic_hal_queryUsingTcxo
                0x08005d92       0x10 ./Middleware/ThirdParty/LMIC/hal/hal.o
                0x08005d92                lmic_hal_queryUsingTcxo
 .text.lmic_hal_getTxPowerPolicy
                0x08005da2       0x1e ./Middleware/ThirdParty/LMIC/hal/hal.o
                0x08005da2                lmic_hal_getTxPowerPolicy
 .text.table_get_u1
                0x08005dc0       0x1e ./Middleware/ThirdParty/LMIC/lmic/lmic.o
 .text.getSf    0x08005dde       0x20 ./Middleware/ThirdParty/LMIC/lmic/lmic.o
 .text.getBw    0x08005dfe       0x24 ./Middleware/ThirdParty/LMIC/lmic/lmic.o
 .text.getCr    0x08005e22       0x24 ./Middleware/ThirdParty/LMIC/lmic/lmic.o
 .text.setCr    0x08005e46       0x34 ./Middleware/ThirdParty/LMIC/lmic/lmic.o
 .text.getNocrc
                0x08005e7a       0x20 ./Middleware/ThirdParty/LMIC/lmic/lmic.o
 .text.setNocrc
                0x08005e9a       0x30 ./Middleware/ThirdParty/LMIC/lmic/lmic.o
 .text.getIh    0x08005eca       0x1e ./Middleware/ThirdParty/LMIC/lmic/lmic.o
 .text.LMIC_txrxFlags_isClassC
                0x08005ee8       0x26 ./Middleware/ThirdParty/LMIC/lmic/lmic.o
 .text.LMIC_txrxFlags_isRx1
                0x08005f0e       0x26 ./Middleware/ThirdParty/LMIC/lmic/lmic.o
 .text.LMIC_txrxFlags_isRx2
                0x08005f34       0x26 ./Middleware/ThirdParty/LMIC/lmic/lmic.o
 .text.LMIC_txrxFlags_isClassA
                0x08005f5a       0x36 ./Middleware/ThirdParty/LMIC/lmic/lmic.o
 .text.LMIC_txrxFlags_setClassC
                0x08005f90       0x28 ./Middleware/ThirdParty/LMIC/lmic/lmic.o
 .text.LMIC_BEACON_SUCCESSFUL
                0x08005fb8       0x1c ./Middleware/ThirdParty/LMIC/lmic/lmic.o
 .text.LMICas923_isValidBeacon1
                0x08005fd4       0x32 ./Middleware/ThirdParty/LMIC/lmic/lmic.o
 .text.LMICas923_queryMaxRx1DrOffset
                0x08006006       0x10 ./Middleware/ThirdParty/LMIC/lmic/lmic.o
 .text.validDR  0x08006016       0x1c ./Middleware/ThirdParty/LMIC/lmic/lmic.o
 *fill*         0x08006032        0x2 
 .text.updr2rps
                0x08006034       0x24 ./Middleware/ThirdParty/LMIC/lmic/lmic.o
 .text.dndr2rps
                0x08006058       0x26 ./Middleware/ThirdParty/LMIC/lmic/lmic.o
 *fill*         0x0800607e        0x2 
 .text.incDR    0x08006080       0x34 ./Middleware/ThirdParty/LMIC/lmic/lmic.o
 .text.decDR    0x080060b4       0x30 ./Middleware/ThirdParty/LMIC/lmic/lmic.o
 .text.LMICJ_isShutdown
                0x080060e4       0x28 ./Middleware/ThirdParty/LMIC/lmic/lmic.o
 .text.LMICJ_isFsmIdle
                0x0800610c       0x28 ./Middleware/ThirdParty/LMIC/lmic/lmic.o
 .text.LMICJ_isTxPathBusy
                0x08006134       0x28 ./Middleware/ThirdParty/LMIC/lmic/lmic.o
 .text.LMICJ_isTxRequested
                0x0800615c       0x28 ./Middleware/ThirdParty/LMIC/lmic/lmic.o
 .text.LMICJ_isEnabledClassB
                0x08006184       0x38 ./Middleware/ThirdParty/LMIC/lmic/lmic.o
 .text.LMICJ_isActiveClassB
                0x080061bc       0x30 ./Middleware/ThirdParty/LMIC/lmic/lmic.o
 .text.LMIC_SecureElement_initialize
                0x080061ec        0xe ./Middleware/ThirdParty/LMIC/lmic/lmic.o
 .text.LMIC_SecureElement_setAppKey
                0x080061fa       0x18 ./Middleware/ThirdParty/LMIC/lmic/lmic.o
 .text.LMIC_SecureElement_setAppEUI
                0x08006212       0x18 ./Middleware/ThirdParty/LMIC/lmic/lmic.o
 .text.LMIC_SecureElement_setDevEUI
                0x0800622a       0x18 ./Middleware/ThirdParty/LMIC/lmic/lmic.o
 .text.LMIC_SecureElement_createJoinRequest
                0x08006242       0x20 ./Middleware/ThirdParty/LMIC/lmic/lmic.o
 .text.LMIC_SecureElement_encodeMessage
                0x08006262       0x2c ./Middleware/ThirdParty/LMIC/lmic/lmic.o
 .text.LMIC_SecureElement_verifyMIC
                0x0800628e       0x2a ./Middleware/ThirdParty/LMIC/lmic/lmic.o
 .text.LMIC_SecureElement_decodeMessage
                0x080062b8       0x2e ./Middleware/ThirdParty/LMIC/lmic/lmic.o
 .text.LMIC_SecureElement_aes128Encrypt
                0x080062e6       0x20 ./Middleware/ThirdParty/LMIC/lmic/lmic.o
 *fill*         0x08006306        0x2 
 .text.initTxrxFlags
                0x08006308       0x28 ./Middleware/ThirdParty/LMIC/lmic/lmic.o
 .text.orTxrxFlags
                0x08006330       0x30 ./Middleware/ThirdParty/LMIC/lmic/lmic.o
 .text.os_rlsbf2
                0x08006360       0x2c ./Middleware/ThirdParty/LMIC/lmic/lmic.o
                0x08006360                os_rlsbf2
 .text.os_rlsbf4
                0x0800638c       0x38 ./Middleware/ThirdParty/LMIC/lmic/lmic.o
                0x0800638c                os_rlsbf4
 .text.os_rmsbf4
                0x080063c4       0x38 ./Middleware/ThirdParty/LMIC/lmic/lmic.o
                0x080063c4                os_rmsbf4
 .text.os_wlsbf2
                0x080063fc       0x2e ./Middleware/ThirdParty/LMIC/lmic/lmic.o
                0x080063fc                os_wlsbf2
 .text.os_wlsbf4
                0x0800642a       0x42 ./Middleware/ThirdParty/LMIC/lmic/lmic.o
                0x0800642a                os_wlsbf4
 .text.os_wmsbf4
                0x0800646c       0x42 ./Middleware/ThirdParty/LMIC/lmic/lmic.o
                0x0800646c                os_wmsbf4
 *fill*         0x080064ae        0x2 
 .text.os_getBattLevel
                0x080064b0       0x18 ./Middleware/ThirdParty/LMIC/lmic/lmic.o
                0x080064b0                os_getBattLevel
 .text.os_crc16
                0x080064c8       0x82 ./Middleware/ThirdParty/LMIC/lmic/lmic.o
                0x080064c8                os_crc16
 *fill*         0x0800654a        0x2 
 .text.getSensitivity
                0x0800654c       0x44 ./Middleware/ThirdParty/LMIC/lmic/lmic.o
                0x0800654c                getSensitivity
 .text.calcAirTime
                0x08006590      0x122 ./Middleware/ThirdParty/LMIC/lmic/lmic.o
                0x08006590                calcAirTime
 *fill*         0x080066b2        0x2 
 .text.setRxsyms
                0x080066b4       0x48 ./Middleware/ThirdParty/LMIC/lmic/lmic.o
 .text.calcRxWindow
                0x080066fc       0xa4 ./Middleware/ThirdParty/LMIC/lmic/lmic.o
 .text.calcBcnRxWindowFromMillis
                0x080067a0      0x12c ./Middleware/ThirdParty/LMIC/lmic/lmic.o
 .text.rxschedInit
                0x080068cc       0xf0 ./Middleware/ThirdParty/LMIC/lmic/lmic.o
 .text.rxschedNext
                0x080069bc       0xa0 ./Middleware/ThirdParty/LMIC/lmic/lmic.o
 .text.LMICcore_rndDelay
                0x08006a5c       0x80 ./Middleware/ThirdParty/LMIC/lmic/lmic.o
                0x08006a5c                LMICcore_rndDelay
 .text.txDelay  0x08006adc       0x60 ./Middleware/ThirdParty/LMIC/lmic/lmic.o
 .text.LMICcore_setDrJoin
                0x08006b3c       0x28 ./Middleware/ThirdParty/LMIC/lmic/lmic.o
                0x08006b3c                LMICcore_setDrJoin
 .text.setDrTxpow
                0x08006b64       0x78 ./Middleware/ThirdParty/LMIC/lmic/lmic.o
 .text.runEngineUpdate
                0x08006bdc       0x14 ./Middleware/ThirdParty/LMIC/lmic/lmic.o
 .text.reportEventAndUpdate
                0x08006bf0       0x1e ./Middleware/ThirdParty/LMIC/lmic/lmic.o
 *fill*         0x08006c0e        0x2 
 .text.reportEventNoUpdate
                0x08006c10      0x12c ./Middleware/ThirdParty/LMIC/lmic/lmic.o
 .text.runReset
                0x08006d3c       0x22 ./Middleware/ThirdParty/LMIC/lmic/lmic.o
 *fill*         0x08006d5e        0x2 
 .text.resetJoinParams
                0x08006d60       0x38 ./Middleware/ThirdParty/LMIC/lmic/lmic.o
 .text.stateJustJoined
                0x08006d98       0xa4 ./Middleware/ThirdParty/LMIC/lmic/lmic.o
 .text.decodeBeacon
                0x08006e3c      0x118 ./Middleware/ThirdParty/LMIC/lmic/lmic.o
 .text.put_mac_uplink_byte
                0x08006f54       0x80 ./Middleware/ThirdParty/LMIC/lmic/lmic.o
 .text.put_mac_uplink_byte2
                0x08006fd4       0x50 ./Middleware/ThirdParty/LMIC/lmic/lmic.o
 .text.put_mac_uplink_byte3
                0x08007024       0x60 ./Middleware/ThirdParty/LMIC/lmic/lmic.o
 .text.getMacCmdSize
                0x08007084       0x38 ./Middleware/ThirdParty/LMIC/lmic/lmic.o
 .text.applyAdrRequests
                0x080070bc      0x1b0 ./Middleware/ThirdParty/LMIC/lmic/lmic.o
 .text.scan_mac_cmds_link_adr
                0x0800726c      0x100 ./Middleware/ThirdParty/LMIC/lmic/lmic.o
 .text.scan_mac_cmds
                0x0800736c      0x5dc ./Middleware/ThirdParty/LMIC/lmic/lmic.o
 .text.setAdrAckCount
                0x08007948       0x30 ./Middleware/ThirdParty/LMIC/lmic/lmic.o
 .text.decodeFrame
                0x08007978      0x374 ./Middleware/ThirdParty/LMIC/lmic/lmic.o
 .text.radioRx  0x08007cec       0x14 ./Middleware/ThirdParty/LMIC/lmic/lmic.o
 .text.setupRx2
                0x08007d00       0x48 ./Middleware/ThirdParty/LMIC/lmic/lmic.o
 .text.setupRxClassC
                0x08007d48       0xb0 ./Middleware/ThirdParty/LMIC/lmic/lmic.o
 .text.LMICcore_adjustForDrift
                0x08007df8       0xdc ./Middleware/ThirdParty/LMIC/lmic/lmic.o
                0x08007df8                LMICcore_adjustForDrift
 .text.schedRx12
                0x08007ed4       0x5c ./Middleware/ThirdParty/LMIC/lmic/lmic.o
 .text.setupRx1
                0x08007f30       0x50 ./Middleware/ThirdParty/LMIC/lmic/lmic.o
 .text.txDone   0x08007f80       0x70 ./Middleware/ThirdParty/LMIC/lmic/lmic.o
 .text.onJoinFailed
                0x08007ff0       0x16 ./Middleware/ThirdParty/LMIC/lmic/lmic.o
 *fill*         0x08008006        0x2 
 .text.processJoinAccept
                0x08008008      0x1ac ./Middleware/ThirdParty/LMIC/lmic/lmic.o
 .text.processJoinAccept_badframe
                0x080081b4       0x24 ./Middleware/ThirdParty/LMIC/lmic/lmic.o
 .text.processJoinAccept_nojoinframe
                0x080081d8       0xc4 ./Middleware/ThirdParty/LMIC/lmic/lmic.o
 .text.radioGetRxResults
                0x0800829c       0x38 ./Middleware/ThirdParty/LMIC/lmic/lmic.o
 .text.processRx2Jacc
                0x080082d4       0x34 ./Middleware/ThirdParty/LMIC/lmic/lmic.o
 .text.setupRx2Jacc
                0x08008308       0x24 ./Middleware/ThirdParty/LMIC/lmic/lmic.o
 .text.processRx1Jacc
                0x0800832c       0x44 ./Middleware/ThirdParty/LMIC/lmic/lmic.o
 .text.setupRx1Jacc
                0x08008370       0x1c ./Middleware/ThirdParty/LMIC/lmic/lmic.o
 .text.jreqDone
                0x0800838c       0x20 ./Middleware/ThirdParty/LMIC/lmic/lmic.o
 .text.processRx2DnData
                0x080083ac       0x48 ./Middleware/ThirdParty/LMIC/lmic/lmic.o
 .text.setupRx2DnData
                0x080083f4       0x24 ./Middleware/ThirdParty/LMIC/lmic/lmic.o
 .text.processRx1DnData
                0x08008418       0x58 ./Middleware/ThirdParty/LMIC/lmic/lmic.o
 .text.processRxCDnData
                0x08008470       0x88 ./Middleware/ThirdParty/LMIC/lmic/lmic.o
 .text.setupRx1DnData
                0x080084f8       0x1c ./Middleware/ThirdParty/LMIC/lmic/lmic.o
 .text.updataDone
                0x08008514       0x34 ./Middleware/ThirdParty/LMIC/lmic/lmic.o
 .text.sendAdrAckReq
                0x08008548       0x50 ./Middleware/ThirdParty/LMIC/lmic/lmic.o
 .text.buildDataFrame
                0x08008598      0x35c ./Middleware/ThirdParty/LMIC/lmic/lmic.o
 .text.onBcnRx  0x080088f4       0xb0 ./Middleware/ThirdParty/LMIC/lmic/lmic.o
 .text.startScan
                0x080089a4       0xb0 ./Middleware/ThirdParty/LMIC/lmic/lmic.o
 .text.buildJoinRequest
                0x08008a54       0x20 ./Middleware/ThirdParty/LMIC/lmic/lmic.o
 .text.startJoining
                0x08008a74       0x34 ./Middleware/ThirdParty/LMIC/lmic/lmic.o
 .text.LMIC_unjoin
                0x08008aa8       0x30 ./Middleware/ThirdParty/LMIC/lmic/lmic.o
                0x08008aa8                LMIC_unjoin
 .text.LMIC_startJoining
                0x08008ad8       0x8c ./Middleware/ThirdParty/LMIC/lmic/lmic.o
                0x08008ad8                LMIC_startJoining
 .text.unjoinAndRejoin
                0x08008b64       0x18 ./Middleware/ThirdParty/LMIC/lmic/lmic.o
 .text.LMIC_unjoinAndRejoin
                0x08008b7c       0x18 ./Middleware/ThirdParty/LMIC/lmic/lmic.o
                0x08008b7c                LMIC_unjoinAndRejoin
 .text.processPingRx
                0x08008b94       0x44 ./Middleware/ThirdParty/LMIC/lmic/lmic.o
 .text.processDnData
                0x08008bd8       0x90 ./Middleware/ThirdParty/LMIC/lmic/lmic.o
 .text.processDnData_norx
                0x08008c68      0x130 ./Middleware/ThirdParty/LMIC/lmic/lmic.o
 .text.processDnData_txcomplete
                0x08008d98      0x218 ./Middleware/ThirdParty/LMIC/lmic/lmic.o
 .text.processBeacon
                0x08008fb0      0x1f8 ./Middleware/ThirdParty/LMIC/lmic/lmic.o
 .text.startRxBcn
                0x080091a8       0x24 ./Middleware/ThirdParty/LMIC/lmic/lmic.o
 .text.startRxPing
                0x080091cc       0x24 ./Middleware/ThirdParty/LMIC/lmic/lmic.o
 .text.engineUpdate_inner
                0x080091f0      0x49c ./Middleware/ThirdParty/LMIC/lmic/lmic.o
 .text.engineUpdate
                0x0800968c       0x50 ./Middleware/ThirdParty/LMIC/lmic/lmic.o
 .text.LMIC_setAdrMode
                0x080096dc       0x2c ./Middleware/ThirdParty/LMIC/lmic/lmic.o
                0x080096dc                LMIC_setAdrMode
 .text.LMIC_reset
                0x08009708      0x114 ./Middleware/ThirdParty/LMIC/lmic/lmic.o
                0x08009708                LMIC_reset
 .text.LMIC_init
                0x0800981c       0x20 ./Middleware/ThirdParty/LMIC/lmic/lmic.o
                0x0800981c                LMIC_init
 .text.LMIC_clrTxData
                0x0800983c       0x88 ./Middleware/ThirdParty/LMIC/lmic/lmic.o
                0x0800983c                LMIC_clrTxData
 .text.LMIC_feasibleDataRateForFrame
                0x080098c4       0x7e ./Middleware/ThirdParty/LMIC/lmic/lmic.o
                0x080098c4                LMIC_feasibleDataRateForFrame
 *fill*         0x08009942        0x2 
 .text.adjustDrForFrameIfNotBusy
                0x08009944       0x54 ./Middleware/ThirdParty/LMIC/lmic/lmic.o
 .text.LMIC_setTxData_strict
                0x08009998       0x4c ./Middleware/ThirdParty/LMIC/lmic/lmic.o
                0x08009998                LMIC_setTxData_strict
 .text.LMIC_setTxData2
                0x080099e4       0x36 ./Middleware/ThirdParty/LMIC/lmic/lmic.o
                0x080099e4                LMIC_setTxData2
 *fill*         0x08009a1a        0x2 
 .text.LMIC_setTxData2_strict
                0x08009a1c       0x9c ./Middleware/ThirdParty/LMIC/lmic/lmic.o
                0x08009a1c                LMIC_setTxData2_strict
 .text.LMIC_setLinkCheckMode
                0x08009ab8       0x38 ./Middleware/ThirdParty/LMIC/lmic/lmic.o
                0x08009ab8                LMIC_setLinkCheckMode
 .text.LMIC_setClockError
                0x08009af0       0x20 ./Middleware/ThirdParty/LMIC/lmic/lmic.o
                0x08009af0                LMIC_setClockError
 .text.LMIC_enableClassC
                0x08009b10       0xa0 ./Middleware/ThirdParty/LMIC/lmic/lmic.o
                0x08009b10                LMIC_enableClassC
 .text.externalRequestCb
                0x08009bb0       0xb0 ./Middleware/ThirdParty/LMIC/lmic/lmic.o
 .text.table_get_u1
                0x08009c60       0x1e ./Middleware/ThirdParty/LMIC/lmic/lmic_as923.o
 .text.table_get_s1
                0x08009c7e       0x20 ./Middleware/ThirdParty/LMIC/lmic/lmic_as923.o
 .text.table_get_u4
                0x08009c9e       0x20 ./Middleware/ThirdParty/LMIC/lmic/lmic_as923.o
 .text.table_get_ostime
                0x08009cbe       0x20 ./Middleware/ThirdParty/LMIC/lmic/lmic_as923.o
 .text.setNocrc
                0x08009cde       0x30 ./Middleware/ThirdParty/LMIC/lmic/lmic_as923.o
 .text.setIh    0x08009d0e       0x2e ./Middleware/ThirdParty/LMIC/lmic/lmic_as923.o
 .text.updr2rps
                0x08009d3c       0x24 ./Middleware/ThirdParty/LMIC/lmic/lmic_as923.o
 .text.dndr2rps
                0x08009d60       0x26 ./Middleware/ThirdParty/LMIC/lmic/lmic_as923.o
 *fill*         0x08009d86        0x2 
 .text.LMICas923_validDR
                0x08009d88       0x38 ./Middleware/ThirdParty/LMIC/lmic/lmic_as923.o
                0x08009d88                LMICas923_validDR
 .text.LMICas923_getUplinkDwellBit
                0x08009dc0       0x30 ./Middleware/ThirdParty/LMIC/lmic/lmic_as923.o
 .text.LMICas923_getDownlinkDwellBit
                0x08009df0       0x30 ./Middleware/ThirdParty/LMIC/lmic/lmic_as923.o
 .text.LMICas923_maxFrameLen
                0x08009e20       0x54 ./Middleware/ThirdParty/LMIC/lmic/lmic_as923.o
                0x08009e20                LMICas923_maxFrameLen
 .text.LMICas923_getMaxEIRP
                0x08009e74       0x30 ./Middleware/ThirdParty/LMIC/lmic/lmic_as923.o
 .text.LMICas923_pow2dBm
                0x08009ea4       0x54 ./Middleware/ThirdParty/LMIC/lmic/lmic_as923.o
                0x08009ea4                LMICas923_pow2dBm
 .text.LMICas923_dr2hsym
                0x08009ef8       0x24 ./Middleware/ThirdParty/LMIC/lmic/lmic_as923.o
                0x08009ef8                LMICas923_dr2hsym
 .text.LMICas923_initDefaultChannels
                0x08009f1c       0xc0 ./Middleware/ThirdParty/LMIC/lmic/lmic_as923.o
                0x08009f1c                LMICas923_initDefaultChannels
 .text.LMICas923_init
                0x08009fdc        0xe ./Middleware/ThirdParty/LMIC/lmic/lmic_as923.o
                0x08009fdc                LMICas923_init
 .text.LMICas923_resetDefaultChannels
                0x08009fea        0xe ./Middleware/ThirdParty/LMIC/lmic/lmic_as923.o
                0x08009fea                LMICas923_resetDefaultChannels
 .text.LMIC_queryNumDefaultChannels
                0x08009ff8       0x10 ./Middleware/ThirdParty/LMIC/lmic/lmic_as923.o
                0x08009ff8                LMIC_queryNumDefaultChannels
 .text.LMIC_setupChannel
                0x0800a008       0xf0 ./Middleware/ThirdParty/LMIC/lmic/lmic_as923.o
                0x0800a008                LMIC_setupChannel
 .text.LMICas923_convFreq
                0x0800a0f8       0x44 ./Middleware/ThirdParty/LMIC/lmic/lmic_as923.o
                0x0800a0f8                LMICas923_convFreq
 .text.LMICas923_nextJoinTime
                0x0800a13c       0x30 ./Middleware/ThirdParty/LMIC/lmic/lmic_as923.o
                0x0800a13c                LMICas923_nextJoinTime
 .text.LMICas923_setRx1Params
                0x0800a16c       0xa0 ./Middleware/ThirdParty/LMIC/lmic/lmic_as923.o
                0x0800a16c                LMICas923_setRx1Params
 .text.LMICas923_nextTx
                0x0800a20c      0x20c ./Middleware/ThirdParty/LMIC/lmic/lmic_as923.o
                0x0800a20c                LMICas923_nextTx
 .text.LMICas923_setBcnRxParams
                0x0800a418       0x44 ./Middleware/ThirdParty/LMIC/lmic/lmic_as923.o
                0x0800a418                LMICas923_setBcnRxParams
 .text.LMICas923_nextJoinState
                0x0800a45c       0x10 ./Middleware/ThirdParty/LMIC/lmic/lmic_as923.o
                0x0800a45c                LMICas923_nextJoinState
 .text.LMICas923_initJoinLoop
                0x0800a46c       0x10 ./Middleware/ThirdParty/LMIC/lmic/lmic_as923.o
                0x0800a46c                LMICas923_initJoinLoop
 .text.LMICas923_updateTx
                0x0800a47c       0xdc ./Middleware/ThirdParty/LMIC/lmic/lmic_as923.o
                0x0800a47c                LMICas923_updateTx
 .text.LMIC_findNextChannel
                0x0800a558      0x196 ./Middleware/ThirdParty/LMIC/lmic/lmic_channelshuffle.o
                0x0800a558                LMIC_findNextChannel
 .text.sidewaysSum16
                0x0800a6ee       0xa2 ./Middleware/ThirdParty/LMIC/lmic/lmic_channelshuffle.o
 .text.findNthSetBit
                0x0800a790      0x13c ./Middleware/ThirdParty/LMIC/lmic/lmic_channelshuffle.o
 .text.LMICeulike_canMapChannels
                0x0800a8cc       0x6c ./Middleware/ThirdParty/LMIC/lmic/lmic_eu_like.o
                0x0800a8cc                LMICeulike_canMapChannels
 .text.LMICeulike_mapChannels
                0x0800a938       0x88 ./Middleware/ThirdParty/LMIC/lmic/lmic_eu_like.o
                0x0800a938                LMICeulike_mapChannels
 .text.LMICeulike_isDataRateFeasible
                0x0800a9c0       0x70 ./Middleware/ThirdParty/LMIC/lmic/lmic_eu_like.o
                0x0800a9c0                LMICeulike_isDataRateFeasible
 .text.LMICeulike_initJoinLoop
                0x0800aa30       0x98 ./Middleware/ThirdParty/LMIC/lmic/lmic_eu_like.o
                0x0800aa30                LMICeulike_initJoinLoop
 .text.LMICeulike_nextJoinState
                0x0800aac8       0xb0 ./Middleware/ThirdParty/LMIC/lmic/lmic_eu_like.o
                0x0800aac8                LMICeulike_nextJoinState
 .text.LMICeulike_processJoinAcceptCFList
                0x0800ab78       0x6c ./Middleware/ThirdParty/LMIC/lmic/lmic_eu_like.o
                0x0800ab78                LMICeulike_processJoinAcceptCFList
 .text.LMICeulike_saveAdrState
                0x0800abe4       0x30 ./Middleware/ThirdParty/LMIC/lmic/lmic_eu_like.o
                0x0800abe4                LMICeulike_saveAdrState
 .text.LMICeulike_compareAdrState
                0x0800ac14       0x44 ./Middleware/ThirdParty/LMIC/lmic/lmic_eu_like.o
                0x0800ac14                LMICeulike_compareAdrState
 .text.LMICeulike_restoreAdrState
                0x0800ac58       0x30 ./Middleware/ThirdParty/LMIC/lmic/lmic_eu_like.o
                0x0800ac58                LMICeulike_restoreAdrState
 .text.LMICeulike_setRx1Freq
                0x0800ac88       0x34 ./Middleware/ThirdParty/LMIC/lmic/lmic_eu_like.o
                0x0800ac88                LMICeulike_setRx1Freq
 .text.LMICeulike_txDoneFSK
                0x0800acbc       0x58 ./Middleware/ThirdParty/LMIC/lmic/lmic_eu_like.o
                0x0800acbc                LMICeulike_txDoneFSK
 .text.os_jobIsTimed
                0x0800ad14       0x22 ./Middleware/ThirdParty/LMIC/lmic/oslmic.o
 *fill*         0x0800ad36        0x2 
 .text.os_init_ex
                0x0800ad38       0x38 ./Middleware/ThirdParty/LMIC/lmic/oslmic.o
                0x0800ad38                os_init_ex
 .text.os_init  0x0800ad70       0x28 ./Middleware/ThirdParty/LMIC/lmic/oslmic.o
                0x0800ad70                os_init
 .text.os_getTime
                0x0800ad98        0xe ./Middleware/ThirdParty/LMIC/lmic/oslmic.o
                0x0800ad98                os_getTime
 .text.unlinkjob
                0x0800ada6       0x3e ./Middleware/ThirdParty/LMIC/lmic/oslmic.o
 .text.getJobQueue
                0x0800ade4       0x2c ./Middleware/ThirdParty/LMIC/lmic/oslmic.o
 .text.os_clearCallback
                0x0800ae10       0x28 ./Middleware/ThirdParty/LMIC/lmic/oslmic.o
                0x0800ae10                os_clearCallback
 .text.os_setCallback
                0x0800ae38       0x5c ./Middleware/ThirdParty/LMIC/lmic/oslmic.o
                0x0800ae38                os_setCallback
 .text.os_setIdleJobFunction
                0x0800ae94       0x2e ./Middleware/ThirdParty/LMIC/lmic/oslmic.o
                0x0800ae94                os_setIdleJobFunction
 *fill*         0x0800aec2        0x2 
 .text.os_setTimedCallback
                0x0800aec4       0x80 ./Middleware/ThirdParty/LMIC/lmic/oslmic.o
                0x0800aec4                os_setTimedCallback
 .text.os_runloop_once
                0x0800af44       0x78 ./Middleware/ThirdParty/LMIC/lmic/oslmic.o
                0x0800af44                os_runloop_once
 .text.table_get_u1
                0x0800afbc       0x1e ./Middleware/ThirdParty/LMIC/lmic/radio_sx127x.o
 .text.table_get_u2
                0x0800afda       0x20 ./Middleware/ThirdParty/LMIC/lmic/radio_sx127x.o
 .text.getSf    0x0800affa       0x20 ./Middleware/ThirdParty/LMIC/lmic/radio_sx127x.o
 .text.getBw    0x0800b01a       0x24 ./Middleware/ThirdParty/LMIC/lmic/radio_sx127x.o
 .text.getCr    0x0800b03e       0x24 ./Middleware/ThirdParty/LMIC/lmic/radio_sx127x.o
 .text.getNocrc
                0x0800b062       0x20 ./Middleware/ThirdParty/LMIC/lmic/radio_sx127x.o
 .text.getIh    0x0800b082       0x1e ./Middleware/ThirdParty/LMIC/lmic/radio_sx127x.o
 .text.LMIC_SecureElement_aes128Encrypt
                0x0800b0a0       0x20 ./Middleware/ThirdParty/LMIC/lmic/radio_sx127x.o
 .text.writeReg
                0x0800b0c0       0x2a ./Middleware/ThirdParty/LMIC/lmic/radio_sx127x.o
 .text.readReg  0x0800b0ea       0x28 ./Middleware/ThirdParty/LMIC/lmic/radio_sx127x.o
 .text.writeBuf
                0x0800b112       0x2a ./Middleware/ThirdParty/LMIC/lmic/radio_sx127x.o
 .text.readBuf  0x0800b13c       0x2a ./Middleware/ThirdParty/LMIC/lmic/radio_sx127x.o
 .text.requestModuleActive
                0x0800b166       0x32 ./Middleware/ThirdParty/LMIC/lmic/radio_sx127x.o
 .text.writeOpmode
                0x0800b198       0x3c ./Middleware/ThirdParty/LMIC/lmic/radio_sx127x.o
 .text.opmode   0x0800b1d4       0x32 ./Middleware/ThirdParty/LMIC/lmic/radio_sx127x.o
 *fill*         0x0800b206        0x2 
 .text.opmodeLora
                0x0800b208       0x34 ./Middleware/ThirdParty/LMIC/lmic/radio_sx127x.o
 .text.opmodeFSK
                0x0800b23c       0x34 ./Middleware/ThirdParty/LMIC/lmic/radio_sx127x.o
 .text.os_radio_isTxActive
                0x0800b270       0x26 ./Middleware/ThirdParty/LMIC/lmic/radio_sx127x.o
 .text.os_radio_isRxActive
                0x0800b296       0x26 ./Middleware/ThirdParty/LMIC/lmic/radio_sx127x.o
 .text.radioRq_getNoRxIqInversion
                0x0800b2bc       0x28 ./Middleware/ThirdParty/LMIC/lmic/radio_sx127x.o
 .text.radio_complete
                0x0800b2e4       0x48 ./Middleware/ThirdParty/LMIC/lmic/radio_sx127x.o
 .text.configLoraModem
                0x0800b32c      0x1dc ./Middleware/ThirdParty/LMIC/lmic/radio_sx127x.o
 .text.configChannel
                0x0800b508       0x7c ./Middleware/ThirdParty/LMIC/lmic/radio_sx127x.o
 .text.configPower
                0x0800b584      0x15c ./Middleware/ThirdParty/LMIC/lmic/radio_sx127x.o
 .text.setupFskRxTx
                0x0800b6e0       0x6e ./Middleware/ThirdParty/LMIC/lmic/radio_sx127x.o
 *fill*         0x0800b74e        0x2 
 .text.txfsk    0x0800b750       0xcc ./Middleware/ThirdParty/LMIC/lmic/radio_sx127x.o
 .text.txlora   0x0800b81c       0xec ./Middleware/ThirdParty/LMIC/lmic/radio_sx127x.o
 .text.starttx  0x0800b908       0x84 ./Middleware/ThirdParty/LMIC/lmic/radio_sx127x.o
 .text.rxlate   0x0800b98c       0x40 ./Middleware/ThirdParty/LMIC/lmic/radio_sx127x.o
 .text.rxlora   0x0800b9cc      0x180 ./Middleware/ThirdParty/LMIC/lmic/radio_sx127x.o
 .text.rxfsk    0x0800bb4c       0xc0 ./Middleware/ThirdParty/LMIC/lmic/radio_sx127x.o
 .text.startrx  0x0800bc0c       0x58 ./Middleware/ThirdParty/LMIC/lmic/radio_sx127x.o
 .text.radio_init
                0x0800bc64      0x118 ./Middleware/ThirdParty/LMIC/lmic/radio_sx127x.o
                0x0800bc64                radio_init
 .text.radio_rand1
                0x0800bd7c       0x74 ./Middleware/ThirdParty/LMIC/lmic/radio_sx127x.o
                0x0800bd7c                radio_rand1
 .text.radio_monitor_rssi
                0x0800bdf0      0x120 ./Middleware/ThirdParty/LMIC/lmic/radio_sx127x.o
                0x0800bdf0                radio_monitor_rssi
 .text.radio_irq_handler_v2
                0x0800bf10      0x2e0 ./Middleware/ThirdParty/LMIC/lmic/radio_sx127x.o
                0x0800bf10                radio_irq_handler_v2
 .text.os_radio_reset
                0x0800c1f0       0x40 ./Middleware/ThirdParty/LMIC/lmic/radio_sx127x.o
 .text.os_radio
                0x0800c230       0x8c ./Middleware/ThirdParty/LMIC/lmic/radio_sx127x.o
                0x0800c230                os_radio
 .text.os_radio_v2
                0x0800c2bc       0xd4 ./Middleware/ThirdParty/LMIC/lmic/radio_sx127x.o
                0x0800c2bc                os_radio_v2
 .text.os_getRadioRxRampup
                0x0800c390       0x12 ./Middleware/ThirdParty/LMIC/lmic/radio_sx127x.o
                0x0800c390                os_getRadioRxRampup
 .text.os_aes   0x0800c3a2       0x26 ./Middleware/ThirdParty/LMIC/se/drivers/default/lmic_se_default.o
 .text.LMIC_SecureElement_DefaultI_GetNwkSKeyRef
                0x0800c3c8       0x14 ./Middleware/ThirdParty/LMIC/se/drivers/default/lmic_se_default.o
 .text.LMIC_SecureElement_DefaultI_GetAppSKeyRef
                0x0800c3dc       0x14 ./Middleware/ThirdParty/LMIC/se/drivers/default/lmic_se_default.o
 .text.appKeyToAESkey
                0x0800c3f0       0x20 ./Middleware/ThirdParty/LMIC/se/drivers/default/lmic_se_default.o
 .text.LMIC_SecureElement_Default_initialize
                0x0800c410       0x10 ./Middleware/ThirdParty/LMIC/se/drivers/default/lmic_se_default.o
                0x0800c410                LMIC_SecureElement_Default_initialize
 .text.LMIC_SecureElement_Default_setDevEUI
                0x0800c420       0x24 ./Middleware/ThirdParty/LMIC/se/drivers/default/lmic_se_default.o
                0x0800c420                LMIC_SecureElement_Default_setDevEUI
 .text.LMIC_SecureElement_Default_setAppEUI
                0x0800c444       0x24 ./Middleware/ThirdParty/LMIC/se/drivers/default/lmic_se_default.o
                0x0800c444                LMIC_SecureElement_Default_setAppEUI
 .text.LMIC_SecureElement_Default_setAppKey
                0x0800c468       0x28 ./Middleware/ThirdParty/LMIC/se/drivers/default/lmic_se_default.o
                0x0800c468                LMIC_SecureElement_Default_setAppKey
 .text.micB0    0x0800c490       0x68 ./Middleware/ThirdParty/LMIC/se/drivers/default/lmic_se_default.o
 .text.aes_verifyMic
                0x0800c4f8       0x58 ./Middleware/ThirdParty/LMIC/se/drivers/default/lmic_se_default.o
 .text.LMIC_SecureElement_Default_verifyMIC
                0x0800c550       0x4c ./Middleware/ThirdParty/LMIC/se/drivers/default/lmic_se_default.o
                0x0800c550                LMIC_SecureElement_Default_verifyMIC
 .text.aes_appendMic
                0x0800c59c       0x50 ./Middleware/ThirdParty/LMIC/se/drivers/default/lmic_se_default.o
 .text.aes_cipher
                0x0800c5ec       0x88 ./Middleware/ThirdParty/LMIC/se/drivers/default/lmic_se_default.o
 .text.LMIC_SecureElement_Default_encodeMessage
                0x0800c674       0xb8 ./Middleware/ThirdParty/LMIC/se/drivers/default/lmic_se_default.o
                0x0800c674                LMIC_SecureElement_Default_encodeMessage
 .text.LMIC_SecureElement_Default_decodeMessage
                0x0800c72c       0xa6 ./Middleware/ThirdParty/LMIC/se/drivers/default/lmic_se_default.o
                0x0800c72c                LMIC_SecureElement_Default_decodeMessage
 .text.aes_appendMic0
                0x0800c7d2       0x34 ./Middleware/ThirdParty/LMIC/se/drivers/default/lmic_se_default.o
 *fill*         0x0800c806        0x2 
 .text.LMIC_SecureElement_Default_createJoinRequest
                0x0800c808       0x84 ./Middleware/ThirdParty/LMIC/se/drivers/default/lmic_se_default.o
                0x0800c808                LMIC_SecureElement_Default_createJoinRequest
 .text.aes_verifyMic0
                0x0800c88c       0x3e ./Middleware/ThirdParty/LMIC/se/drivers/default/lmic_se_default.o
 .text.aes_encrypt
                0x0800c8ca       0x24 ./Middleware/ThirdParty/LMIC/se/drivers/default/lmic_se_default.o
 .text.aes_sessKeys
                0x0800c8ee       0x70 ./Middleware/ThirdParty/LMIC/se/drivers/default/lmic_se_default.o
 *fill*         0x0800c95e        0x2 
 .text.LMIC_SecureElement_Default_decodeJoinAccept
                0x0800c960       0x8c ./Middleware/ThirdParty/LMIC/se/drivers/default/lmic_se_default.o
                0x0800c960                LMIC_SecureElement_Default_decodeJoinAccept
 .text.LMIC_SecureElement_Default_aes128Encrypt
                0x0800c9ec       0x40 ./Middleware/ThirdParty/LMIC/se/drivers/default/lmic_se_default.o
                0x0800c9ec                LMIC_SecureElement_Default_aes128Encrypt
 .text.__cvt    0x0800ca2c       0xca D:/STM32/STM32CubeIde/STM32CubeIDE_2.0.0/STM32CubeIDE/plugins/com.st.stm32cube.ide.mcu.externaltools.gnu-tools-for-stm32.13.3.rel1.win32_1.0.100.202509120712/tools/bin/../lib/gcc/arm-none-eabi/13.3.1/../../../../arm-none-eabi/lib/thumb/v7e-m+fp/hard\libc_nano.a(libc_a-nano-vfprintf_float.o)
                0x0800ca2c                __cvt
 .text.__exponent
                0x0800caf6       0x74 D:/STM32/STM32CubeIde/STM32CubeIDE_2.0.0/STM32CubeIDE/plugins/com.st.stm32cube.ide.mcu.externaltools.gnu-tools-for-stm32.13.3.rel1.win32_1.0.100.202509120712/tools/bin/../lib/gcc/arm-none-eabi/13.3.1/../../../../arm-none-eabi/lib/thumb/v7e-m+fp/hard\libc_nano.a(libc_a-nano-vfprintf_float.o)
                0x0800caf6                __exponent
 *fill*         0x0800cb6a        0x2 
 .text._printf_float
                0x0800cb6c      0x454 D:/STM32/STM32CubeIde/STM32CubeIDE_2.0.0/STM32CubeIDE/plugins/com.st.stm32cube.ide.mcu.externaltools.gnu-tools-for-stm32.13.3.rel1.win32_1.0.100.202509120712/tools/bin/../lib/gcc/arm-none-eabi/13.3.1/../../../../arm-none-eabi/lib/thumb/v7e-m+fp/hard\libc_nano.a(libc_a-nano-vfprintf_float.o)
                0x0800cb6c                _printf_float
 .text._printf_common
                0x0800cfc0       0xda D:/STM32/STM32CubeIde/STM32CubeIDE_2.0.0/STM32CubeIDE/plugins/com.st.stm32cube.ide.mcu.externaltools.gnu-tools-for-stm32.13.3.rel1.win32_1.0.100.202509120712/tools/bin/../lib/gcc/arm-none-eabi/13.3.1/../../../../arm-none-eabi/lib/thumb/v7e-m+fp/hard\libc_nano.a(libc_a-nano-vfprintf_i.o)
                0x0800cfc0                _printf_common
 *fill*         0x0800d09a        0x2 
 .text._printf_i
                0x0800d09c      0x23c D:/STM32/STM32CubeIde/STM32CubeIDE_2.0.0/STM32CubeIDE/plugins/com.st.stm32cube.ide.mcu.externaltools.gnu-tools-for-stm32.13.3.rel1.win32_1.0.100.202509120712/tools/bin/../lib/gcc/arm-none-eabi/13.3.1/../../../../arm-none-eabi/lib/thumb/v7e-m+fp/hard\libc_nano.a(libc_a-nano-vfprintf_i.o)
                0x0800d09c                _printf_i
 .text.std      0x0800d2d8       0x6c D:/STM32/STM32CubeIde/STM32CubeIDE_2.0.0/STM32CubeIDE/plugins/com.st.stm32cube.ide.mcu.externaltools.gnu-tools-for-stm32.13.3.rel1.win32_1.0.100.202509120712/tools/bin/../lib/gcc/arm-none-eabi/13.3.1/../../../../arm-none-eabi/lib/thumb/v7e-m+fp/hard\libc_nano.a(libc_a-findfp.o)
 .text.stdio_exit_handler
                0x0800d344       0x18 D:/STM32/STM32CubeIde/STM32CubeIDE_2.0.0/STM32CubeIDE/plugins/com.st.stm32cube.ide.mcu.externaltools.gnu-tools-for-stm32.13.3.rel1.win32_1.0.100.202509120712/tools/bin/../lib/gcc/arm-none-eabi/13.3.1/../../../../arm-none-eabi/lib/thumb/v7e-m+fp/hard\libc_nano.a(libc_a-findfp.o)
 .text.cleanup_stdio
                0x0800d35c       0x40 D:/STM32/STM32CubeIde/STM32CubeIDE_2.0.0/STM32CubeIDE/plugins/com.st.stm32cube.ide.mcu.externaltools.gnu-tools-for-stm32.13.3.rel1.win32_1.0.100.202509120712/tools/bin/../lib/gcc/arm-none-eabi/13.3.1/../../../../arm-none-eabi/lib/thumb/v7e-m+fp/hard\libc_nano.a(libc_a-findfp.o)
 .text.global_stdio_init.part.0
                0x0800d39c       0x3c D:/STM32/STM32CubeIde/STM32CubeIDE_2.0.0/STM32CubeIDE/plugins/com.st.stm32cube.ide.mcu.externaltools.gnu-tools-for-stm32.13.3.rel1.win32_1.0.100.202509120712/tools/bin/../lib/gcc/arm-none-eabi/13.3.1/../../../../arm-none-eabi/lib/thumb/v7e-m+fp/hard\libc_nano.a(libc_a-findfp.o)
 .text.__sfp_lock_acquire
                0x0800d3d8        0xc D:/STM32/STM32CubeIde/STM32CubeIDE_2.0.0/STM32CubeIDE/plugins/com.st.stm32cube.ide.mcu.externaltools.gnu-tools-for-stm32.13.3.rel1.win32_1.0.100.202509120712/tools/bin/../lib/gcc/arm-none-eabi/13.3.1/../../../../arm-none-eabi/lib/thumb/v7e-m+fp/hard\libc_nano.a(libc_a-findfp.o)
                0x0800d3d8                __sfp_lock_acquire
 .text.__sfp_lock_release
                0x0800d3e4        0xc D:/STM32/STM32CubeIde/STM32CubeIDE_2.0.0/STM32CubeIDE/plugins/com.st.stm32cube.ide.mcu.externaltools.gnu-tools-for-stm32.13.3.rel1.win32_1.0.100.202509120712/tools/bin/../lib/gcc/arm-none-eabi/13.3.1/../../../../arm-none-eabi/lib/thumb/v7e-m+fp/hard\libc_nano.a(libc_a-findfp.o)
                0x0800d3e4                __sfp_lock_release
 .text.__sinit  0x0800d3f0       0x30 D:/STM32/STM32CubeIde/STM32CubeIDE_2.0.0/STM32CubeIDE/plugins/com.st.stm32cube.ide.mcu.externaltools.gnu-tools-for-stm32.13.3.rel1.win32_1.0.100.202509120712/tools/bin/../lib/gcc/arm-none-eabi/13.3.1/../../../../arm-none-eabi/lib/thumb/v7e-m+fp/hard\libc_nano.a(libc_a-findfp.o)
                0x0800d3f0                __sinit
 .text._fwalk_sglue
                0x0800d420       0x3c D:/STM32/STM32CubeIde/STM32CubeIDE_2.0.0/STM32CubeIDE/plugins/com.st.stm32cube.ide.mcu.externaltools.gnu-tools-for-stm32.13.3.rel1.win32_1.0.100.202509120712/tools/bin/../lib/gcc/arm-none-eabi/13.3.1/../../../../arm-none-eabi/lib/thumb/v7e-m+fp/hard\libc_nano.a(libc_a-fwalk.o)
                0x0800d420                _fwalk_sglue
 .text.printf   0x0800d45c       0x24 D:/STM32/STM32CubeIde/STM32CubeIDE_2.0.0/STM32CubeIDE/plugins/com.st.stm32cube.ide.mcu.externaltools.gnu-tools-for-stm32.13.3.rel1.win32_1.0.100.202509120712/tools/bin/../lib/gcc/arm-none-eabi/13.3.1/../../../../arm-none-eabi/lib/thumb/v7e-m+fp/hard\libc_nano.a(libc_a-printf.o)
                0x0800d45c                iprintf
                0x0800d45c                printf
 .text.__sread  0x0800d480       0x22 D:/STM32/STM32CubeIde/STM32CubeIDE_2.0.0/STM32CubeIDE/plugins/com.st.stm32cube.ide.mcu.externaltools.gnu-tools-for-stm32.13.3.rel1.win32_1.0.100.202509120712/tools/bin/../lib/gcc/arm-none-eabi/13.3.1/../../../../arm-none-eabi/lib/thumb/v7e-m+fp/hard\libc_nano.a(libc_a-stdio.o)
                0x0800d480                __sread
 .text.__swrite
                0x0800d4a2       0x38 D:/STM32/STM32CubeIde/STM32CubeIDE_2.0.0/STM32CubeIDE/plugins/com.st.stm32cube.ide.mcu.externaltools.gnu-tools-for-stm32.13.3.rel1.win32_1.0.100.202509120712/tools/bin/../lib/gcc/arm-none-eabi/13.3.1/../../../../arm-none-eabi/lib/thumb/v7e-m+fp/hard\libc_nano.a(libc_a-stdio.o)
                0x0800d4a2                __swrite
 .text.__sseek  0x0800d4da       0x24 D:/STM32/STM32CubeIde/STM32CubeIDE_2.0.0/STM32CubeIDE/plugins/com.st.stm32cube.ide.mcu.externaltools.gnu-tools-for-stm32.13.3.rel1.win32_1.0.100.202509120712/tools/bin/../lib/gcc/arm-none-eabi/13.3.1/../../../../arm-none-eabi/lib/thumb/v7e-m+fp/hard\libc_nano.a(libc_a-stdio.o)
                0x0800d4da                __sseek
 .text.__sclose
                0x0800d4fe        0x8 D:/STM32/STM32CubeIde/STM32CubeIDE_2.0.0/STM32CubeIDE/plugins/com.st.stm32cube.ide.mcu.externaltools.gnu-tools-for-stm32.13.3.rel1.win32_1.0.100.202509120712/tools/bin/../lib/gcc/arm-none-eabi/13.3.1/../../../../arm-none-eabi/lib/thumb/v7e-m+fp/hard\libc_nano.a(libc_a-stdio.o)
                0x0800d4fe                __sclose
 .text.memcmp   0x0800d506       0x20 D:/STM32/STM32CubeIde/STM32CubeIDE_2.0.0/STM32CubeIDE/plugins/com.st.stm32cube.ide.mcu.externaltools.gnu-tools-for-stm32.13.3.rel1.win32_1.0.100.202509120712/tools/bin/../lib/gcc/arm-none-eabi/13.3.1/../../../../arm-none-eabi/lib/thumb/v7e-m+fp/hard\libc_nano.a(libc_a-memcmp.o)
                0x0800d506                memcmp
 .text.memset   0x0800d526       0x10 D:/STM32/STM32CubeIde/STM32CubeIDE_2.0.0/STM32CubeIDE/plugins/com.st.stm32cube.ide.mcu.externaltools.gnu-tools-for-stm32.13.3.rel1.win32_1.0.100.202509120712/tools/bin/../lib/gcc/arm-none-eabi/13.3.1/../../../../arm-none-eabi/lib/thumb/v7e-m+fp/hard\libc_nano.a(libc_a-memset.o)
                0x0800d526                memset
 *fill*         0x0800d536        0x2 
 .text._localeconv_r
                0x0800d538        0x8 D:/STM32/STM32CubeIde/STM32CubeIDE_2.0.0/STM32CubeIDE/plugins/com.st.stm32cube.ide.mcu.externaltools.gnu-tools-for-stm32.13.3.rel1.win32_1.0.100.202509120712/tools/bin/../lib/gcc/arm-none-eabi/13.3.1/../../../../arm-none-eabi/lib/thumb/v7e-m+fp/hard\libc_nano.a(libc_a-localeconv.o)
                0x0800d538                _localeconv_r
 .text._close_r
                0x0800d540       0x20 D:/STM32/STM32CubeIde/STM32CubeIDE_2.0.0/STM32CubeIDE/plugins/com.st.stm32cube.ide.mcu.externaltools.gnu-tools-for-stm32.13.3.rel1.win32_1.0.100.202509120712/tools/bin/../lib/gcc/arm-none-eabi/13.3.1/../../../../arm-none-eabi/lib/thumb/v7e-m+fp/hard\libc_nano.a(libc_a-closer.o)
                0x0800d540                _close_r
 .text._lseek_r
                0x0800d560       0x24 D:/STM32/STM32CubeIde/STM32CubeIDE_2.0.0/STM32CubeIDE/plugins/com.st.stm32cube.ide.mcu.externaltools.gnu-tools-for-stm32.13.3.rel1.win32_1.0.100.202509120712/tools/bin/../lib/gcc/arm-none-eabi/13.3.1/../../../../arm-none-eabi/lib/thumb/v7e-m+fp/hard\libc_nano.a(libc_a-lseekr.o)
                0x0800d560                _lseek_r
 .text._read_r  0x0800d584       0x24 D:/STM32/STM32CubeIde/STM32CubeIDE_2.0.0/STM32CubeIDE/plugins/com.st.stm32cube.ide.mcu.externaltools.gnu-tools-for-stm32.13.3.rel1.win32_1.0.100.202509120712/tools/bin/../lib/gcc/arm-none-eabi/13.3.1/../../../../arm-none-eabi/lib/thumb/v7e-m+fp/hard\libc_nano.a(libc_a-readr.o)
                0x0800d584                _read_r
 .text._write_r
                0x0800d5a8       0x24 D:/STM32/STM32CubeIde/STM32CubeIDE_2.0.0/STM32CubeIDE/plugins/com.st.stm32cube.ide.mcu.externaltools.gnu-tools-for-stm32.13.3.rel1.win32_1.0.100.202509120712/tools/bin/../lib/gcc/arm-none-eabi/13.3.1/../../../../arm-none-eabi/lib/thumb/v7e-m+fp/hard\libc_nano.a(libc_a-writer.o)
                0x0800d5a8                _write_r
 .text.__errno  0x0800d5cc        0xc D:/STM32/STM32CubeIde/STM32CubeIDE_2.0.0/STM32CubeIDE/plugins/com.st.stm32cube.ide.mcu.externaltools.gnu-tools-for-stm32.13.3.rel1.win32_1.0.100.202509120712/tools/bin/../lib/gcc/arm-none-eabi/13.3.1/../../../../arm-none-eabi/lib/thumb/v7e-m+fp/hard\libc_nano.a(libc_a-errno.o)
                0x0800d5cc                __errno
 .text.__libc_init_array
                0x0800d5d8       0x48 D:/STM32/STM32CubeIde/STM32CubeIDE_2.0.0/STM32CubeIDE/plugins/com.st.stm32cube.ide.mcu.externaltools.gnu-tools-for-stm32.13.3.rel1.win32_1.0.100.202509120712/tools/bin/../lib/gcc/arm-none-eabi/13.3.1/../../../../arm-none-eabi/lib/thumb/v7e-m+fp/hard\libc_nano.a(libc_a-init.o)
                0x0800d5d8                __libc_init_array
 .text.__retarget_lock_init_recursive
                0x0800d620        0x2 D:/STM32/STM32CubeIde/STM32CubeIDE_2.0.0/STM32CubeIDE/plugins/com.st.stm32cube.ide.mcu.externaltools.gnu-tools-for-stm32.13.3.rel1.win32_1.0.100.202509120712/tools/bin/../lib/gcc/arm-none-eabi/13.3.1/../../../../arm-none-eabi/lib/thumb/v7e-m+fp/hard\libc_nano.a(libc_a-lock.o)
                0x0800d620                __retarget_lock_init_recursive
 .text.__retarget_lock_acquire_recursive
                0x0800d622        0x2 D:/STM32/STM32CubeIde/STM32CubeIDE_2.0.0/STM32CubeIDE/plugins/com.st.stm32cube.ide.mcu.externaltools.gnu-tools-for-stm32.13.3.rel1.win32_1.0.100.202509120712/tools/bin/../lib/gcc/arm-none-eabi/13.3.1/../../../../arm-none-eabi/lib/thumb/v7e-m+fp/hard\libc_nano.a(libc_a-lock.o)
                0x0800d622                __retarget_lock_acquire_recursive
 .text.__retarget_lock_release_recursive
                0x0800d624        0x2 D:/STM32/STM32CubeIde/STM32CubeIDE_2.0.0/STM32CubeIDE/plugins/com.st.stm32cube.ide.mcu.externaltools.gnu-tools-for-stm32.13.3.rel1.win32_1.0.100.202509120712/tools/bin/../lib/gcc/arm-none-eabi/13.3.1/../../../../arm-none-eabi/lib/thumb/v7e-m+fp/hard\libc_nano.a(libc_a-lock.o)
                0x0800d624                __retarget_lock_release_recursive
 .text.memcpy   0x0800d626       0x1c D:/STM32/STM32CubeIde/STM32CubeIDE_2.0.0/STM32CubeIDE/plugins/com.st.stm32cube.ide.mcu.externaltools.gnu-tools-for-stm32.13.3.rel1.win32_1.0.100.202509120712/tools/bin/../lib/gcc/arm-none-eabi/13.3.1/../../../../arm-none-eabi/lib/thumb/v7e-m+fp/hard\libc_nano.a(libc_a-memcpy-stub.o)
                0x0800d626                memcpy
 .text.quorem   0x0800d642      0x110 D:/STM32/STM32CubeIde/STM32CubeIDE_2.0.0/STM32CubeIDE/plugins/com.st.stm32cube.ide.mcu.externaltools.gnu-tools-for-stm32.13.3.rel1.win32_1.0.100.202509120712/tools/bin/../lib/gcc/arm-none-eabi/13.3.1/../../../../arm-none-eabi/lib/thumb/v7e-m+fp/hard\libc_nano.a(libc_a-dtoa.o)
 *fill*         0x0800d752        0x6 
 .text._dtoa_r  0x0800d758      0xba0 D:/STM32/STM32CubeIde/STM32CubeIDE_2.0.0/STM32CubeIDE/plugins/com.st.stm32cube.ide.mcu.externaltools.gnu-tools-for-stm32.13.3.rel1.win32_1.0.100.202509120712/tools/bin/../lib/gcc/arm-none-eabi/13.3.1/../../../../arm-none-eabi/lib/thumb/v7e-m+fp/hard\libc_nano.a(libc_a-dtoa.o)
                0x0800d758                _dtoa_r
 .text._free_r  0x0800e2f8       0x94 D:/STM32/STM32CubeIde/STM32CubeIDE_2.0.0/STM32CubeIDE/plugins/com.st.stm32cube.ide.mcu.externaltools.gnu-tools-for-stm32.13.3.rel1.win32_1.0.100.202509120712/tools/bin/../lib/gcc/arm-none-eabi/13.3.1/../../../../arm-none-eabi/lib/thumb/v7e-m+fp/hard\libc_nano.a(libc_a-freer.o)
                0x0800e2f8                _free_r
 .text.malloc   0x0800e38c       0x10 D:/STM32/STM32CubeIde/STM32CubeIDE_2.0.0/STM32CubeIDE/plugins/com.st.stm32cube.ide.mcu.externaltools.gnu-tools-for-stm32.13.3.rel1.win32_1.0.100.202509120712/tools/bin/../lib/gcc/arm-none-eabi/13.3.1/../../../../arm-none-eabi/lib/thumb/v7e-m+fp/hard\libc_nano.a(libc_a-malloc.o)
                0x0800e38c                malloc
 .text.sbrk_aligned
                0x0800e39c       0x44 D:/STM32/STM32CubeIde/STM32CubeIDE_2.0.0/STM32CubeIDE/plugins/com.st.stm32cube.ide.mcu.externaltools.gnu-tools-for-stm32.13.3.rel1.win32_1.0.100.202509120712/tools/bin/../lib/gcc/arm-none-eabi/13.3.1/../../../../arm-none-eabi/lib/thumb/v7e-m+fp/hard\libc_nano.a(libc_a-mallocr.o)
 .text._malloc_r
                0x0800e3e0      0x100 D:/STM32/STM32CubeIde/STM32CubeIDE_2.0.0/STM32CubeIDE/plugins/com.st.stm32cube.ide.mcu.externaltools.gnu-tools-for-stm32.13.3.rel1.win32_1.0.100.202509120712/tools/bin/../lib/gcc/arm-none-eabi/13.3.1/../../../../arm-none-eabi/lib/thumb/v7e-m+fp/hard\libc_nano.a(libc_a-mallocr.o)
                0x0800e3e0                _malloc_r
 .text.__malloc_lock
                0x0800e4e0        0xc D:/STM32/STM32CubeIde/STM32CubeIDE_2.0.0/STM32CubeIDE/plugins/com.st.stm32cube.ide.mcu.externaltools.gnu-tools-for-stm32.13.3.rel1.win32_1.0.100.202509120712/tools/bin/../lib/gcc/arm-none-eabi/13.3.1/../../../../arm-none-eabi/lib/thumb/v7e-m+fp/hard\libc_nano.a(libc_a-mlock.o)
                0x0800e4e0                __malloc_lock
 .text.__malloc_unlock
                0x0800e4ec        0xc D:/STM32/STM32CubeIde/STM32CubeIDE_2.0.0/STM32CubeIDE/plugins/com.st.stm32cube.ide.mcu.externaltools.gnu-tools-for-stm32.13.3.rel1.win32_1.0.100.202509120712/tools/bin/../lib/gcc/arm-none-eabi/13.3.1/../../../../arm-none-eabi/lib/thumb/v7e-m+fp/hard\libc_nano.a(libc_a-mlock.o)
                0x0800e4ec                __malloc_unlock
 .text._Balloc  0x0800e4f8       0x80 D:/STM32/STM32CubeIde/STM32CubeIDE_2.0.0/STM32CubeIDE/plugins/com.st.stm32cube.ide.mcu.externaltools.gnu-tools-for-stm32.13.3.rel1.win32_1.0.100.202509120712/tools/bin/../lib/gcc/arm-none-eabi/13.3.1/../../../../arm-none-eabi/lib/thumb/v7e-m+fp/hard\libc_nano.a(libc_a-mprec.o)
                0x0800e4f8                _Balloc
 .text._Bfree   0x0800e578       0x44 D:/STM32/STM32CubeIde/STM32CubeIDE_2.0.0/STM32CubeIDE/plugins/com.st.stm32cube.ide.mcu.externaltools.gnu-tools-for-stm32.13.3.rel1.win32_1.0.100.202509120712/tools/bin/../lib/gcc/arm-none-eabi/13.3.1/../../../../arm-none-eabi/lib/thumb/v7e-m+fp/hard\libc_nano.a(libc_a-mprec.o)
                0x0800e578                _Bfree
 .text.__multadd
                0x0800e5bc       0x8c D:/STM32/STM32CubeIde/STM32CubeIDE_2.0.0/STM32CubeIDE/plugins/com.st.stm32cube.ide.mcu.externaltools.gnu-tools-for-stm32.13.3.rel1.win32_1.0.100.202509120712/tools/bin/../lib/gcc/arm-none-eabi/13.3.1/../../../../arm-none-eabi/lib/thumb/v7e-m+fp/hard\libc_nano.a(libc_a-mprec.o)
                0x0800e5bc                __multadd
 .text.__hi0bits
                0x0800e648       0x3e D:/STM32/STM32CubeIde/STM32CubeIDE_2.0.0/STM32CubeIDE/plugins/com.st.stm32cube.ide.mcu.externaltools.gnu-tools-for-stm32.13.3.rel1.win32_1.0.100.202509120712/tools/bin/../lib/gcc/arm-none-eabi/13.3.1/../../../../arm-none-eabi/lib/thumb/v7e-m+fp/hard\libc_nano.a(libc_a-mprec.o)
                0x0800e648                __hi0bits
 .text.__lo0bits
                0x0800e686       0x5a D:/STM32/STM32CubeIde/STM32CubeIDE_2.0.0/STM32CubeIDE/plugins/com.st.stm32cube.ide.mcu.externaltools.gnu-tools-for-stm32.13.3.rel1.win32_1.0.100.202509120712/tools/bin/../lib/gcc/arm-none-eabi/13.3.1/../../../../arm-none-eabi/lib/thumb/v7e-m+fp/hard\libc_nano.a(libc_a-mprec.o)
                0x0800e686                __lo0bits
 .text.__i2b    0x0800e6e0       0x2c D:/STM32/STM32CubeIde/STM32CubeIDE_2.0.0/STM32CubeIDE/plugins/com.st.stm32cube.ide.mcu.externaltools.gnu-tools-for-stm32.13.3.rel1.win32_1.0.100.202509120712/tools/bin/../lib/gcc/arm-none-eabi/13.3.1/../../../../arm-none-eabi/lib/thumb/v7e-m+fp/hard\libc_nano.a(libc_a-mprec.o)
                0x0800e6e0                __i2b
 .text.__multiply
                0x0800e70c      0x144 D:/STM32/STM32CubeIde/STM32CubeIDE_2.0.0/STM32CubeIDE/plugins/com.st.stm32cube.ide.mcu.externaltools.gnu-tools-for-stm32.13.3.rel1.win32_1.0.100.202509120712/tools/bin/../lib/gcc/arm-none-eabi/13.3.1/../../../../arm-none-eabi/lib/thumb/v7e-m+fp/hard\libc_nano.a(libc_a-mprec.o)
                0x0800e70c                __multiply
 .text.__pow5mult
                0x0800e850       0xb4 D:/STM32/STM32CubeIde/STM32CubeIDE_2.0.0/STM32CubeIDE/plugins/com.st.stm32cube.ide.mcu.externaltools.gnu-tools-for-stm32.13.3.rel1.win32_1.0.100.202509120712/tools/bin/../lib/gcc/arm-none-eabi/13.3.1/../../../../arm-none-eabi/lib/thumb/v7e-m+fp/hard\libc_nano.a(libc_a-mprec.o)
                0x0800e850                __pow5mult
 .text.__lshift
                0x0800e904       0xd8 D:/STM32/STM32CubeIde/STM32CubeIDE_2.0.0/STM32CubeIDE/plugins/com.st.stm32cube.ide.mcu.externaltools.gnu-tools-for-stm32.13.3.rel1.win32_1.0.100.202509120712/tools/bin/../lib/gcc/arm-none-eabi/13.3.1/../../../../arm-none-eabi/lib/thumb/v7e-m+fp/hard\libc_nano.a(libc_a-mprec.o)
                0x0800e904                __lshift
 .text.__mcmp   0x0800e9dc       0x36 D:/STM32/STM32CubeIde/STM32CubeIDE_2.0.0/STM32CubeIDE/plugins/com.st.stm32cube.ide.mcu.externaltools.gnu-tools-for-stm32.13.3.rel1.win32_1.0.100.202509120712/tools/bin/../lib/gcc/arm-none-eabi/13.3.1/../../../../arm-none-eabi/lib/thumb/v7e-m+fp/hard\libc_nano.a(libc_a-mprec.o)
                0x0800e9dc                __mcmp
 *fill*         0x0800ea12        0x2 
 .text.__mdiff  0x0800ea14      0x128 D:/STM32/STM32CubeIde/STM32CubeIDE_2.0.0/STM32CubeIDE/plugins/com.st.stm32cube.ide.mcu.externaltools.gnu-tools-for-stm32.13.3.rel1.win32_1.0.100.202509120712/tools/bin/../lib/gcc/arm-none-eabi/13.3.1/../../../../arm-none-eabi/lib/thumb/v7e-m+fp/hard\libc_nano.a(libc_a-mprec.o)
                0x0800ea14                __mdiff
 .text.__d2b    0x0800eb3c       0xb0 D:/STM32/STM32CubeIde/STM32CubeIDE_2.0.0/STM32CubeIDE/plugins/com.st.stm32cube.ide.mcu.externaltools.gnu-tools-for-stm32.13.3.rel1.win32_1.0.100.202509120712/tools/bin/../lib/gcc/arm-none-eabi/13.3.1/../../../../arm-none-eabi/lib/thumb/v7e-m+fp/hard\libc_nano.a(libc_a-mprec.o)
                0x0800eb3c                __d2b
 .text.__sfputc_r
                0x0800ebec       0x2e D:/STM32/STM32CubeIde/STM32CubeIDE_2.0.0/STM32CubeIDE/plugins/com.st.stm32cube.ide.mcu.externaltools.gnu-tools-for-stm32.13.3.rel1.win32_1.0.100.202509120712/tools/bin/../lib/gcc/arm-none-eabi/13.3.1/../../../../arm-none-eabi/lib/thumb/v7e-m+fp/hard\libc_nano.a(libc_a-nano-vfprintf.o)
 .text.__sfputs_r
                0x0800ec1a       0x24 D:/STM32/STM32CubeIde/STM32CubeIDE_2.0.0/STM32CubeIDE/plugins/com.st.stm32cube.ide.mcu.externaltools.gnu-tools-for-stm32.13.3.rel1.win32_1.0.100.202509120712/tools/bin/../lib/gcc/arm-none-eabi/13.3.1/../../../../arm-none-eabi/lib/thumb/v7e-m+fp/hard\libc_nano.a(libc_a-nano-vfprintf.o)
                0x0800ec1a                __sfputs_r
 *fill*         0x0800ec3e        0x2 
 .text._vfprintf_r
                0x0800ec40      0x230 D:/STM32/STM32CubeIde/STM32CubeIDE_2.0.0/STM32CubeIDE/plugins/com.st.stm32cube.ide.mcu.externaltools.gnu-tools-for-stm32.13.3.rel1.win32_1.0.100.202509120712/tools/bin/../lib/gcc/arm-none-eabi/13.3.1/../../../../arm-none-eabi/lib/thumb/v7e-m+fp/hard\libc_nano.a(libc_a-nano-vfprintf.o)
                0x0800ec40                _vfprintf_r
                0x0800ec40                _vfiprintf_r
 .text.__sflush_r
                0x0800ee70      0x108 D:/STM32/STM32CubeIde/STM32CubeIDE_2.0.0/STM32CubeIDE/plugins/com.st.stm32cube.ide.mcu.externaltools.gnu-tools-for-stm32.13.3.rel1.win32_1.0.100.202509120712/tools/bin/../lib/gcc/arm-none-eabi/13.3.1/../../../../arm-none-eabi/lib/thumb/v7e-m+fp/hard\libc_nano.a(libc_a-fflush.o)
                0x0800ee70                __sflush_r
 .text._fflush_r
                0x0800ef78       0x50 D:/STM32/STM32CubeIde/STM32CubeIDE_2.0.0/STM32CubeIDE/plugins/com.st.stm32cube.ide.mcu.externaltools.gnu-tools-for-stm32.13.3.rel1.win32_1.0.100.202509120712/tools/bin/../lib/gcc/arm-none-eabi/13.3.1/../../../../arm-none-eabi/lib/thumb/v7e-m+fp/hard\libc_nano.a(libc_a-fflush.o)
                0x0800ef78                _fflush_r
 .text.__swbuf_r
                0x0800efc8       0x7c D:/STM32/STM32CubeIde/STM32CubeIDE_2.0.0/STM32CubeIDE/plugins/com.st.stm32cube.ide.mcu.externaltools.gnu-tools-for-stm32.13.3.rel1.win32_1.0.100.202509120712/tools/bin/../lib/gcc/arm-none-eabi/13.3.1/../../../../arm-none-eabi/lib/thumb/v7e-m+fp/hard\libc_nano.a(libc_a-wbuf.o)
                0x0800efc8                __swbuf_r
 .text.__swsetup_r
                0x0800f044       0xac D:/STM32/STM32CubeIde/STM32CubeIDE_2.0.0/STM32CubeIDE/plugins/com.st.stm32cube.ide.mcu.externaltools.gnu-tools-for-stm32.13.3.rel1.win32_1.0.100.202509120712/tools/bin/../lib/gcc/arm-none-eabi/13.3.1/../../../../arm-none-eabi/lib/thumb/v7e-m+fp/hard\libc_nano.a(libc_a-wsetup.o)
                0x0800f044                __swsetup_r
 .text._sbrk_r  0x0800f0f0       0x20 D:/STM32/STM32CubeIde/STM32CubeIDE_2.0.0/STM32CubeIDE/plugins/com.st.stm32cube.ide.mcu.externaltools.gnu-tools-for-stm32.13.3.rel1.win32_1.0.100.202509120712/tools/bin/../lib/gcc/arm-none-eabi/13.3.1/../../../../arm-none-eabi/lib/thumb/v7e-m+fp/hard\libc_nano.a(libc_a-sbrkr.o)
                0x0800f0f0                _sbrk_r
 .text.__assert_func
                0x0800f110       0x3c D:/STM32/STM32CubeIde/STM32CubeIDE_2.0.0/STM32CubeIDE/plugins/com.st.stm32cube.ide.mcu.externaltools.gnu-tools-for-stm32.13.3.rel1.win32_1.0.100.202509120712/tools/bin/../lib/gcc/arm-none-eabi/13.3.1/../../../../arm-none-eabi/lib/thumb/v7e-m+fp/hard\libc_nano.a(libc_a-assert.o)
                0x0800f110                __assert_func
 .text._calloc_r
                0x0800f14c       0x28 D:/STM32/STM32CubeIde/STM32CubeIDE_2.0.0/STM32CubeIDE/plugins/com.st.stm32cube.ide.mcu.externaltools.gnu-tools-for-stm32.13.3.rel1.win32_1.0.100.202509120712/tools/bin/../lib/gcc/arm-none-eabi/13.3.1/../../../../arm-none-eabi/lib/thumb/v7e-m+fp/hard\libc_nano.a(libc_a-callocr.o)
                0x0800f14c                _calloc_r
 .text.__ascii_mbtowc
                0x0800f174       0x24 D:/STM32/STM32CubeIde/STM32CubeIDE_2.0.0/STM32CubeIDE/plugins/com.st.stm32cube.ide.mcu.externaltools.gnu-tools-for-stm32.13.3.rel1.win32_1.0.100.202509120712/tools/bin/../lib/gcc/arm-none-eabi/13.3.1/../../../../arm-none-eabi/lib/thumb/v7e-m+fp/hard\libc_nano.a(libc_a-mbtowc_r.o)
                0x0800f174                __ascii_mbtowc
 .text.__ascii_wctomb
                0x0800f198       0x1a D:/STM32/STM32CubeIde/STM32CubeIDE_2.0.0/STM32CubeIDE/plugins/com.st.stm32cube.ide.mcu.externaltools.gnu-tools-for-stm32.13.3.rel1.win32_1.0.100.202509120712/tools/bin/../lib/gcc/arm-none-eabi/13.3.1/../../../../arm-none-eabi/lib/thumb/v7e-m+fp/hard\libc_nano.a(libc_a-wctomb_r.o)
                0x0800f198                __ascii_wctomb
 *fill*         0x0800f1b2        0x2 
 .text.fprintf  0x0800f1b4       0x24 D:/STM32/STM32CubeIde/STM32CubeIDE_2.0.0/STM32CubeIDE/plugins/com.st.stm32cube.ide.mcu.externaltools.gnu-tools-for-stm32.13.3.rel1.win32_1.0.100.202509120712/tools/bin/../lib/gcc/arm-none-eabi/13.3.1/../../../../arm-none-eabi/lib/thumb/v7e-m+fp/hard\libc_nano.a(libc_a-fprintf.o)
                0x0800f1b4                fiprintf
                0x0800f1b4                fprintf
 .text.__swhatbuf_r
                0x0800f1d8       0x4c D:/STM32/STM32CubeIde/STM32CubeIDE_2.0.0/STM32CubeIDE/plugins/com.st.stm32cube.ide.mcu.externaltools.gnu-tools-for-stm32.13.3.rel1.win32_1.0.100.202509120712/tools/bin/../lib/gcc/arm-none-eabi/13.3.1/../../../../arm-none-eabi/lib/thumb/v7e-m+fp/hard\libc_nano.a(libc_a-makebuf.o)
                0x0800f1d8                __swhatbuf_r
 .text.__smakebuf_r
                0x0800f224       0x78 D:/STM32/STM32CubeIde/STM32CubeIDE_2.0.0/STM32CubeIDE/plugins/com.st.stm32cube.ide.mcu.externaltools.gnu-tools-for-stm32.13.3.rel1.win32_1.0.100.202509120712/tools/bin/../lib/gcc/arm-none-eabi/13.3.1/../../../../arm-none-eabi/lib/thumb/v7e-m+fp/hard\libc_nano.a(libc_a-makebuf.o)
                0x0800f224                __smakebuf_r
 .text._fstat_r
                0x0800f29c       0x24 D:/STM32/STM32CubeIde/STM32CubeIDE_2.0.0/STM32CubeIDE/plugins/com.st.stm32cube.ide.mcu.externaltools.gnu-tools-for-stm32.13.3.rel1.win32_1.0.100.202509120712/tools/bin/../lib/gcc/arm-none-eabi/13.3.1/../../../../arm-none-eabi/lib/thumb/v7e-m+fp/hard\libc_nano.a(libc_a-fstatr.o)
                0x0800f29c                _fstat_r
 .text._isatty_r
                0x0800f2c0       0x20 D:/STM32/STM32CubeIde/STM32CubeIDE_2.0.0/STM32CubeIDE/plugins/com.st.stm32cube.ide.mcu.externaltools.gnu-tools-for-stm32.13.3.rel1.win32_1.0.100.202509120712/tools/bin/../lib/gcc/arm-none-eabi/13.3.1/../../../../arm-none-eabi/lib/thumb/v7e-m+fp/hard\libc_nano.a(libc_a-isattyr.o)
                0x0800f2c0                _isatty_r
 .text.abort    0x0800f2e0        0xe D:/STM32/STM32CubeIde/STM32CubeIDE_2.0.0/STM32CubeIDE/plugins/com.st.stm32cube.ide.mcu.externaltools.gnu-tools-for-stm32.13.3.rel1.win32_1.0.100.202509120712/tools/bin/../lib/gcc/arm-none-eabi/13.3.1/../../../../arm-none-eabi/lib/thumb/v7e-m+fp/hard\libc_nano.a(libc_a-abort.o)
                0x0800f2e0                abort
 .text._raise_r