Archive member included to satisfy reference by file (symbol)

D:/STM32/STM32CubeIde/STM32CubeIDE_2.0.0/STM32CubeIDE/plugins/com.st.stm32cube.ide.mcu.externaltools.gnu-tools-for-stm32.13.3.rel1.win32_1.0.100.202509120712/tools/bin/../lib/gcc/arm-none-eabi/13.3.1/../../../../arm-none-eabi/lib/thumb/v7e-m+fp/hard\libc_nano.a(libc_a-exit.o)
                              D:/STM32/STM32CubeIde/STM32CubeIDE_2.0.0/STM32CubeIDE/plugins/com.st.stm32cube.ide.mcu.externaltools.gnu-tools-for-stm32.13.3.rel1.win32_1.0.100.202509120712/tools/bin/../lib/gcc/arm-none-eabi/13.3.1/../../../../arm-none-eabi/lib/thumb/v7e-m+fp/hard/crt0.o (exit)
D:/STM32/STM32CubeIde/STM32CubeIDE_2.0.0/STM32CubeIDE/plugins/com.st.stm32cube.ide.mcu.externaltools.gnu-tools-for-stm32.13.3.rel1.win32_1.0.100.202509120712/tools/bin/../lib/gcc/arm-none-eabi/13.3.1/../../../../arm-none-eabi/lib/thumb/v7e-m+fp/hard\libc_nano.a(libc_a-nano-vfprintf_float.o)
                              (_printf_float)
D:/STM32/STM32CubeIde/STM32CubeIDE_2.0.0/STM32CubeIDE/plugins/com.st.stm32cube.ide.mcu.externaltools.gnu-tools-for-stm32.13.3.rel1.win32_1.0.100.202509120712/tools/bin/../lib/gcc/arm-none-eabi/13.3.1/../../../../arm-none-eabi/lib/thumb/v7e-m+fp/hard\libc_nano.a(libc_a-nano-vfprintf_i.o)
                              D:/STM32/STM32CubeIde/STM32CubeIDE_2.0.0/STM32CubeIDE/plugins/com.st.stm32cube.ide.mcu.externaltools.gnu-tools-for-stm32.13.3.rel1.win32_1.0.100.202509120712/tools/bin/../lib/gcc/arm-none-eabi/13.3.1/../../../../arm-none-eabi/lib/thumb/v7e-m+fp/hard\libc_nano.a(libc_a-nano-vfprintf_float.o) (_printf_common)
D:/STM32/STM32CubeIde/STM32CubeIDE_2.0.0/STM32CubeIDE/plugins/com.st.stm32cube.ide.mcu.externaltools.gnu-tools-for-stm32.13.3.rel1.win32_1.0.100.202509120712/tools/bin/../lib/gcc/arm-none-eabi/13.3.1/../../../../arm-none-eabi/lib/thumb/v7e-m+fp/hard\libc_nano.a(libc_a-nano-vfscanf_float.o)
                              (_scanf_float)
D:/STM32/STM32CubeIde/STM32CubeIDE_2.0.0/STM32CubeIDE/plugins/com.st.stm32cube.ide.mcu.externaltools.gnu-tools-for-stm32.13.3.rel1.win32_1.0.100.202509120712/tools/bin/../lib/gcc/arm-none-eabi/13.3.1/../../../../arm-none-eabi/lib/thumb/v7e-m+fp/hard\libc_nano.a(libc_a-findfp.o)
                              D:/STM32/STM32CubeIde/STM32CubeIDE_2.0.0/STM32CubeIDE/plugins/com.st.stm32cube.ide.mcu.externaltools.gnu-tools-for-stm32.13.3.rel1.win32_1.0.100.202509120712/tools/bin/../lib/gcc/arm-none-eabi/13.3.1/../../../../arm-none-eabi/lib/thumb/v7e-m+fp/hard\libc_nano.a(libc_a-exit.o) (__stdio_exit_handler)
D:/STM32/STM32CubeIde/STM32CubeIDE_2.0.0/STM32CubeIDE/plugins/com.st.stm32cube.ide.mcu.externaltools.gnu-tools-for-stm32.13.3.rel1.win32_1.0.100.202509120712/tools/bin/../lib/gcc/arm-none-eabi/13.3.1/../../../../arm-none-eabi/lib/thumb/v7e-m+fp/hard\libc_nano.a(libc_a-fwalk.o)
                              D:/STM32/STM32CubeIde/STM32CubeIDE_2.0.0/STM32CubeIDE/plugins/com.st.stm32cube.ide.mcu.externaltools.gnu-tools-for-stm32.13.3.rel1.win32_1.0.100.202509120712/tools/bin/../lib/gcc/arm-none-eabi/13.3.1/../../../../arm-none-eabi/lib/thumb/v7e-m+fp/hard\libc_nano.a(libc_a-findfp.o) (_fwalk_sglue)
D:/STM32/STM32CubeIde/STM32CubeIDE_2.0.0/STM32CubeIDE/plugins/com.st.stm32cube.ide.mcu.externaltools.gnu-tools-for-stm32.13.3.rel1.win32_1.0.100.202509120712/tools/bin/../lib/gcc/arm-none-eabi/13.3.1/../../../../arm-none-eabi/lib/thumb/v7e-m+fp/hard\libc_nano.a(libc_a-printf.o)
                              ./Core/Src/main.o (printf)
D:/STM32/STM32CubeIde/STM32CubeIDE_2.0.0/STM32CubeIDE/plugins/com.st.stm32cube.ide.mcu.externaltools.gnu-tools-for-stm32.13.3.rel1.win32_1.0.100.202509120712/tools/bin/../lib/gcc/arm-none-eabi/13.3.1/../../../../arm-none-eabi/lib/thumb/v7e-m+fp/hard\libc_nano.a(libc_a-puts.o)
                              ./Core/Src/main.o (puts)
D:/STM32/STM32CubeIde/STM32CubeIDE_2.0.0/STM32CubeIDE/plugins/com.st.stm32cube.ide.mcu.externaltools.gnu-tools-for-stm32.13.3.rel1.win32_1.0.100.202509120712/tools/bin/../lib/gcc/arm-none-eabi/13.3.1/../../../../arm-none-eabi/lib/thumb/v7e-m+fp/hard\libc_nano.a(libc_a-sprintf.o)
                              ./Core/Src/main.o (sprintf)
D:/STM32/STM32CubeIde/STM32CubeIDE_2.0.0/STM32CubeIDE/plugins/com.st.stm32cube.ide.mcu.externaltools.gnu-tools-for-stm32.13.3.rel1.win32_1.0.100.202509120712/tools/bin/../lib/gcc/arm-none-eabi/13.3.1/../../../../arm-none-eabi/lib/thumb/v7e-m+fp/hard\libc_nano.a(libc_a-sscanf.o)
                              ./Core/Src/main.o (sscanf)
D:/STM32/STM32CubeIde/STM32CubeIDE_2.0.0/STM32CubeIDE/plugins/com.st.stm32cube.ide.mcu.externaltools.gnu-tools-for-stm32.13.3.rel1.win32_1.0.100.202509120712/tools/bin/../lib/gcc/arm-none-eabi/13.3.1/../../../../arm-none-eabi/lib/thumb/v7e-m+fp/hard\libc_nano.a(libc_a-stdio.o)
[...]
Memory Configuration

Name             Origin             Length             Attributes
RAM              0x20000000         0x0000c000         xrw
RAM2             0x10000000         0x00004000         xrw
FLASH            0x08000000         0x00040000         xr
*default*        0x00000000         0xffffffff

Linker script and memory map

LOAD D:/STM32/STM32CubeIde/STM32CubeIDE_2.0.0/STM32CubeIDE/plugins/com.st.stm32cube.ide.mcu.externaltools.gnu-tools-for-stm32.13.3.rel1.win32_1.0.100.202509120712/tools/bin/../lib/gcc/arm-none-eabi/13.3.1/thumb/v7e-m+fp/hard/crti.o
LOAD D:/STM32/STM32CubeIde/STM32CubeIDE_2.0.0/STM32CubeIDE/plugins/com.st.stm32cube.ide.mcu.externaltools.gnu-tools-for-stm32.13.3.rel1.win32_1.0.100.202509120712/tools/bin/../lib/gcc/arm-none-eabi/13.3.1/thumb/v7e-m+fp/hard/crtbegin.o
LOAD D:/STM32/STM32CubeIde/STM32CubeIDE_2.0.0/STM32CubeIDE/plugins/com.st.stm32cube.ide.mcu.externaltools.gnu-tools-for-stm32.13.3.rel1.win32_1.0.100.202509120712/tools/bin/../lib/gcc/arm-none-eabi/13.3.1/../../../../arm-none-eabi/lib/thumb/v7e-m+fp/hard/crt0.o
LOAD ./Core/Src/main.o
LOAD ./Core/Src/stm32l4xx_hal_msp.o
LOAD ./Core/Src/stm32l4xx_it.o
LOAD ./Core/Src/syscalls.o
LOAD ./Core/Src/sysmem.o
LOAD ./Core/Src/system_stm32l4xx.o
LOAD ./Core/Startup/startup_stm32l432kcux.o
LOAD ./Drivers/STM32L4xx_HAL_Driver/Src/stm32l4xx_hal.o
LOAD ./Drivers/STM32L4xx_HAL_Driver/Src/stm32l4xx_hal_cortex.o
LOAD ./Drivers/STM32L4xx_HAL_Driver/Src/stm32l4xx_hal_dma.o
LOAD ./Drivers/STM32L4xx_HAL_Driver/Src/stm32l4xx_hal_dma_ex.o
LOAD ./Drivers/STM32L4xx_HAL_Driver/Src/stm32l4xx_hal_exti.o
LOAD ./Drivers/STM32L4xx_HAL_Driver/Src/stm32l4xx_hal_flash.o
LOAD ./Drivers/STM32L4xx_HAL_Driver/Src/stm32l4xx_hal_flash_ex.o
LOAD ./Drivers/STM32L4xx_HAL_Driver/Src/stm32l4xx_hal_flash_ramfunc.o
LOAD ./Drivers/STM32L4xx_HAL_Driver/Src/stm32l4xx_hal_gpio.o
LOAD ./Drivers/STM32L4xx_HAL_Driver/Src/stm32l4xx_hal_i2c.o
LOAD ./Drivers/STM32L4xx_HAL_Driver/Src/stm32l4xx_hal_i2c_ex.o
LOAD ./Drivers/STM32L4xx_HAL_Driver/Src/stm32l4xx_hal_pwr.o
LOAD ./Drivers/STM32L4xx_HAL_Driver/Src/stm32l4xx_hal_pwr_ex.o
LOAD ./Drivers/STM32L4xx_HAL_Driver/Src/stm32l4xx_hal_rcc.o
LOAD ./Drivers/STM32L4xx_HAL_Driver/Src/stm32l4xx_hal_rcc_ex.o
LOAD ./Drivers/STM32L4xx_HAL_Driver/Src/stm32l4xx_hal_spi.o
LOAD ./Drivers/STM32L4xx_HAL_Driver/Src/stm32l4xx_hal_spi_ex.o
LOAD ./Drivers/STM32L4xx_HAL_Driver/Src/stm32l4xx_hal_tim.o
LOAD ./Drivers/STM32L4xx_HAL_Driver/Src/stm32l4xx_hal_tim_ex.o
LOAD ./Drivers/STM32L4xx_HAL_Driver/Src/stm32l4xx_hal_uart.o
LOAD ./Drivers/STM32L4xx_HAL_Driver/Src/stm32l4xx_hal_uart_ex.o
LOAD ./Middleware/ThirdParty/LMIC/aes/ideetron/AES-128_V10.o
LOAD ./Middleware/ThirdParty/LMIC/aes/lmic.o
LOAD ./Middleware/ThirdParty/LMIC/aes/other.o
LOAD ./Middleware/ThirdParty/LMIC/hal/hal.o
LOAD ./Middleware/ThirdParty/LMIC/lmic/lmic.o
LOAD ./Middleware/ThirdParty/LMIC/lmic/lmic_as923.o
LOAD ./Middleware/ThirdParty/LMIC/lmic/lmic_au915.o
LOAD ./Middleware/ThirdParty/LMIC/lmic/lmic_channelshuffle.o
LOAD ./Middleware/ThirdParty/LMIC/lmic/lmic_compliance.o
LOAD ./Middleware/ThirdParty/LMIC/lmic/lmic_eu868.o
LOAD ./Middleware/ThirdParty/LMIC/lmic/lmic_eu_like.o
LOAD ./Middleware/ThirdParty/LMIC/lmic/lmic_in866.o
LOAD ./Middleware/ThirdParty/LMIC/lmic/lmic_kr920.o
LOAD ./Middleware/ThirdParty/LMIC/lmic/lmic_us915.o
LOAD ./Middleware/ThirdParty/LMIC/lmic/lmic_us_like.o
LOAD ./Middleware/ThirdParty/LMIC/lmic/lmic_util.o
LOAD ./Middleware/ThirdParty/LMIC/lmic/oslmic.o
LOAD ./Middleware/ThirdParty/LMIC/lmic/radio_sx126x.o
LOAD ./Middleware/ThirdParty/LMIC/lmic/radio_sx127x.o
LOAD ./Middleware/ThirdParty/LMIC/se/drivers/default/lmic_se_default.o
START GROUP
LOAD D:/STM32/STM32CubeIde/STM32CubeIDE_2.0.0/STM32CubeIDE/plugins/com.st.stm32cube.ide.mcu.externaltools.gnu-tools-for-stm32.13.3.rel1.win32_1.0.100.202509120712/tools/bin/../lib/gcc/arm-none-eabi/13.3.1/../../../../arm-none-eabi/lib/thumb/v7e-m+fp/hard\libc_nano.a
LOAD D:/STM32/STM32CubeIde/STM32CubeIDE_2.0.0/STM32CubeIDE/plugins/com.st.stm32cube.ide.mcu.externaltools.gnu-tools-for-stm32.13.3.rel1.win32_1.0.100.202509120712/tools/bin/../lib/gcc/arm-none-eabi/13.3.1/../../../../arm-none-eabi/lib/thumb/v7e-m+fp/hard\libm.a
END GROUP
START GROUP
LOAD D:/STM32/STM32CubeIde/STM32CubeIDE_2.0.0/STM32CubeIDE/plugins/com.st.stm32cube.ide.mcu.externaltools.gnu-tools-for-stm32.13.3.rel1.win32_1.0.100.202509120712/tools/bin/../lib/gcc/arm-none-eabi/13.3.1/thumb/v7e-m+fp/hard\libgcc.a
LOAD D:/STM32/STM32CubeIde/STM32CubeIDE_2.0.0/STM32CubeIDE/plugins/com.st.stm32cube.ide.mcu.externaltools.gnu-tools-for-stm32.13.3.rel1.win32_1.0.100.202509120712/tools/bin/../lib/gcc/arm-none-eabi/13.3.1/../../../../arm-none-eabi/lib/thumb/v7e-m+fp/hard\libc_nano.a
END GROUP
START GROUP
LOAD D:/STM32/STM32CubeIde/STM32CubeIDE_2.0.0/STM32CubeIDE/plugins/com.st.stm32cube.ide.mcu.externaltools.gnu-tools-for-stm32.13.3.rel1.win32_1.0.100.202509120712/tools/bin/../lib/gcc/arm-none-eabi/13.3.1/thumb/v7e-m+fp/hard\libgcc.a
LOAD D:/STM32/STM32CubeIde/STM32CubeIDE_2.0.0/STM32CubeIDE/plugins/com.st.stm32cube.ide.mcu.externaltools.gnu-tools-for-stm32.13.3.rel1.win32_1.0.100.202509120712/tools/bin/../lib/gcc/arm-none-eabi/13.3.1/../../../../arm-none-eabi/lib/thumb/v7e-m+fp/hard\libc_nano.a
LOAD D:/STM32/STM32CubeIde/STM32CubeIDE_2.0.0/STM32CubeIDE/plugins/com.st.stm32cube.ide.mcu.externaltools.gnu-tools-for-stm32.13.3.rel1.win32_1.0.100.202509120712/tools/bin/../lib/gcc/arm-none-eabi/13.3.1/../../../../arm-none-eabi/lib/thumb/v7e-m+fp/hard\libnosys.a
END GROUP
START GROUP
LOAD D:/STM32/STM32CubeIde/STM32CubeIDE_2.0.0/STM32CubeIDE/plugins/com.st.stm32cube.ide.mcu.externaltools.gnu-tools-for-stm32.13.3.rel1.win32_1.0.100.202509120712/tools/bin/../lib/gcc/arm-none-eabi/13.3.1/thumb/v7e-m+fp/hard\libgcc.a
LOAD D:/STM32/STM32CubeIde/STM32CubeIDE_2.0.0/STM32CubeIDE/plugins/com.st.stm32cube.ide.mcu.externaltools.gnu-tools-for-stm32.13.3.rel1.win32_1.0.100.202509120712/tools/bin/../lib/gcc/arm-none-eabi/13.3.1/../../../../arm-none-eabi/lib/thumb/v7e-m+fp/hard\libc_nano.a
LOAD D:/STM32/STM32CubeIde/STM32CubeIDE_2.0.0/STM32CubeIDE/plugins/com.st.stm32cube.ide.mcu.externaltools.gnu-tools-for-stm32.13.3.rel1.win32_1.0.100.202509120712/tools/bin/../lib/gcc/arm-none-eabi/13.3.1/../../../../arm-none-eabi/lib/thumb/v7e-m+fp/hard\libnosys.a
END GROUP
LOAD D:/STM32/STM32CubeIde/STM32CubeIDE_2.0.0/STM32CubeIDE/plugins/com.st.stm32cube.ide.mcu.externaltools.gnu-tools-for-stm32.13.3.rel1.win32_1.0.100.202509120712/tools/bin/../lib/gcc/arm-none-eabi/13.3.1/thumb/v7e-m+fp/hard/crtend.o
LOAD D:/STM32/STM32CubeIde/STM32CubeIDE_2.0.0/STM32CubeIDE/plugins/com.st.stm32cube.ide.mcu.externaltools.gnu-tools-for-stm32.13.3.rel1.win32_1.0.100.202509120712/tools/bin/../lib/gcc/arm-none-eabi/13.3.1/thumb/v7e-m+fp/hard/crtn.o
                0x2000c000                        _estack = (ORIGIN (RAM) + LENGTH (RAM))
                0x00000200                        _Min_Heap_Size = 0x200
                0x00000400                        _Min_Stack_Size = 0x400

.isr_vector     0x08000000      0x18c
                0x08000000                        . = ALIGN (0x4)
 *(.isr_vector)
 .isr_vector    0x08000000      0x18c ./Core/Startup/startup_stm32l432kcux.o
                0x08000000                g_pfnVectors
                0x0800018c                        . = ALIGN (0x4)

.text           0x08000190    0x124c8
                0x08000190                        . = ALIGN (0x4)
 *(.text)
 .text          0x08000190       0x40 D:/STM32/STM32CubeIde/STM32CubeIDE_2.0.0/STM32CubeIDE/plugins/com.st.stm32cube.ide.mcu.externaltools.gnu-tools-for-stm32.13.3.rel1.win32_1.0.100.202509120712/tools/bin/../lib/gcc/arm-none-eabi/13.3.1/thumb/v7e-m+fp/hard/crtbegin.o
 .text          0x080001d0       0xa0 D:/STM32/STM32CubeIde/STM32CubeIDE_2.0.0/STM32CubeIDE/plugins/com.st.stm32cube.ide.mcu.externaltools.gnu-tools-for-stm32.13.3.rel1.win32_1.0.100.202509120712/tools/bin/../lib/gcc/arm-none-eabi/13.3.1/../../../../arm-none-eabi/lib/thumb/v7e-m+fp/hard\libc_nano.a(libc_a-memchr.o)
                0x080001d0                memchr
 .text          0x08000270       0x10 D:/STM32/STM32CubeIde/STM32CubeIDE_2.0.0/STM32CubeIDE/plugins/com.st.stm32cube.ide.mcu.externaltools.gnu-tools-for-stm32.13.3.rel1.win32_1.0.100.202509120712/tools/bin/../lib/gcc/arm-none-eabi/13.3.1/../../../../arm-none-eabi/lib/thumb/v7e-m+fp/hard\libc_nano.a(libc_a-strlen.o)
                0x08000270                strlen
 .text          0x08000280      0x378 D:/STM32/STM32CubeIde/STM32CubeIDE_2.0.0/STM32CubeIDE/plugins/com.st.stm32cube.ide.mcu.externaltools.gnu-tools-for-stm32.13.3.rel1.win32_1.0.100.202509120712/tools/bin/../lib/gcc/arm-none-eabi/13.3.1/thumb/v7e-m+fp/hard\libgcc.a(_arm_addsubdf3.o)
                0x08000280                __aeabi_drsub
                0x08000288                __aeabi_dsub
                0x08000288                __subdf3
                0x0800028c                __aeabi_dadd
                0x0800028c                __adddf3
                0x08000504                __floatunsidf
                0x08000504                __aeabi_ui2d
                0x08000524                __floatsidf
                0x08000524                __aeabi_i2d
                0x08000548                __aeabi_f2d
                0x08000548                __extendsfdf2
                0x0800058c                __floatundidf
                0x0800058c                __aeabi_ul2d
                0x0800059c                __floatdidf
                0x0800059c                __aeabi_l2d
 .text          0x080005f8      0x424 D:/STM32/STM32CubeIde/STM32CubeIDE_2.0.0/STM32CubeIDE/plugins/com.st.stm32cube.ide.mcu.externaltools.gnu-tools-for-stm32.13.3.rel1.win32_1.0.100.202509120712/tools/bin/../lib/gcc/arm-none-eabi/13.3.1/thumb/v7e-m+fp/hard\libgcc.a(_arm_muldivdf3.o)
                0x080005f8                __aeabi_dmul
                0x080005f8                __muldf3
                0x0800084c                __divdf3
                0x0800084c                __aeabi_ddiv
 .text          0x08000a1c      0x110 D:/STM32/STM32CubeIde/STM32CubeIDE_2.0.0/STM32CubeIDE/plugins/com.st.stm32cube.ide.mcu.externaltools.gnu-tools-for-stm32.13.3.rel1.win32_1.0.100.202509120712/tools/bin/../lib/gcc/arm-none-eabi/13.3.1/thumb/v7e-m+fp/hard\libgcc.a(_arm_cmpdf2.o)
                0x08000a1c                __gtdf2
                0x08000a1c                __gedf2
                0x08000a24                __ltdf2
                0x08000a24                __ledf2
                0x08000a2c                __nedf2
                0x08000a2c                __eqdf2
                0x08000a2c                __cmpdf2
                0x08000aa8                __aeabi_cdrcmple
                0x08000ab8                __aeabi_cdcmpeq
                0x08000ab8                __aeabi_cdcmple
                0x08000ac8                __aeabi_dcmpeq
                0x08000adc                __aeabi_dcmplt
                0x08000af0                __aeabi_dcmple
                0x08000b04                __aeabi_dcmpge
                0x08000b18                __aeabi_dcmpgt
 .text          0x08000b2c       0x2c D:/STM32/STM32CubeIde/STM32CubeIDE_2.0.0/STM32CubeIDE/plugins/com.st.stm32cube.ide.mcu.externaltools.gnu-tools-for-stm32.13.3.rel1.win32_1.0.100.202509120712/tools/bin/../lib/gcc/arm-none-eabi/13.3.1/thumb/v7e-m+fp/hard\libgcc.a(_arm_unorddf2.o)
                0x08000b2c                __unorddf2
                0x08000b2c                __aeabi_dcmpun
 .text          0x08000b58       0x50 D:/STM32/STM32CubeIde/STM32CubeIDE_2.0.0/STM32CubeIDE/plugins/com.st.stm32cube.ide.mcu.externaltools.gnu-tools-for-stm32.13.3.rel1.win32_1.0.100.202509120712/tools/bin/../lib/gcc/arm-none-eabi/13.3.1/thumb/v7e-m+fp/hard\libgcc.a(_arm_fixdfsi.o)
                0x08000b58                __aeabi_d2iz
                0x08000b58                __fixdfsi
 .text          0x08000ba8       0x40 D:/STM32/STM32CubeIde/STM32CubeIDE_2.0.0/STM32CubeIDE/plugins/com.st.stm32cube.ide.mcu.externaltools.gnu-tools-for-stm32.13.3.rel1.win32_1.0.100.202509120712/tools/bin/../lib/gcc/arm-none-eabi/13.3.1/thumb/v7e-m+fp/hard\libgcc.a(_arm_fixunsdfsi.o)
                0x08000ba8                __aeabi_d2uiz
                0x08000ba8                __fixunsdfsi
 .text          0x08000be8       0xa0 D:/STM32/STM32CubeIde/STM32CubeIDE_2.0.0/STM32CubeIDE/plugins/com.st.stm32cube.ide.mcu.externaltools.gnu-tools-for-stm32.13.3.rel1.win32_1.0.100.202509120712/tools/bin/../lib/gcc/arm-none-eabi/13.3.1/thumb/v7e-m+fp/hard\libgcc.a(_arm_truncdfsf2.o)
                0x08000be8                __truncdfsf2
                0x08000be8                __aeabi_d2f
 .text          0x08000c88       0xa0 D:/STM32/STM32CubeIde/STM32CubeIDE_2.0.0/STM32CubeIDE/plugins/com.st.stm32cube.ide.mcu.externaltools.gnu-tools-for-stm32.13.3.rel1.win32_1.0.100.202509120712/tools/bin/../lib/gcc/arm-none-eabi/13.3.1/thumb/v7e-m+fp/hard\libgcc.a(_aeabi_ldivmod.o)
                0x08000c88                __aeabi_ldivmod
 .text          0x08000d28       0x30 D:/STM32/STM32CubeIde/STM32CubeIDE_2.0.0/STM32CubeIDE/plugins/com.st.stm32cube.ide.mcu.externaltools.gnu-tools-for-stm32.13.3.rel1.win32_1.0.100.202509120712/tools/bin/../lib/gcc/arm-none-eabi/13.3.1/thumb/v7e-m+fp/hard\libgcc.a(_aeabi_uldivmod.o)
                0x08000d28                __aeabi_uldivmod
 .text          0x08000d58       0x30 D:/STM32/STM32CubeIde/STM32CubeIDE_2.0.0/STM32CubeIDE/plugins/com.st.stm32cube.ide.mcu.externaltools.gnu-tools-for-stm32.13.3.rel1.win32_1.0.100.202509120712/tools/bin/../lib/gcc/arm-none-eabi/13.3.1/thumb/v7e-m+fp/hard\libgcc.a(_fixdfdi.o)
                0x08000d58                __fixdfdi
                0x08000d58                __aeabi_d2lz
 .text          0x08000d88       0x3c D:/STM32/STM32CubeIde/STM32CubeIDE_2.0.0/STM32CubeIDE/plugins/com.st.stm32cube.ide.mcu.externaltools.gnu-tools-for-stm32.13.3.rel1.win32_1.0.100.202509120712/tools/bin/../lib/gcc/arm-none-eabi/13.3.1/thumb/v7e-m+fp/hard\libgcc.a(_fixunsdfdi.o)
                0x08000d88                __fixunsdfdi
                0x08000d88                __aeabi_d2ulz
 .text          0x08000dc4      0x2f8 D:/STM32/STM32CubeIde/STM32CubeIDE_2.0.0/STM32CubeIDE/plugins/com.st.stm32cube.ide.mcu.externaltools.gnu-tools-for-stm32.13.3.rel1.win32_1.0.100.202509120712/tools/bin/../lib/gcc/arm-none-eabi/13.3.1/thumb/v7e-m+fp/hard\libgcc.a(_udivmoddi4.o)
                0x08000dc4                __udivmoddi4
 .text          0x080010bc        0x4 D:/STM32/STM32CubeIde/STM32CubeIDE_2.0.0/STM32CubeIDE/plugins/com.st.stm32cube.ide.mcu.externaltools.gnu-tools-for-stm32.13.3.rel1.win32_1.0.100.202509120712/tools/bin/../lib/gcc/arm-none-eabi/13.3.1/thumb/v7e-m+fp/hard\libgcc.a(_dvmd_tls.o)
                0x080010bc                __aeabi_idiv0
                0x080010bc                __aeabi_ldiv0
 *(.text*)
 .text.os_getArtEui
                0x080010c0       0x20 ./Core/Src/main.o
                0x080010c0                os_getArtEui
 .text.os_getDevEui
                0x080010e0       0x20 ./Core/Src/main.o
                0x080010e0                os_getDevEui
 .text.os_getDevKey
                0x08001100       0x20 ./Core/Src/main.o
                0x08001100                os_getDevKey
 .text.do_send  0x08001120       0x20 ./Core/Src/main.o
                0x08001120                do_send
 .text.onEvent  0x08001140       0x78 ./Core/Src/main.o
                0x08001140                onEvent
 .text.nmeaToDecimal
                0x080011b8       0x80 ./Core/Src/main.o
                0x080011b8                nmeaToDecimal
 .text.gpsParse
                0x08001238      0x170 ./Core/Src/main.o
                0x08001238                gpsParse
 .text.gpsValidate
                0x080013a8       0xc4 ./Core/Src/main.o
                0x080013a8                gpsValidate
 .text.HAL_UART_RxCpltCallback
                0x0800146c       0x84 ./Core/Src/main.o
                0x0800146c                HAL_UART_RxCpltCallback
 .text.main     0x080014f0       0x84 ./Core/Src/main.o
                0x080014f0                main
 .text.SystemClock_Config
                0x08001574       0xa2 ./Core/Src/main.o
                0x08001574                SystemClock_Config
 *fill*         0x08001616        0x2 
 .text.MX_SPI1_Init
                0x08001618       0x7c ./Core/Src/main.o
 .text.MX_TIM2_Init
                0x08001694       0x9c ./Core/Src/main.o
 .text.MX_USART1_UART_Init
                0x08001730       0x60 ./Core/Src/main.o
 .text.MX_USART2_UART_Init
                0x08001790       0x60 ./Core/Src/main.o
 .text.MX_GPIO_Init
                0x080017f0       0xf8 ./Core/Src/main.o
 .text.Error_Handler
                0x080018e8        0xc ./Core/Src/main.o
                0x080018e8                Error_Handler
 .text.HAL_MspInit
                0x080018f4       0x48 ./Core/Src/stm32l4xx_hal_msp.o
                0x080018f4                HAL_MspInit
 .text.HAL_SPI_MspInit
                0x0800193c       0x84 ./Core/Src/stm32l4xx_hal_msp.o
                0x0800193c                HAL_SPI_MspInit
 .text.HAL_TIM_Base_MspInit
                0x080019c0       0x80 ./Core/Src/stm32l4xx_hal_msp.o
                0x080019c0                HAL_TIM_Base_MspInit
 .text.HAL_UART_MspInit
                0x08001a40      0x164 ./Core/Src/stm32l4xx_hal_msp.o
                0x08001a40                HAL_UART_MspInit
 .text.NMI_Handler
                0x08001ba4        0x8 ./Core/Src/stm32l4xx_it.o
                0x08001ba4                NMI_Handler
 .text.HardFault_Handler
                0x08001bac        0x8 ./Core/Src/stm32l4xx_it.o
                0x08001bac                HardFault_Handler
 .text.MemManage_Handler
                0x08001bb4        0x8 ./Core/Src/stm32l4xx_it.o
                0x08001bb4                MemManage_Handler
 .text.BusFault_Handler
                0x08001bbc        0x8 ./Core/Src/stm32l4xx_it.o
                0x08001bbc                BusFault_Handler
 .text.UsageFault_Handler
                0x08001bc4        0x8 ./Core/Src/stm32l4xx_it.o
                0x08001bc4                UsageFault_Handler
 .text.SVC_Handler
                0x08001bcc        0xe ./Core/Src/stm32l4xx_it.o
                0x08001bcc                SVC_Handler
 .text.DebugMon_Handler
                0x08001bda        0xe ./Core/Src/stm32l4xx_it.o
                0x08001bda                DebugMon_Handler
 .text.PendSV_Handler
                0x08001be8        0xe ./Core/Src/stm32l4xx_it.o
                0x08001be8                PendSV_Handler
 .text.SysTick_Handler
                0x08001bf6        0xc ./Core/Src/stm32l4xx_it.o
                0x08001bf6                SysTick_Handler
 *fill*         0x08001c02        0x2 
 .text.USART1_IRQHandler
                0x08001c04       0x14 ./Core/Src/stm32l4xx_it.o
                0x08001c04                USART1_IRQHandler
 .text._getpid  0x08001c18       0x10 ./Core/Src/syscalls.o
                0x08001c18                _getpid
 .text._kill    0x08001c28       0x20 ./Core/Src/syscalls.o
                0x08001c28                _kill
 .text._exit    0x08001c48       0x16 ./Core/Src/syscalls.o
                0x08001c48                _exit
 .text._read    0x08001c5e       0x3a ./Core/Src/syscalls.o
                0x08001c5e                _read
 .text._write   0x08001c98       0x38 ./Core/Src/syscalls.o
                0x08001c98                _write
 .text._close   0x08001cd0       0x18 ./Core/Src/syscalls.o
                0x08001cd0                _close
 .text._fstat   0x08001ce8       0x20 ./Core/Src/syscalls.o
                0x08001ce8                _fstat
 .text._isatty  0x08001d08       0x16 ./Core/Src/syscalls.o
                0x08001d08                _isatty
 .text._lseek   0x08001d1e       0x1a ./Core/Src/syscalls.o
                0x08001d1e                _lseek
 .text._sbrk    0x08001d38       0x6c ./Core/Src/sysmem.o
                0x08001d38                _sbrk
 .text.SystemInit
                0x08001da4       0x24 ./Core/Src/system_stm32l4xx.o
                0x08001da4                SystemInit
 .text.Reset_Handler
                0x08001dc8       0x50 ./Core/Startup/startup_stm32l432kcux.o
                0x08001dc8                Reset_Handler
 .text.Default_Handler
                0x08001e18        0x2 ./Core/Startup/startup_stm32l432kcux.o
                0x08001e18                RTC_Alarm_IRQHandler
                0x08001e18                EXTI2_IRQHandler
                0x08001e18                TIM1_CC_IRQHandler
                0x08001e18                TSC_IRQHandler
                0x08001e18                TAMP_STAMP_IRQHandler
                0x08001e18                EXTI3_IRQHandler
                0x08001e18                LPTIM2_IRQHandler
                0x08001e18                I2C3_ER_IRQHandler
                0x08001e18                EXTI0_IRQHandler
                0x08001e18                CAN1_RX0_IRQHandler
                0x08001e18                FPU_IRQHandler
                0x08001e18                TIM1_UP_TIM16_IRQHandler
                0x08001e18                SPI1_IRQHandler
                0x08001e18                TIM6_DAC_IRQHandler
                0x08001e18                DMA2_Channel2_IRQHandler
                0x08001e18                DMA1_Channel4_IRQHandler
                0x08001e18                ADC1_IRQHandler
                0x08001e18                DMA1_Channel7_IRQHandler
                0x08001e18                CAN1_RX1_IRQHandler
                0x08001e18                DMA2_Channel1_IRQHandler
                0x08001e18                QUADSPI_IRQHandler
                0x08001e18                I2C1_EV_IRQHandler
                0x08001e18                DMA1_Channel6_IRQHandler
                0x08001e18                DMA2_Channel4_IRQHandler
                0x08001e18                RCC_IRQHandler
                0x08001e18                TIM1_TRG_COM_IRQHandler
                0x08001e18                DMA1_Channel1_IRQHandler
                0x08001e18                Default_Handler
                0x08001e18                DMA2_Channel7_IRQHandler
                0x08001e18                EXTI15_10_IRQHandler
                0x08001e18                TIM7_IRQHandler
                0x08001e18                I2C3_EV_IRQHandler
                0x08001e18                USB_IRQHandler
                0x08001e18                EXTI9_5_IRQHandler
                0x08001e18                RTC_WKUP_IRQHandler
                0x08001e18                PVD_PVM_IRQHandler
                0x08001e18                CAN1_TX_IRQHandler
                0x08001e18                DMA2_Channel5_IRQHandler
                0x08001e18                CRS_IRQHandler
                0x08001e18                DMA1_Channel5_IRQHandler
                0x08001e18                EXTI4_IRQHandler
                0x08001e18                RNG_IRQHandler
                0x08001e18                DMA1_Channel3_IRQHandler
                0x08001e18                COMP_IRQHandler
                0x08001e18                WWDG_IRQHandler
                0x08001e18                LPUART1_IRQHandler
                0x08001e18                DMA2_Channel6_IRQHandler
                0x08001e18                TIM2_IRQHandler
                0x08001e18                EXTI1_IRQHandler
                0x08001e18                USART2_IRQHandler
                0x08001e18                DMA1_Channel2_IRQHandler
                0x08001e18                CAN1_SCE_IRQHandler
                0x08001e18                FLASH_IRQHandler
                0x08001e18                SPI3_IRQHandler
                0x08001e18                I2C1_ER_IRQHandler
                0x08001e18                SWPMI1_IRQHandler
                0x08001e18                LPTIM1_IRQHandler
                0x08001e18                SAI1_IRQHandler
                0x08001e18                DMA2_Channel3_IRQHandler
                0x08001e18                TIM1_BRK_TIM15_IRQHandler
 .text.HAL_Init
                0x08001e1a       0x30 ./Drivers/STM32L4xx_HAL_Driver/Src/stm32l4xx_hal.o
                0x08001e1a                HAL_Init
 *fill*         0x08001e4a        0x2 
 .text.HAL_InitTick
                0x08001e4c       0x78 ./Drivers/STM32L4xx_HAL_Driver/Src/stm32l4xx_hal.o
                0x08001e4c                HAL_InitTick
 .text.HAL_IncTick
                0x08001ec4       0x28 ./Drivers/STM32L4xx_HAL_Driver/Src/stm32l4xx_hal.o
                0x08001ec4                HAL_IncTick
 .text.HAL_GetTick
                0x08001eec       0x18 ./Drivers/STM32L4xx_HAL_Driver/Src/stm32l4xx_hal.o
                0x08001eec                HAL_GetTick
 .text.__NVIC_SetPriorityGrouping
                0x08001f04       0x48 ./Drivers/STM32L4xx_HAL_Driver/Src/stm32l4xx_hal_cortex.o
 .text.__NVIC_GetPriorityGrouping
                0x08001f4c       0x1c ./Drivers/STM32L4xx_HAL_Driver/Src/stm32l4xx_hal_cortex.o
 .text.__NVIC_EnableIRQ
                0x08001f68       0x3c ./Drivers/STM32L4xx_HAL_Driver/Src/stm32l4xx_hal_cortex.o
 .text.__NVIC_SetPriority
                0x08001fa4       0x54 ./Drivers/STM32L4xx_HAL_Driver/Src/stm32l4xx_hal_cortex.o
 .text.NVIC_EncodePriority
                0x08001ff8       0x66 ./Drivers/STM32L4xx_HAL_Driver/Src/stm32l4xx_hal_cortex.o
 *fill*         0x0800205e        0x2 
 .text.SysTick_Config
                0x08002060       0x44 ./Drivers/STM32L4xx_HAL_Driver/Src/stm32l4xx_hal_cortex.o
 .text.HAL_NVIC_SetPriorityGrouping
                0x080020a4       0x16 ./Drivers/STM32L4xx_HAL_Driver/Src/stm32l4xx_hal_cortex.o
                0x080020a4                HAL_NVIC_SetPriorityGrouping
 .text.HAL_NVIC_SetPriority
                0x080020ba       0x38 ./Drivers/STM32L4xx_HAL_Driver/Src/stm32l4xx_hal_cortex.o
                0x080020ba                HAL_NVIC_SetPriority
 .text.HAL_NVIC_EnableIRQ
                0x080020f2       0x1c ./Drivers/STM32L4xx_HAL_Driver/Src/stm32l4xx_hal_cortex.o
                0x080020f2                HAL_NVIC_EnableIRQ
 .text.HAL_SYSTICK_Config
                0x0800210e       0x18 ./Drivers/STM32L4xx_HAL_Driver/Src/stm32l4xx_hal_cortex.o
                0x0800210e                HAL_SYSTICK_Config
 .text.HAL_DMA_Abort
                0x08002126       0x82 ./Drivers/STM32L4xx_HAL_Driver/Src/stm32l4xx_hal_dma.o
                0x08002126                HAL_DMA_Abort
 .text.HAL_DMA_Abort_IT
                0x080021a8       0x82 ./Drivers/STM32L4xx_HAL_Driver/Src/stm32l4xx_hal_dma.o
                0x080021a8                HAL_DMA_Abort_IT
 *fill*         0x0800222a        0x2 
 .text.HAL_GPIO_Init
                0x0800222c      0x2d4 ./Drivers/STM32L4xx_HAL_Driver/Src/stm32l4xx_hal_gpio.o
                0x0800222c                HAL_GPIO_Init
 .text.HAL_GPIO_ReadPin
                0x08002500       0x30 ./Drivers/STM32L4xx_HAL_Driver/Src/stm32l4xx_hal_gpio.o
                0x08002500                HAL_GPIO_ReadPin
 .text.HAL_GPIO_WritePin
                0x08002530       0x30 ./Drivers/STM32L4xx_HAL_Driver/Src/stm32l4xx_hal_gpio.o
                0x08002530                HAL_GPIO_WritePin
 .text.HAL_PWREx_GetVoltageRange
                0x08002560       0x1c ./Drivers/STM32L4xx_HAL_Driver/Src/stm32l4xx_hal_pwr_ex.o
                0x08002560                HAL_PWREx_GetVoltageRange
 .text.HAL_PWREx_ControlVoltageScaling
                0x0800257c       0xac ./Drivers/STM32L4xx_HAL_Driver/Src/stm32l4xx_hal_pwr_ex.o
                0x0800257c                HAL_PWREx_ControlVoltageScaling
 .text.HAL_RCC_OscConfig
                0x08002628      0x828 ./Drivers/STM32L4xx_HAL_Driver/Src/stm32l4xx_hal_rcc.o
                0x08002628                HAL_RCC_OscConfig
 .text.HAL_RCC_ClockConfig
                0x08002e50      0x200 ./Drivers/STM32L4xx_HAL_Driver/Src/stm32l4xx_hal_rcc.o
                0x08002e50                HAL_RCC_ClockConfig
 .text.HAL_RCC_GetSysClockFreq
                0x08003050      0x118 ./Drivers/STM32L4xx_HAL_Driver/Src/stm32l4xx_hal_rcc.o
                0x08003050                HAL_RCC_GetSysClockFreq
 .text.HAL_RCC_GetHCLKFreq
                0x08003168       0x18 ./Drivers/STM32L4xx_HAL_Driver/Src/stm32l4xx_hal_rcc.o
                0x08003168                HAL_RCC_GetHCLKFreq
 .text.HAL_RCC_GetPCLK1Freq
                0x08003180       0x2c ./Drivers/STM32L4xx_HAL_Driver/Src/stm32l4xx_hal_rcc.o
                0x08003180                HAL_RCC_GetPCLK1Freq
 .text.HAL_RCC_GetPCLK2Freq
                0x080031ac       0x2c ./Drivers/STM32L4xx_HAL_Driver/Src/stm32l4xx_hal_rcc.o
                0x080031ac                HAL_RCC_GetPCLK2Freq
 .text.RCC_SetFlashLatencyFromMSIRange
                0x080031d8       0xc0 ./Drivers/STM32L4xx_HAL_Driver/Src/stm32l4xx_hal_rcc.o
 .text.HAL_RCCEx_PeriphCLKConfig
                0x08003298      0x3ec ./Drivers/STM32L4xx_HAL_Driver/Src/stm32l4xx_hal_rcc_ex.o
                0x08003298                HAL_RCCEx_PeriphCLKConfig
 .text.RCCEx_PLLSAI1_Config
                0x08003684      0x1e4 ./Drivers/STM32L4xx_HAL_Driver/Src/stm32l4xx_hal_rcc_ex.o
 .text.HAL_SPI_Init
                0x08003868      0x146 ./Drivers/STM32L4xx_HAL_Driver/Src/stm32l4xx_hal_spi.o
                0x08003868                HAL_SPI_Init
 .text.HAL_SPI_Transmit
                0x080039ae      0x2ec ./Drivers/STM32L4xx_HAL_Driver/Src/stm32l4xx_hal_spi.o
                0x080039ae                HAL_SPI_Transmit
 .text.HAL_SPI_Receive
                0x08003c9a      0x270 ./Drivers/STM32L4xx_HAL_Driver/Src/stm32l4xx_hal_spi.o
                0x08003c9a                HAL_SPI_Receive
 .text.HAL_SPI_TransmitReceive
                0x08003f0a      0x43e ./Drivers/STM32L4xx_HAL_Driver/Src/stm32l4xx_hal_spi.o
                0x08003f0a                HAL_SPI_TransmitReceive
 .text.SPI_WaitFlagStateUntilTimeout
                0x08004348      0x110 ./Drivers/STM32L4xx_HAL_Driver/Src/stm32l4xx_hal_spi.o
 .text.SPI_WaitFifoStateUntilTimeout
                0x08004458      0x12c ./Drivers/STM32L4xx_HAL_Driver/Src/stm32l4xx_hal_spi.o
 .text.SPI_EndRxTransaction
                0x08004584       0xb0 ./Drivers/STM32L4xx_HAL_Driver/Src/stm32l4xx_hal_spi.o
 .text.SPI_EndRxTxTransaction
                0x08004634       0x8c ./Drivers/STM32L4xx_HAL_Driver/Src/stm32l4xx_hal_spi.o
 .text.HAL_TIM_Base_Init
                0x080046c0       0xae ./Drivers/STM32L4xx_HAL_Driver/Src/stm32l4xx_hal_tim.o
                0x080046c0                HAL_TIM_Base_Init
 *fill*         0x0800476e        0x2 
 .text.HAL_TIM_Base_Start
                0x08004770       0x98 ./Drivers/STM32L4xx_HAL_Driver/Src/stm32l4xx_hal_tim.o
                0x08004770                HAL_TIM_Base_Start
 .text.HAL_TIM_ConfigClockSource
                0x08004808      0x192 ./Drivers/STM32L4xx_HAL_Driver/Src/stm32l4xx_hal_tim.o
                0x08004808                HAL_TIM_ConfigClockSource
 *fill*         0x0800499a        0x2 
 .text.TIM_Base_SetConfig
                0x0800499c       0xd4 ./Drivers/STM32L4xx_HAL_Driver/Src/stm32l4xx_hal_tim.o
                0x0800499c                TIM_Base_SetConfig
 .text.TIM_TI1_ConfigInputStage
                0x08004a70       0x90 ./Drivers/STM32L4xx_HAL_Driver/Src/stm32l4xx_hal_tim.o
 .text.TIM_TI2_ConfigInputStage
                0x08004b00       0x78 ./Drivers/STM32L4xx_HAL_Driver/Src/stm32l4xx_hal_tim.o
 .text.TIM_ITRx_SetConfig
                0x08004b78       0x36 ./Drivers/STM32L4xx_HAL_Driver/Src/stm32l4xx_hal_tim.o
 .text.TIM_ETR_SetConfig
                0x08004bae       0x40 ./Drivers/STM32L4xx_HAL_Driver/Src/stm32l4xx_hal_tim.o
                0x08004bae                TIM_ETR_SetConfig
 *fill*         0x08004bee        0x2 
 .text.HAL_TIMEx_MasterConfigSynchronization
                0x08004bf0       0xcc ./Drivers/STM32L4xx_HAL_Driver/Src/stm32l4xx_hal_tim_ex.o
                0x08004bf0                HAL_TIMEx_MasterConfigSynchronization
 .text.HAL_UART_Init
                0x08004cbc       0x9c ./Drivers/STM32L4xx_HAL_Driver/Src/stm32l4xx_hal_uart.o
                0x08004cbc                HAL_UART_Init
 .text.HAL_UART_Receive_IT
                0x08004d58       0x98 ./Drivers/STM32L4xx_HAL_Driver/Src/stm32l4xx_hal_uart.o
                0x08004d58                HAL_UART_Receive_IT
 .text.HAL_UART_IRQHandler
                0x08004df0      0x60c ./Drivers/STM32L4xx_HAL_Driver/Src/stm32l4xx_hal_uart.o
                0x08004df0                HAL_UART_IRQHandler
 .text.HAL_UART_TxCpltCallback
                0x080053fc       0x14 ./Drivers/STM32L4xx_HAL_Driver/Src/stm32l4xx_hal_uart.o
                0x080053fc                HAL_UART_TxCpltCallback
 .text.HAL_UART_ErrorCallback
                0x08005410       0x14 ./Drivers/STM32L4xx_HAL_Driver/Src/stm32l4xx_hal_uart.o
                0x08005410                HAL_UART_ErrorCallback
 .text.HAL_UARTEx_RxEventCallback
                0x08005424       0x18 ./Drivers/STM32L4xx_HAL_Driver/Src/stm32l4xx_hal_uart.o
                0x08005424                HAL_UARTEx_RxEventCallback
 .text.UART_SetConfig
                0x0800543c      0x458 ./Drivers/STM32L4xx_HAL_Driver/Src/stm32l4xx_hal_uart.o
                0x0800543c                UART_SetConfig
 .text.UART_AdvFeatureConfig
                0x08005894      0x144 ./Drivers/STM32L4xx_HAL_Driver/Src/stm32l4xx_hal_uart.o
                0x08005894                UART_AdvFeatureConfig
 .text.UART_CheckIdleState
                0x080059d8      0x150 ./Drivers/STM32L4xx_HAL_Driver/Src/stm32l4xx_hal_uart.o
                0x080059d8                UART_CheckIdleState
 .text.UART_WaitOnFlagUntilTimeout
                0x08005b28       0xda ./Drivers/STM32L4xx_HAL_Driver/Src/stm32l4xx_hal_uart.o
                0x08005b28                UART_WaitOnFlagUntilTimeout
 *fill*         0x08005c02        0x2 
 .text.UART_Start_Receive_IT
                0x08005c04      0x18c ./Drivers/STM32L4xx_HAL_Driver/Src/stm32l4xx_hal_uart.o
                0x08005c04                UART_Start_Receive_IT
 .text.UART_EndRxTransfer
                0x08005d90       0xc8 ./Drivers/STM32L4xx_HAL_Driver/Src/stm32l4xx_hal_uart.o
 .text.UART_DMAAbortOnError
                0x08005e58       0x1c ./Drivers/STM32L4xx_HAL_Driver/Src/stm32l4xx_hal_uart.o
 .text.UART_EndTransmit_IT
                0x08005e74       0x54 ./Drivers/STM32L4xx_HAL_Driver/Src/stm32l4xx_hal_uart.o
 .text.UART_RxISR_8BIT
                0x08005ec8      0x1b8 ./Drivers/STM32L4xx_HAL_Driver/Src/stm32l4xx_hal_uart.o
 .text.UART_RxISR_16BIT
                0x08006080      0x1b8 ./Drivers/STM32L4xx_HAL_Driver/Src/stm32l4xx_hal_uart.o
 .text.HAL_UARTEx_WakeupCallback
                0x08006238       0x14 ./Drivers/STM32L4xx_HAL_Driver/Src/stm32l4xx_hal_uart_ex.o
                0x08006238                HAL_UARTEx_WakeupCallback
 .text.table_get_u1
                0x0800624c       0x1e ./Middleware/ThirdParty/LMIC/aes/ideetron/AES-128_V10.o
 *fill*         0x0800626a        0x2 
 .text.lmic_aes_encrypt
                0x0800626c      0x1b8 ./Middleware/ThirdParty/LMIC/aes/ideetron/AES-128_V10.o
                0x0800626c                lmic_aes_encrypt
 .text.AES_Add_Round_Key
                0x08006424       0x70 ./Middleware/ThirdParty/LMIC/aes/ideetron/AES-128_V10.o
 .text.AES_Sub_Byte
                0x08006494       0x3c ./Middleware/ThirdParty/LMIC/aes/ideetron/AES-128_V10.o
 .text.AES_Shift_Rows
                0x080064d0       0x88 ./Middleware/ThirdParty/LMIC/aes/ideetron/AES-128_V10.o
 .text.AES_Mix_Collums
                0x08006558      0x12c ./Middleware/ThirdParty/LMIC/aes/ideetron/AES-128_V10.o
 .text.AES_Calculate_Round_Key
                0x08006684      0x126 ./Middleware/ThirdParty/LMIC/aes/ideetron/AES-128_V10.o
 .text.shift_left
                0x080067aa       0x58 ./Middleware/ThirdParty/LMIC/aes/other.o
 *fill*         0x08006802        0x2 
 .text.os_aes_cmac
                0x08006804      0x150 ./Middleware/ThirdParty/LMIC/aes/other.o
 .text.os_aes_ctr
                0x08006954       0x88 ./Middleware/ThirdParty/LMIC/aes/other.o
 .text.os_aes_generic
                0x080069dc       0x90 ./Middleware/ThirdParty/LMIC/aes/other.o
                0x080069dc                os_aes_generic
 .text.lmic_hal_init
                0x08006a6c       0x14 ./Middleware/ThirdParty/LMIC/hal/hal.o
                0x08006a6c                lmic_hal_init
 .text.lmic_hal_init_ex
                0x08006a80       0x14 ./Middleware/ThirdParty/LMIC/hal/hal.o
                0x08006a80                lmic_hal_init_ex
 .text.lmic_hal_failed
                0x08006a94       0x2c ./Middleware/ThirdParty/LMIC/hal/hal.o
                0x08006a94                lmic_hal_failed
 .text.lmic_hal_pin_rxtx
                0x08006ac0       0x16 ./Middleware/ThirdParty/LMIC/hal/hal.o
                0x08006ac0                lmic_hal_pin_rxtx
 .text.lmic_hal_pin_rst
                0x08006ad6       0x94 ./Middleware/ThirdParty/LMIC/hal/hal.o
                0x08006ad6                lmic_hal_pin_rst
 *fill*         0x08006b6a        0x2 
 .text.nss_select
                0x08006b6c       0x2c ./Middleware/ThirdParty/LMIC/hal/hal.o
 .text.lmic_hal_spi_write
                0x08006b98       0x48 ./Middleware/ThirdParty/LMIC/hal/hal.o
                0x08006b98                lmic_hal_spi_write
 .text.lmic_hal_spi_read
                0x08006be0       0x54 ./Middleware/ThirdParty/LMIC/hal/hal.o
                0x08006be0                lmic_hal_spi_read
 .text.lmic_hal_ticks
                0x08006c34       0x18 ./Middleware/ThirdParty/LMIC/hal/hal.o
                0x08006c34                lmic_hal_ticks
 .text.lmic_hal_waitUntil
                0x08006c4c       0x3a ./Middleware/ThirdParty/LMIC/hal/hal.o
                0x08006c4c                lmic_hal_waitUntil
 .text.lmic_hal_checkTimer
                0x08006c86       0x24 ./Middleware/ThirdParty/LMIC/hal/hal.o
                0x08006c86                lmic_hal_checkTimer
 *fill*         0x08006caa        0x2 
 .text.lmic_hal_disableIRQs
                0x08006cac       0x24 ./Middleware/ThirdParty/LMIC/hal/hal.o
                0x08006cac                lmic_hal_disableIRQs
 .text.lmic_hal_enableIRQs
                0x08006cd0       0x2c ./Middleware/ThirdParty/LMIC/hal/hal.o
                0x08006cd0                lmic_hal_enableIRQs
 .text.lmic_hal_processPendingIRQs
                0x08006cfc       0x44 ./Middleware/ThirdParty/LMIC/hal/hal.o
                0x08006cfc                lmic_hal_processPendingIRQs
 .text.lmic_hal_sleep
                0x08006d40        0xe ./Middleware/ThirdParty/LMIC/hal/hal.o
                0x08006d40                lmic_hal_sleep
 .text.lmic_hal_getRssiCal
                0x08006d4e       0x10 ./Middleware/ThirdParty/LMIC/hal/hal.o
                0x08006d4e                lmic_hal_getRssiCal
 .text.lmic_hal_setModuleActive
                0x08006d5e       0x18 ./Middleware/ThirdParty/LMIC/hal/hal.o
                0x08006d5e                lmic_hal_setModuleActive
 .text.lmic_hal_queryUsingTcxo
                0x08006d76       0x10 ./Middleware/ThirdParty/LMIC/hal/hal.o
                0x08006d76                lmic_hal_queryUsingTcxo
 .text.lmic_hal_getTxPowerPolicy
                0x08006d86       0x1e ./Middleware/ThirdParty/LMIC/hal/hal.o
                0x08006d86                lmic_hal_getTxPowerPolicy
 .text.table_get_u1
                0x08006da4       0x1e ./Middleware/ThirdParty/LMIC/lmic/lmic.o
 .text.getSf    0x08006dc2       0x20 ./Middleware/ThirdParty/LMIC/lmic/lmic.o
 .text.getBw    0x08006de2       0x24 ./Middleware/ThirdParty/LMIC/lmic/lmic.o
 .text.getCr    0x08006e06       0x24 ./Middleware/ThirdParty/LMIC/lmic/lmic.o
 .text.setCr    0x08006e2a       0x34 ./Middleware/ThirdParty/LMIC/lmic/lmic.o
 .text.getNocrc
                0x08006e5e       0x20 ./Middleware/ThirdParty/LMIC/lmic/lmic.o
 .text.setNocrc
                0x08006e7e       0x30 ./Middleware/ThirdParty/LMIC/lmic/lmic.o
 .text.getIh    0x08006eae       0x1e ./Middleware/ThirdParty/LMIC/lmic/lmic.o
 .text.LMIC_txrxFlags_isClassC
                0x08006ecc       0x26 ./Middleware/ThirdParty/LMIC/lmic/lmic.o
 .text.LMIC_txrxFlags_isRx1
                0x08006ef2       0x26 ./Middleware/ThirdParty/LMIC/lmic/lmic.o
 .text.LMIC_txrxFlags_isRx2
                0x08006f18       0x26 ./Middleware/ThirdParty/LMIC/lmic/lmic.o
 .text.LMIC_txrxFlags_isClassA
                0x08006f3e       0x36 ./Middleware/ThirdParty/LMIC/lmic/lmic.o
 .text.LMIC_BEACON_SUCCESSFUL
                0x08006f74       0x1c ./Middleware/ThirdParty/LMIC/lmic/lmic.o
 .text.LMICas923_isValidBeacon1
                0x08006f90       0x32 ./Middleware/ThirdParty/LMIC/lmic/lmic.o
 .text.LMICas923_queryMaxRx1DrOffset
                0x08006fc2       0x10 ./Middleware/ThirdParty/LMIC/lmic/lmic.o
 .text.validDR  0x08006fd2       0x1c ./Middleware/ThirdParty/LMIC/lmic/lmic.o
 *fill*         0x08006fee        0x2 
 .text.updr2rps
                0x08006ff0       0x24 ./Middleware/ThirdParty/LMIC/lmic/lmic.o
 .text.dndr2rps
                0x08007014       0x26 ./Middleware/ThirdParty/LMIC/lmic/lmic.o
 *fill*         0x0800703a        0x2 
 .text.incDR    0x0800703c       0x34 ./Middleware/ThirdParty/LMIC/lmic/lmic.o
 .text.decDR    0x08007070       0x30 ./Middleware/ThirdParty/LMIC/lmic/lmic.o
 .text.LMICJ_isTxPathBusy
                0x080070a0       0x28 ./Middleware/ThirdParty/LMIC/lmic/lmic.o
 .text.LMICJ_isActiveClassB
                0x080070c8       0x30 ./Middleware/ThirdParty/LMIC/lmic/lmic.o
 .text.LMIC_SecureElement_initialize
                0x080070f8        0xe ./Middleware/ThirdParty/LMIC/lmic/lmic.o
 .text.LMIC_SecureElement_setAppKey
                0x08007106       0x18 ./Middleware/ThirdParty/LMIC/lmic/lmic.o
 .text.LMIC_SecureElement_setAppEUI
                0x0800711e       0x18 ./Middleware/ThirdParty/LMIC/lmic/lmic.o
 .text.LMIC_SecureElement_setDevEUI
                0x08007136       0x18 ./Middleware/ThirdParty/LMIC/lmic/lmic.o
 .text.LMIC_SecureElement_createJoinRequest
                0x0800714e       0x20 ./Middleware/ThirdParty/LMIC/lmic/lmic.o
 .text.LMIC_SecureElement_encodeMessage
                0x0800716e       0x2c ./Middleware/ThirdParty/LMIC/lmic/lmic.o
 .text.LMIC_SecureElement_verifyMIC
                0x0800719a       0x2a ./Middleware/ThirdParty/LMIC/lmic/lmic.o
 .text.LMIC_SecureElement_decodeMessage
                0x080071c4       0x2e ./Middleware/ThirdParty/LMIC/lmic/lmic.o
 .text.LMIC_SecureElement_aes128Encrypt
                0x080071f2       0x20 ./Middleware/ThirdParty/LMIC/lmic/lmic.o
 *fill*         0x08007212        0x2 
 .text.initTxrxFlags
                0x08007214       0x28 ./Middleware/ThirdParty/LMIC/lmic/lmic.o
 .text.orTxrxFlags
                0x0800723c       0x30 ./Middleware/ThirdParty/LMIC/lmic/lmic.o
 .text.os_rlsbf2
                0x0800726c       0x2c ./Middleware/ThirdParty/LMIC/lmic/lmic.o
                0x0800726c                os_rlsbf2
 .text.os_rlsbf4
                0x08007298       0x38 ./Middleware/ThirdParty/LMIC/lmic/lmic.o
                0x08007298                os_rlsbf4
 .text.os_rmsbf4
                0x080072d0       0x38 ./Middleware/ThirdParty/LMIC/lmic/lmic.o
                0x080072d0                os_rmsbf4
 .text.os_wlsbf2
                0x08007308       0x2e ./Middleware/ThirdParty/LMIC/lmic/lmic.o
                0x08007308                os_wlsbf2
 .text.os_wlsbf4
                0x08007336       0x42 ./Middleware/ThirdParty/LMIC/lmic/lmic.o
                0x08007336                os_wlsbf4
 .text.os_wmsbf4
                0x08007378       0x42 ./Middleware/ThirdParty/LMIC/lmic/lmic.o
                0x08007378                os_wmsbf4
 *fill*         0x080073ba        0x2 
 .text.os_getBattLevel
                0x080073bc       0x18 ./Middleware/ThirdParty/LMIC/lmic/lmic.o
                0x080073bc                os_getBattLevel
 .text.os_crc16
                0x080073d4       0x82 ./Middleware/ThirdParty/LMIC/lmic/lmic.o
                0x080073d4                os_crc16
 *fill*         0x08007456        0x2 
 .text.getSensitivity
                0x08007458       0x44 ./Middleware/ThirdParty/LMIC/lmic/lmic.o
                0x08007458                getSensitivity
 .text.calcAirTime
                0x0800749c      0x122 ./Middleware/ThirdParty/LMIC/lmic/lmic.o
                0x0800749c                calcAirTime
 *fill*         0x080075be        0x2 
 .text.setRxsyms
                0x080075c0       0x48 ./Middleware/ThirdParty/LMIC/lmic/lmic.o
 .text.calcRxWindow
                0x08007608       0xa4 ./Middleware/ThirdParty/LMIC/lmic/lmic.o
 .text.calcBcnRxWindowFromMillis
                0x080076ac      0x12c ./Middleware/ThirdParty/LMIC/lmic/lmic.o
 .text.rxschedInit
                0x080077d8       0xf0 ./Middleware/ThirdParty/LMIC/lmic/lmic.o
 .text.rxschedNext
                0x080078c8       0xa0 ./Middleware/ThirdParty/LMIC/lmic/lmic.o
 .text.LMICcore_rndDelay
                0x08007968       0x80 ./Middleware/ThirdParty/LMIC/lmic/lmic.o
                0x08007968                LMICcore_rndDelay
 .text.txDelay  0x080079e8       0x60 ./Middleware/ThirdParty/LMIC/lmic/lmic.o
 .text.LMICcore_setDrJoin
                0x08007a48       0x28 ./Middleware/ThirdParty/LMIC/lmic/lmic.o
                0x08007a48                LMICcore_setDrJoin
 .text.setDrTxpow
                0x08007a70       0x78 ./Middleware/ThirdParty/LMIC/lmic/lmic.o
 .text.runEngineUpdate
                0x08007ae8       0x14 ./Middleware/ThirdParty/LMIC/lmic/lmic.o
 .text.reportEventAndUpdate
                0x08007afc       0x1e ./Middleware/ThirdParty/LMIC/lmic/lmic.o
 *fill*         0x08007b1a        0x2 
 .text.reportEventNoUpdate
                0x08007b1c      0x12c ./Middleware/ThirdParty/LMIC/lmic/lmic.o
 .text.runReset
                0x08007c48       0x22 ./Middleware/ThirdParty/LMIC/lmic/lmic.o
 *fill*         0x08007c6a        0x2 
 .text.resetJoinParams
                0x08007c6c       0x38 ./Middleware/ThirdParty/LMIC/lmic/lmic.o
 .text.stateJustJoined
                0x08007ca4       0xa4 ./Middleware/ThirdParty/LMIC/lmic/lmic.o
 .text.decodeBeacon
                0x08007d48      0x118 ./Middleware/ThirdParty/LMIC/lmic/lmic.o
 .text.put_mac_uplink_byte
                0x08007e60       0x80 ./Middleware/ThirdParty/LMIC/lmic/lmic.o
 .text.put_mac_uplink_byte2
                0x08007ee0       0x50 ./Middleware/ThirdParty/LMIC/lmic/lmic.o
 .text.put_mac_uplink_byte3
                0x08007f30       0x60 ./Middleware/ThirdParty/LMIC/lmic/lmic.o
 .text.getMacCmdSize
                0x08007f90       0x38 ./Middleware/ThirdParty/LMIC/lmic/lmic.o
 .text.applyAdrRequests
                0x08007fc8      0x1b0 ./Middleware/ThirdParty/LMIC/lmic/lmic.o
 .text.scan_mac_cmds_link_adr
                0x08008178      0x100 ./Middleware/ThirdParty/LMIC/lmic/lmic.o
 .text.scan_mac_cmds
                0x08008278      0x5dc ./Middleware/ThirdParty/LMIC/lmic/lmic.o
 .text.setAdrAckCount
                0x08008854       0x30 ./Middleware/ThirdParty/LMIC/lmic/lmic.o
 .text.decodeFrame
                0x08008884      0x374 ./Middleware/ThirdParty/LMIC/lmic/lmic.o
 .text.radioRx  0x08008bf8       0x14 ./Middleware/ThirdParty/LMIC/lmic/lmic.o
 .text.setupRx2
                0x08008c0c       0x48 ./Middleware/ThirdParty/LMIC/lmic/lmic.o
 .text.setupRxClassC
                0x08008c54        0xe ./Middleware/ThirdParty/LMIC/lmic/lmic.o
 *fill*         0x08008c62        0x2 
 .text.LMICcore_adjustForDrift
                0x08008c64       0xdc ./Middleware/ThirdParty/LMIC/lmic/lmic.o
                0x08008c64                LMICcore_adjustForDrift
 .text.schedRx12
                0x08008d40       0x5c ./Middleware/ThirdParty/LMIC/lmic/lmic.o
 .text.setupRx1
                0x08008d9c       0x50 ./Middleware/ThirdParty/LMIC/lmic/lmic.o
 .text.txDone   0x08008dec       0x70 ./Middleware/ThirdParty/LMIC/lmic/lmic.o
 .text.onJoinFailed
                0x08008e5c       0x16 ./Middleware/ThirdParty/LMIC/lmic/lmic.o
 *fill*         0x08008e72        0x2 
 .text.processJoinAccept
                0x08008e74      0x1ac ./Middleware/ThirdParty/LMIC/lmic/lmic.o
 .text.processJoinAccept_badframe
                0x08009020       0x24 ./Middleware/ThirdParty/LMIC/lmic/lmic.o
 .text.processJoinAccept_nojoinframe
                0x08009044       0xc4 ./Middleware/ThirdParty/LMIC/lmic/lmic.o
 .text.radioGetRxResults
                0x08009108       0x38 ./Middleware/ThirdParty/LMIC/lmic/lmic.o
 .text.processRx2Jacc
                0x08009140       0x34 ./Middleware/ThirdParty/LMIC/lmic/lmic.o
 .text.setupRx2Jacc
                0x08009174       0x24 ./Middleware/ThirdParty/LMIC/lmic/lmic.o
 .text.processRx1Jacc
                0x08009198       0x44 ./Middleware/ThirdParty/LMIC/lmic/lmic.o
 .text.setupRx1Jacc
                0x080091dc       0x1c ./Middleware/ThirdParty/LMIC/lmic/lmic.o
 .text.jreqDone
                0x080091f8       0x20 ./Middleware/ThirdParty/LMIC/lmic/lmic.o
 .text.processRx2DnData
                0x08009218       0x48 ./Middleware/ThirdParty/LMIC/lmic/lmic.o
 .text.setupRx2DnData
                0x08009260       0x24 ./Middleware/ThirdParty/LMIC/lmic/lmic.o
 .text.processRx1DnData
                0x08009284       0x58 ./Middleware/ThirdParty/LMIC/lmic/lmic.o
 .text.setupRx1DnData
                0x080092dc       0x1c ./Middleware/ThirdParty/LMIC/lmic/lmic.o
 .text.updataDone
                0x080092f8       0x34 ./Middleware/ThirdParty/LMIC/lmic/lmic.o
 .text.sendAdrAckReq
                0x0800932c       0x50 ./Middleware/ThirdParty/LMIC/lmic/lmic.o
 .text.buildDataFrame
                0x0800937c      0x35c ./Middleware/ThirdParty/LMIC/lmic/lmic.o
 .text.onBcnRx  0x080096d8       0xb0 ./Middleware/ThirdParty/LMIC/lmic/lmic.o
 .text.startScan
                0x08009788       0xb0 ./Middleware/ThirdParty/LMIC/lmic/lmic.o
 .text.buildJoinRequest
                0x08009838       0x20 ./Middleware/ThirdParty/LMIC/lmic/lmic.o
 .text.startJoining
                0x08009858       0x34 ./Middleware/ThirdParty/LMIC/lmic/lmic.o
 .text.LMIC_unjoin
                0x0800988c       0x30 ./Middleware/ThirdParty/LMIC/lmic/lmic.o
                0x0800988c                LMIC_unjoin
 .text.LMIC_startJoining
                0x080098bc       0x8c ./Middleware/ThirdParty/LMIC/lmic/lmic.o
                0x080098bc                LMIC_startJoining
 .text.unjoinAndRejoin
                0x08009948       0x18 ./Middleware/ThirdParty/LMIC/lmic/lmic.o
 .text.LMIC_unjoinAndRejoin
                0x08009960       0x18 ./Middleware/ThirdParty/LMIC/lmic/lmic.o
                0x08009960                LMIC_unjoinAndRejoin
 .text.processPingRx
                0x08009978       0x44 ./Middleware/ThirdParty/LMIC/lmic/lmic.o
 .text.processDnData
                0x080099bc       0x90 ./Middleware/ThirdParty/LMIC/lmic/lmic.o
 .text.processDnData_norx
                0x08009a4c      0x130 ./Middleware/ThirdParty/LMIC/lmic/lmic.o
 .text.processDnData_txcomplete
                0x08009b7c      0x218 ./Middleware/ThirdParty/LMIC/lmic/lmic.o
 .text.processBeacon
                0x08009d94      0x1f8 ./Middleware/ThirdParty/LMIC/lmic/lmic.o
 .text.startRxBcn
                0x08009f8c       0x24 ./Middleware/ThirdParty/LMIC/lmic/lmic.o
 .text.startRxPing
                0x08009fb0       0x24 ./Middleware/ThirdParty/LMIC/lmic/lmic.o
 .text.engineUpdate_inner
                0x08009fd4      0x46c ./Middleware/ThirdParty/LMIC/lmic/lmic.o
 .text.engineUpdate
                0x0800a440       0x50 ./Middleware/ThirdParty/LMIC/lmic/lmic.o
 .text.LMIC_reset
                0x0800a490      0x114 ./Middleware/ThirdParty/LMIC/lmic/lmic.o
                0x0800a490                LMIC_reset
 .text.LMIC_init
                0x0800a5a4       0x20 ./Middleware/ThirdParty/LMIC/lmic/lmic.o
                0x0800a5a4                LMIC_init
 .text.LMIC_clrTxData
                0x0800a5c4       0x88 ./Middleware/ThirdParty/LMIC/lmic/lmic.o
                0x0800a5c4                LMIC_clrTxData
 .text.LMIC_feasibleDataRateForFrame
                0x0800a64c       0x7e ./Middleware/ThirdParty/LMIC/lmic/lmic.o
                0x0800a64c                LMIC_feasibleDataRateForFrame
 *fill*         0x0800a6ca        0x2 
 .text.adjustDrForFrameIfNotBusy
                0x0800a6cc       0x54 ./Middleware/ThirdParty/LMIC/lmic/lmic.o
 .text.LMIC_setTxData_strict
                0x0800a720       0x4c ./Middleware/ThirdParty/LMIC/lmic/lmic.o
                0x0800a720                LMIC_setTxData_strict
 .text.LMIC_setTxData2
                0x0800a76c       0x36 ./Middleware/ThirdParty/LMIC/lmic/lmic.o
                0x0800a76c                LMIC_setTxData2
 *fill*         0x0800a7a2        0x2 
 .text.LMIC_setTxData2_strict
                0x0800a7a4       0x9c ./Middleware/ThirdParty/LMIC/lmic/lmic.o
                0x0800a7a4                LMIC_setTxData2_strict
 .text.table_get_u1
                0x0800a840       0x1e ./Middleware/ThirdParty/LMIC/lmic/lmic_as923.o
 .text.table_get_s1
                0x0800a85e       0x20 ./Middleware/ThirdParty/LMIC/lmic/lmic_as923.o
 .text.table_get_u4
                0x0800a87e       0x20 ./Middleware/ThirdParty/LMIC/lmic/lmic_as923.o
 .text.table_get_ostime
                0x0800a89e       0x20 ./Middleware/ThirdParty/LMIC/lmic/lmic_as923.o
 .text.setNocrc
                0x0800a8be       0x30 ./Middleware/ThirdParty/LMIC/lmic/lmic_as923.o
 .text.setIh    0x0800a8ee       0x2e ./Middleware/ThirdParty/LMIC/lmic/lmic_as923.o
 .text.updr2rps
                0x0800a91c       0x24 ./Middleware/ThirdParty/LMIC/lmic/lmic_as923.o
 .text.dndr2rps
                0x0800a940       0x26 ./Middleware/ThirdParty/LMIC/lmic/lmic_as923.o
 *fill*         0x0800a966        0x2 
 .text.LMICas923_validDR
                0x0800a968       0x38 ./Middleware/ThirdParty/LMIC/lmic/lmic_as923.o
                0x0800a968                LMICas923_validDR
 .text.LMICas923_getUplinkDwellBit
                0x0800a9a0       0x30 ./Middleware/ThirdParty/LMIC/lmic/lmic_as923.o
 .text.LMICas923_getDownlinkDwellBit
                0x0800a9d0       0x30 ./Middleware/ThirdParty/LMIC/lmic/lmic_as923.o
 .text.LMICas923_maxFrameLen
                0x0800aa00       0x54 ./Middleware/ThirdParty/LMIC/lmic/lmic_as923.o
                0x0800aa00                LMICas923_maxFrameLen
 .text.LMICas923_getMaxEIRP
                0x0800aa54       0x30 ./Middleware/ThirdParty/LMIC/lmic/lmic_as923.o
 .text.LMICas923_pow2dBm
                0x0800aa84       0x54 ./Middleware/ThirdParty/LMIC/lmic/lmic_as923.o
                0x0800aa84                LMICas923_pow2dBm
 .text.LMICas923_dr2hsym
                0x0800aad8       0x24 ./Middleware/ThirdParty/LMIC/lmic/lmic_as923.o
                0x0800aad8                LMICas923_dr2hsym
 .text.LMICas923_initDefaultChannels
                0x0800aafc       0xc0 ./Middleware/ThirdParty/LMIC/lmic/lmic_as923.o
                0x0800aafc                LMICas923_initDefaultChannels
 .text.LMICas923_init
                0x0800abbc        0xe ./Middleware/ThirdParty/LMIC/lmic/lmic_as923.o
                0x0800abbc                LMICas923_init
 .text.LMICas923_resetDefaultChannels
                0x0800abca        0xe ./Middleware/ThirdParty/LMIC/lmic/lmic_as923.o
                0x0800abca                LMICas923_resetDefaultChannels
 .text.LMIC_queryNumDefaultChannels
                0x0800abd8       0x10 ./Middleware/ThirdParty/LMIC/lmic/lmic_as923.o
                0x0800abd8                LMIC_queryNumDefaultChannels
 .text.LMIC_setupChannel
                0x0800abe8       0xf0 ./Middleware/ThirdParty/LMIC/lmic/lmic_as923.o
                0x0800abe8                LMIC_setupChannel
 .text.LMICas923_convFreq
                0x0800acd8       0x44 ./Middleware/ThirdParty/LMIC/lmic/lmic_as923.o
                0x0800acd8                LMICas923_convFreq
 .text.LMICas923_nextJoinTime
                0x0800ad1c       0x30 ./Middleware/ThirdParty/LMIC/lmic/lmic_as923.o
                0x0800ad1c                LMICas923_nextJoinTime
 .text.LMICas923_setRx1Params
                0x0800ad4c       0xa0 ./Middleware/ThirdParty/LMIC/lmic/lmic_as923.o
                0x0800ad4c                LMICas923_setRx1Params
 .text.LMICas923_nextTx
                0x0800adec      0x20c ./Middleware/ThirdParty/LMIC/lmic/lmic_as923.o
                0x0800adec                LMICas923_nextTx
 .text.LMICas923_setBcnRxParams
                0x0800aff8       0x44 ./Middleware/ThirdParty/LMIC/lmic/lmic_as923.o
                0x0800aff8                LMICas923_setBcnRxParams
 .text.LMICas923_nextJoinState
                0x0800b03c       0x10 ./Middleware/ThirdParty/LMIC/lmic/lmic_as923.o
                0x0800b03c                LMICas923_nextJoinState
 .text.LMICas923_initJoinLoop
                0x0800b04c       0x10 ./Middleware/ThirdParty/LMIC/lmic/lmic_as923.o
                0x0800b04c                LMICas923_initJoinLoop
 .text.LMICas923_updateTx
                0x0800b05c       0xdc ./Middleware/ThirdParty/LMIC/lmic/lmic_as923.o
                0x0800b05c                LMICas923_updateTx
 .text.LMIC_findNextChannel
                0x0800b138      0x196 ./Middleware/ThirdParty/LMIC/lmic/lmic_channelshuffle.o
                0x0800b138                LMIC_findNextChannel
 .text.sidewaysSum16
                0x0800b2ce       0xa2 ./Middleware/ThirdParty/LMIC/lmic/lmic_channelshuffle.o
 .text.findNthSetBit
                0x0800b370      0x13c ./Middleware/ThirdParty/LMIC/lmic/lmic_channelshuffle.o
 .text.LMICeulike_canMapChannels
                0x0800b4ac       0x6c ./Middleware/ThirdParty/LMIC/lmic/lmic_eu_like.o
                0x0800b4ac                LMICeulike_canMapChannels
 .text.LMICeulike_mapChannels
                0x0800b518       0x88 ./Middleware/ThirdParty/LMIC/lmic/lmic_eu_like.o
                0x0800b518                LMICeulike_mapChannels
 .text.LMICeulike_isDataRateFeasible
                0x0800b5a0       0x70 ./Middleware/ThirdParty/LMIC/lmic/lmic_eu_like.o
                0x0800b5a0                LMICeulike_isDataRateFeasible
 .text.LMICeulike_initJoinLoop
                0x0800b610       0x98 ./Middleware/ThirdParty/LMIC/lmic/lmic_eu_like.o
                0x0800b610                LMICeulike_initJoinLoop
 .text.LMICeulike_nextJoinState
                0x0800b6a8       0xb0 ./Middleware/ThirdParty/LMIC/lmic/lmic_eu_like.o
                0x0800b6a8                LMICeulike_nextJoinState
 .text.LMICeulike_processJoinAcceptCFList
                0x0800b758       0x6c ./Middleware/ThirdParty/LMIC/lmic/lmic_eu_like.o
                0x0800b758                LMICeulike_processJoinAcceptCFList
 .text.LMICeulike_saveAdrState
                0x0800b7c4       0x30 ./Middleware/ThirdParty/LMIC/lmic/lmic_eu_like.o
                0x0800b7c4                LMICeulike_saveAdrState
 .text.LMICeulike_compareAdrState
                0x0800b7f4       0x44 ./Middleware/ThirdParty/LMIC/lmic/lmic_eu_like.o
                0x0800b7f4                LMICeulike_compareAdrState
 .text.LMICeulike_restoreAdrState
                0x0800b838       0x30 ./Middleware/ThirdParty/LMIC/lmic/lmic_eu_like.o
                0x0800b838                LMICeulike_restoreAdrState
 .text.LMICeulike_setRx1Freq
                0x0800b868       0x34 ./Middleware/ThirdParty/LMIC/lmic/lmic_eu_like.o
                0x0800b868                LMICeulike_setRx1Freq
 .text.LMICeulike_txDoneFSK
                0x0800b89c       0x58 ./Middleware/ThirdParty/LMIC/lmic/lmic_eu_like.o
                0x0800b89c                LMICeulike_txDoneFSK
 .text.os_jobIsTimed
                0x0800b8f4       0x22 ./Middleware/ThirdParty/LMIC/lmic/oslmic.o
 *fill*         0x0800b916        0x2 
 .text.os_init_ex
                0x0800b918       0x38 ./Middleware/ThirdParty/LMIC/lmic/oslmic.o
                0x0800b918                os_init_ex
 .text.os_init  0x0800b950       0x28 ./Middleware/ThirdParty/LMIC/lmic/oslmic.o
                0x0800b950                os_init
 .text.os_getTime
                0x0800b978        0xe ./Middleware/ThirdParty/LMIC/lmic/oslmic.o
                0x0800b978                os_getTime
 .text.unlinkjob
                0x0800b986       0x3e ./Middleware/ThirdParty/LMIC/lmic/oslmic.o
 .text.getJobQueue
                0x0800b9c4       0x2c ./Middleware/ThirdParty/LMIC/lmic/oslmic.o
 .text.os_clearCallback
                0x0800b9f0       0x28 ./Middleware/ThirdParty/LMIC/lmic/oslmic.o
                0x0800b9f0                os_clearCallback
 .text.os_setCallback
                0x0800ba18       0x5c ./Middleware/ThirdParty/LMIC/lmic/oslmic.o
                0x0800ba18                os_setCallback
 .text.os_setIdleJobFunction
                0x0800ba74       0x2e ./Middleware/ThirdParty/LMIC/lmic/oslmic.o
                0x0800ba74                os_setIdleJobFunction
 *fill*         0x0800baa2        0x2 
 .text.os_setTimedCallback
                0x0800baa4       0x80 ./Middleware/ThirdParty/LMIC/lmic/oslmic.o
                0x0800baa4                os_setTimedCallback
 .text.os_runloop_once
                0x0800bb24       0x78 ./Middleware/ThirdParty/LMIC/lmic/oslmic.o
                0x0800bb24                os_runloop_once
 .text.table_get_u1
                0x0800bb9c       0x1e ./Middleware/ThirdParty/LMIC/lmic/radio_sx127x.o
 .text.table_get_u2
                0x0800bbba       0x20 ./Middleware/ThirdParty/LMIC/lmic/radio_sx127x.o
 .text.getSf    0x0800bbda       0x20 ./Middleware/ThirdParty/LMIC/lmic/radio_sx127x.o
 .text.getBw    0x0800bbfa       0x24 ./Middleware/ThirdParty/LMIC/lmic/radio_sx127x.o
 .text.getCr    0x0800bc1e       0x24 ./Middleware/ThirdParty/LMIC/lmic/radio_sx127x.o
 .text.getNocrc
                0x0800bc42       0x20 ./Middleware/ThirdParty/LMIC/lmic/radio_sx127x.o
 .text.getIh    0x0800bc62       0x1e ./Middleware/ThirdParty/LMIC/lmic/radio_sx127x.o
 .text.LMIC_SecureElement_aes128Encrypt
                0x0800bc80       0x20 ./Middleware/ThirdParty/LMIC/lmic/radio_sx127x.o
 .text.writeReg
                0x0800bca0       0x2a ./Middleware/ThirdParty/LMIC/lmic/radio_sx127x.o
 .text.readReg  0x0800bcca       0x28 ./Middleware/ThirdParty/LMIC/lmic/radio_sx127x.o
 .text.writeBuf
                0x0800bcf2       0x2a ./Middleware/ThirdParty/LMIC/lmic/radio_sx127x.o
 .text.readBuf  0x0800bd1c       0x2a ./Middleware/ThirdParty/LMIC/lmic/radio_sx127x.o
 .text.requestModuleActive
                0x0800bd46       0x32 ./Middleware/ThirdParty/LMIC/lmic/radio_sx127x.o
 .text.writeOpmode
                0x0800bd78       0x3c ./Middleware/ThirdParty/LMIC/lmic/radio_sx127x.o
 .text.opmode   0x0800bdb4       0x32 ./Middleware/ThirdParty/LMIC/lmic/radio_sx127x.o
 *fill*         0x0800bde6        0x2 
 .text.opmodeLora
                0x0800bde8       0x34 ./Middleware/ThirdParty/LMIC/lmic/radio_sx127x.o
 .text.opmodeFSK
                0x0800be1c       0x34 ./Middleware/ThirdParty/LMIC/lmic/radio_sx127x.o
 .text.os_radio_isTxActive
                0x0800be50       0x26 ./Middleware/ThirdParty/LMIC/lmic/radio_sx127x.o
 .text.os_radio_isRxActive
                0x0800be76       0x26 ./Middleware/ThirdParty/LMIC/lmic/radio_sx127x.o
 .text.radioRq_getNoRxIqInversion
                0x0800be9c       0x28 ./Middleware/ThirdParty/LMIC/lmic/radio_sx127x.o
 .text.radio_complete
                0x0800bec4       0x48 ./Middleware/ThirdParty/LMIC/lmic/radio_sx127x.o
 .text.configLoraModem
                0x0800bf0c      0x1dc ./Middleware/ThirdParty/LMIC/lmic/radio_sx127x.o
 .text.configChannel
                0x0800c0e8       0x7c ./Middleware/ThirdParty/LMIC/lmic/radio_sx127x.o
 .text.configPower
                0x0800c164      0x15c ./Middleware/ThirdParty/LMIC/lmic/radio_sx127x.o
 .text.setupFskRxTx
                0x0800c2c0       0x6e ./Middleware/ThirdParty/LMIC/lmic/radio_sx127x.o
 *fill*         0x0800c32e        0x2 
 .text.txfsk    0x0800c330       0xcc ./Middleware/ThirdParty/LMIC/lmic/radio_sx127x.o
 .text.txlora   0x0800c3fc       0xec ./Middleware/ThirdParty/LMIC/lmic/radio_sx127x.o
 .text.starttx  0x0800c4e8       0x84 ./Middleware/ThirdParty/LMIC/lmic/radio_sx127x.o
 .text.rxlate   0x0800c56c       0x40 ./Middleware/ThirdParty/LMIC/lmic/radio_sx127x.o
 .text.rxlora   0x0800c5ac      0x180 ./Middleware/ThirdParty/LMIC/lmic/radio_sx127x.o
 .text.rxfsk    0x0800c72c       0xc0 ./Middleware/ThirdParty/LMIC/lmic/radio_sx127x.o
 .text.startrx  0x0800c7ec       0x58 ./Middleware/ThirdParty/LMIC/lmic/radio_sx127x.o
 .text.radio_init
                0x0800c844      0x118 ./Middleware/ThirdParty/LMIC/lmic/radio_sx127x.o
                0x0800c844                radio_init
 .text.radio_rand1
                0x0800c95c       0x74 ./Middleware/ThirdParty/LMIC/lmic/radio_sx127x.o
                0x0800c95c                radio_rand1
 .text.radio_monitor_rssi
                0x0800c9d0      0x120 ./Middleware/ThirdParty/LMIC/lmic/radio_sx127x.o
                0x0800c9d0                radio_monitor_rssi
 .text.radio_irq_handler_v2
                0x0800caf0      0x2e0 ./Middleware/ThirdParty/LMIC/lmic/radio_sx127x.o
                0x0800caf0                radio_irq_handler_v2
 .text.os_radio_reset
                0x0800cdd0       0x40 ./Middleware/ThirdParty/LMIC/lmic/radio_sx127x.o
 .text.os_radio
                0x0800ce10       0x8c ./Middleware/ThirdParty/LMIC/lmic/radio_sx127x.o
                0x0800ce10                os_radio
 .text.os_radio_v2
                0x0800ce9c       0xd4 ./Middleware/ThirdParty/LMIC/lmic/radio_sx127x.o
                0x0800ce9c                os_radio_v2
 .text.os_getRadioRxRampup
                0x0800cf70       0x12 ./Middleware/ThirdParty/LMIC/lmic/radio_sx127x.o
                0x0800cf70                os_getRadioRxRampup
 .text.os_aes   0x0800cf82       0x26 ./Middleware/ThirdParty/LMIC/se/drivers/default/lmic_se_default.o
 .text.LMIC_SecureElement_DefaultI_GetNwkSKeyRef
                0x0800cfa8       0x14 ./Middleware/ThirdParty/LMIC/se/drivers/default/lmic_se_default.o
 .text.LMIC_SecureElement_DefaultI_GetAppSKeyRef
                0x0800cfbc       0x14 ./Middleware/ThirdParty/LMIC/se/drivers/default/lmic_se_default.o
 .text.appKeyToAESkey
                0x0800cfd0       0x20 ./Middleware/ThirdParty/LMIC/se/drivers/default/lmic_se_default.o
 .text.LMIC_SecureElement_Default_initialize
                0x0800cff0       0x10 ./Middleware/ThirdParty/LMIC/se/drivers/default/lmic_se_default.o
                0x0800cff0                LMIC_SecureElement_Default_initialize
 .text.LMIC_SecureElement_Default_setDevEUI
                0x0800d000       0x24 ./Middleware/ThirdParty/LMIC/se/drivers/default/lmic_se_default.o
                0x0800d000                LMIC_SecureElement_Default_setDevEUI
 .text.LMIC_SecureElement_Default_setAppEUI
                0x0800d024       0x24 ./Middleware/ThirdParty/LMIC/se/drivers/default/lmic_se_default.o
                0x0800d024                LMIC_SecureElement_Default_setAppEUI
 .text.LMIC_SecureElement_Default_setAppKey
                0x0800d048       0x28 ./Middleware/ThirdParty/LMIC/se/drivers/default/lmic_se_default.o
                0x0800d048                LMIC_SecureElement_Default_setAppKey
 .text.micB0    0x0800d070       0x68 ./Middleware/ThirdParty/LMIC/se/drivers/default/lmic_se_default.o
 .text.aes_verifyMic
                0x0800d0d8       0x58 ./Middleware/ThirdParty/LMIC/se/drivers/default/lmic_se_default.o
 .text.LMIC_SecureElement_Default_verifyMIC
                0x0800d130       0x4c ./Middleware/ThirdParty/LMIC/se/drivers/default/lmic_se_default.o
                0x0800d130                LMIC_SecureElement_Default_verifyMIC
 .text.aes_appendMic
                0x0800d17c       0x50 ./Middleware/ThirdParty/LMIC/se/drivers/default/lmic_se_default.o
 .text.aes_cipher
                0x0800d1cc       0x88 ./Middleware/ThirdParty/LMIC/se/drivers/default/lmic_se_default.o
 .text.LMIC_SecureElement_Default_encodeMessage
                0x0800d254       0xb8 ./Middleware/ThirdParty/LMIC/se/drivers/default/lmic_se_default.o
                0x0800d254                LMIC_SecureElement_Default_encodeMessage
 .text.LMIC_SecureElement_Default_decodeMessage
                0x0800d30c       0xa6 ./Middleware/ThirdParty/LMIC/se/drivers/default/lmic_se_default.o
                0x0800d30c                LMIC_SecureElement_Default_decodeMessage
 .text.aes_appendMic0
                0x0800d3b2       0x34 ./Middleware/ThirdParty/LMIC/se/drivers/default/lmic_se_default.o
 *fill*         0x0800d3e6        0x2 
 .text.LMIC_SecureElement_Default_createJoinRequest
                0x0800d3e8       0x84 ./Middleware/ThirdParty/LMIC/se/drivers/default/lmic_se_default.o
                0x0800d3e8                LMIC_SecureElement_Default_createJoinRequest
 .text.aes_verifyMic0
                0x0800d46c       0x3e ./Middleware/ThirdParty/LMIC/se/drivers/default/lmic_se_default.o
 .text.aes_encrypt
                0x0800d4aa       0x24 ./Middleware/ThirdParty/LMIC/se/drivers/default/lmic_se_default.o
 .text.aes_sessKeys
                0x0800d4ce       0x70 ./Middleware/ThirdParty/LMIC/se/drivers/default/lmic_se_default.o
 *fill*         0x0800d53e        0x2 
 .text.LMIC_SecureElement_Default_decodeJoinAccept
                0x0800d540       0x8c ./Middleware/ThirdParty/LMIC/se/drivers/default/lmic_se_default.o
                0x0800d540                LMIC_SecureElement_Default_decodeJoinAccept
 .text.LMIC_SecureElement_Default_aes128Encrypt
                0x0800d5cc       0x40 ./Middleware/ThirdParty/LMIC/se/drivers/default/lmic_se_default.o
                0x0800d5cc                LMIC_SecureElement_Default_aes128Encrypt
 .text.__cvt    0x0800d60c       0xca D:/STM32/STM32CubeIde/STM32CubeIDE_2.0.0/STM32CubeIDE/plugins/com.st.stm32cube.ide.mcu.externaltools.gnu-tools-for-stm32.13.3.rel1.win32_1.0.100.202509120712/tools/bin/../lib/gcc/arm-none-eabi/13.3.1/../../../../arm-none-eabi/lib/thumb/v7e-m+fp/hard\libc_nano.a(libc_a-nano-vfprintf_float.o)
                0x0800d60c                __cvt
 .text.__exponent
                0x0800d6d6       0x74 D:/STM32/STM32CubeIde/STM32CubeIDE_2.0.0/STM32CubeIDE/plugins/com.st.stm32cube.ide.mcu.externaltools.gnu-tools-for-stm32.13.3.rel1.win32_1.0.100.202509120712/tools/bin/../lib/gcc/arm-none-eabi/13.3.1/../../../../arm-none-eabi/lib/thumb/v7e-m+fp/hard\libc_nano.a(libc_a-nano-vfprintf_float.o)
                0x0800d6d6                __exponent
 *fill*         0x0800d74a        0x2 
 .text._printf_float
                0x0800d74c      0x454 D:/STM32/STM32CubeIde/STM32CubeIDE_2.0.0/STM32CubeIDE/plugins/com.st.stm32cube.ide.mcu.externaltools.gnu-tools-for-stm32.13.3.rel1.win32_1.0.100.202509120712/tools/bin/../lib/gcc/arm-none-eabi/13.3.1/../../../../arm-none-eabi/lib/thumb/v7e-m+fp/hard\libc_nano.a(libc_a-nano-vfprintf_float.o)
                0x0800d74c                _printf_float
 .text._printf_common
                0x0800dba0       0xda D:/STM32/STM32CubeIde/STM32CubeIDE_2.0.0/STM32CubeIDE/plugins/com.st.stm32cube.ide.mcu.externaltools.gnu-tools-for-stm32.13.3.rel1.win32_1.0.100.202509120712/tools/bin/../lib/gcc/arm-none-eabi/13.3.1/../../../../arm-none-eabi/lib/thumb/v7e-m+fp/hard\libc_nano.a(libc_a-nano-vfprintf_i.o)
                0x0800dba0                _printf_common
 *fill*         0x0800dc7a        0x2 
 .text._printf_i
                0x0800dc7c      0x23c D:/STM32/STM32CubeIde/STM32CubeIDE_2.0.0/STM32CubeIDE/plugins/com.st.stm32cube.ide.mcu.externaltools.gnu-tools-for-stm32.13.3.rel1.win32_1.0.100.202509120712/tools/bin/../lib/gcc/arm-none-eabi/13.3.1/../../../../arm-none-eabi/lib/thumb/v7e-m+fp/hard\libc_nano.a(libc_a-nano-vfprintf_i.o)
                0x0800dc7c                _printf_i
 .text._scanf_float
                0x0800deb8      0x41c D:/STM32/STM32CubeIde/STM32CubeIDE_2.0.0/STM32CubeIDE/plugins/com.st.stm32cube.ide.mcu.externaltools.gnu-tools-for-stm32.13.3.rel1.win32_1.0.100.202509120712/tools/bin/../lib/gcc/arm-none-eabi/13.3.1/../../../../arm-none-eabi/lib/thumb/v7e-m+fp/hard\libc_nano.a(libc_a-nano-vfscanf_float.o)
                0x0800deb8                _scanf_float
 .text.std      0x0800e2d4       0x6c D:/STM32/STM32CubeIde/STM32CubeIDE_2.0.0/STM32CubeIDE/plugins/com.st.stm32cube.ide.mcu.externaltools.gnu-tools-for-stm32.13.3.rel1.win32_1.0.100.202509120712/tools/bin/../lib/gcc/arm-none-eabi/13.3.1/../../../../arm-none-eabi/lib/thumb/v7e-m+fp/hard\libc_nano.a(libc_a-findfp.o)
 .text.stdio_exit_handler
                0x0800e340       0x18 D:/STM32/STM32CubeIde/STM32CubeIDE_2.0.0/STM32CubeIDE/plugins/com.st.stm32cube.ide.mcu.externaltools.gnu-tools-for-stm32.13.3.rel1.win32_1.0.100.202509120712/tools/bin/../lib/gcc/arm-none-eabi/13.3.1/../../../../arm-none-eabi/lib/thumb/v7e-m+fp/hard\libc_nano.a(libc_a-findfp.o)
 .text.cleanup_stdio
                0x0800e358       0x40 D:/STM32/STM32CubeIde/STM32CubeIDE_2.0.0/STM32CubeIDE/plugins/com.st.stm32cube.ide.mcu.externaltools.gnu-tools-for-stm32.13.3.rel1.win32_1.0.100.202509120712/tools/bin/../lib/gcc/arm-none-eabi/13.3.1/../../../../arm-none-eabi/lib/thumb/v7e-m+fp/hard\libc_nano.a(libc_a-findfp.o)
 .text.global_stdio_init.part.0
                0x0800e398       0x3c D:/STM32/STM32CubeIde/STM32CubeIDE_2.0.0/STM32CubeIDE/plugins/com.st.stm32cube.ide.mcu.externaltools.gnu-tools-for-stm32.13.3.rel1.win32_1.0.100.202509120712/tools/bin/../lib/gcc/arm-none-eabi/13.3.1/../../../../arm-none-eabi/lib/thumb/v7e-m+fp/hard\libc_nano.a(libc_a-findfp.o)
 .text.__sfp_lock_acquire
                0x0800e3d4        0xc D:/STM32/STM32CubeIde/STM32CubeIDE_2.0.0/STM32CubeIDE/plugins/com.st.stm32cube.ide.mcu.externaltools.gnu-tools-for-stm32.13.3.rel1.win32_1.0.100.202509120712/tools/bin/../lib/gcc/arm-none-eabi/13.3.1/../../../../arm-none-eabi/lib/thumb/v7e-m+fp/hard\libc_nano.a(libc_a-findfp.o)
                0x0800e3d4                __sfp_lock_acquire
 .text.__sfp_lock_release
                0x0800e3e0        0xc D:/STM32/STM32CubeIde/STM32CubeIDE_2.0.0/STM32CubeIDE/plugins/com.st.stm32cube.ide.mcu.externaltools.gnu-tools-for-stm32.13.3.rel1.win32_1.0.100.202509120712/tools/bin/../lib/gcc/arm-none-eabi/13.3.1/../../../../arm-none-eabi/lib/thumb/v7e-m+fp/hard\libc_nano.a(libc_a-findfp.o)
                0x0800e3e0                __sfp_lock_release
 .text.__sinit  0x0800e3ec       0x30 D:/STM32/STM32CubeIde/STM32CubeIDE_2.0.0/STM32CubeIDE/plugins/com.st.stm32cube.ide.mcu.externaltools.gnu-tools-for-stm32.13.3.rel1.win32_1.0.100.202509120712/tools/bin/../lib/gcc/arm-none-eabi/13.3.1/../../../../arm-none-eabi/lib/thumb/v7e-m+fp/hard\libc_nano.a(libc_a-findfp.o)
                0x0800e3ec                __sinit
 .text._fwalk_sglue
                0x0800e41c       0x3c D:/STM32/STM32CubeIde/STM32CubeIDE_2.0.0/STM32CubeIDE/plugins/com.st.stm32cube.ide.mcu.externaltools.gnu-tools-for-stm32.13.3.rel1.win32_1.0.100.202509120712/tools/bin/../lib/gcc/arm-none-eabi/13.3.1/../../../../arm-none-eabi/lib/thumb/v7e-m+fp/hard\libc_nano.a(libc_a-fwalk.o)
                0x0800e41c                _fwalk_sglue
 .text.printf   0x0800e458       0x24 D:/STM32/STM32CubeIde/STM32CubeIDE_2.0.0/STM32CubeIDE/plugins/com.st.stm32cube.ide.mcu.externaltools.gnu-tools-for-stm32.13.3.rel1.win32_1.0.100.202509120712/tools/bin/../lib/gcc/arm-none-eabi/13.3.1/../../../../arm-none-eabi/lib/thumb/v7e-m+fp/hard\libc_nano.a(libc_a-printf.o)
                0x0800e458                iprintf
                0x0800e458                printf
 .text._puts_r  0x0800e47c       0xaa D:/STM32/STM32CubeIde/STM32CubeIDE_2.0.0/STM32CubeIDE/plugins/com.st.stm32cube.ide.mcu.externaltools.gnu-tools-for-stm32.13.3.rel1.win32_1.0.100.202509120712/tools/bin/../lib/gcc/arm-none-eabi/13.3.1/../../../../arm-none-eabi/lib/thumb/v7e-m+fp/hard\libc_nano.a(libc_a-puts.o)
                0x0800e47c                _puts_r
 *fill*         0x0800e526        0x2 
 .text.puts     0x0800e528       0x10 D:/STM32/STM32CubeIde/STM32CubeIDE_2.0.0/STM32CubeIDE/plugins/com.st.stm32cube.ide.mcu.externaltools.gnu-tools-for-stm32.13.3.rel1.win32_1.0.100.202509120712/tools/bin/../lib/gcc/arm-none-eabi/13.3.1/../../../../arm-none-eabi/lib/thumb/v7e-m+fp/hard\libc_nano.a(libc_a-puts.o)
                0x0800e528                puts
 .text.sprintf  0x0800e538       0x44 D:/STM32/STM32CubeIde/STM32CubeIDE_2.0.0/STM32CubeIDE/plugins/com.st.stm32cube.ide.mcu.externaltools.gnu-tools-for-stm32.13.3.rel1.win32_1.0.100.202509120712/tools/bin/../lib/gcc/arm-none-eabi/13.3.1/../../../../arm-none-eabi/lib/thumb/v7e-m+fp/hard\libc_nano.a(libc_a-sprintf.o)
                0x0800e538                siprintf
                0x0800e538                sprintf
 .text.sscanf   0x0800e57c       0x58 D:/STM32/STM32CubeIde/STM32CubeIDE_2.0.0/STM32CubeIDE/plugins/com.st.stm32cube.ide.mcu.externaltools.gnu-tools-for-stm32.13.3.rel1.win32_1.0.100.202509120712/tools/bin/../lib/gcc/arm-none-eabi/13.3.1/../../../../arm-none-eabi/lib/thumb/v7e-m+fp/hard\libc_nano.a(libc_a-sscanf.o)
                0x0800e57c                siscanf
                0x0800e57c                sscanf
 .text.__sread  0x0800e5d4       0x22 D:/STM32/STM32CubeIde/STM32CubeIDE_2.0.0/STM32CubeIDE/plugins/com.st.stm32cube.ide.mcu.externaltools.gnu-tools-for-stm32.13.3.rel1.win32_1.0.100.202509120712/tools/bin/../lib/gcc/arm-none-eabi/13.3.1/../../../../arm-none-eabi/lib/thumb/v7e-m+fp/hard\libc_nano.a(libc_a-stdio.o)
                0x0800e5d4                __sread
 .text.__seofread
                0x0800e5f6        0x4 D:/STM32/STM32CubeIde/STM32CubeIDE_2.0.0/STM32CubeIDE/plugins/com.st.stm32cube.ide.mcu.externaltools.gnu-tools-for-stm32.13.3.rel1.win32_1.0.100.202509120712/tools/bin/../lib/gcc/arm-none-eabi/13.3.1/../../../../arm-none-eabi/lib/thumb/v7e-m+fp/hard\libc_nano.a(libc_a-stdio.o)
                0x0800e5f6                __seofread
 .text.__swrite
                0x0800e5fa       0x38 D:/STM32/STM32CubeIde/STM32CubeIDE_2.0.0/STM32CubeIDE/plugins/com.st.stm32cube.ide.mcu.externaltools.gnu-tools-for-stm32.13.3.rel1.win32_1.0.100.202509120712/tools/bin/../lib/gcc/arm-none-eabi/13.3.1/../../../../arm-none-eabi/lib/thumb/v7e-m+fp/hard\libc_nano.a(libc_a-stdio.o)
                0x0800e5fa                __swrite
 .text.__sseek  0x0800e632       0x24 D:/STM32/STM32CubeIde/STM32CubeIDE_2.0.0/STM32CubeIDE/plugins/com.st.stm32cube.ide.mcu.externaltools.gnu-tools-for-stm32.13.3.rel1.win32_1.0.100.202509120712/tools/bin/../lib/gcc/arm-none-eabi/13.3.1/../../../../arm-none-eabi/lib/thumb/v7e-m+fp/hard\libc_nano.a(libc_a-stdio.o)
                0x0800e632                __sseek
 .text.__sclose
                0x0800e656        0x8 D:/STM32/STM32CubeIde/STM32CubeIDE_2.0.0/STM32CubeIDE/plugins/com.st.stm32cube.ide.mcu.externaltools.gnu-tools-for-stm32.13.3.rel1.win32_1.0.100.202509120712/tools/bin/../lib/gcc/arm-none-eabi/13.3.1/../../../../arm-none-eabi/lib/thumb/v7e-m+fp/hard\libc_nano.a(libc_a-stdio.o)
                0x0800e656                __sclose
 .text.__swbuf_r
                0x0800e65e       0x7c D:/STM32/STM32CubeIde/STM32CubeIDE_2.0.0/STM32CubeIDE/plugins/com.st.stm32cube.ide.mcu.externaltools.gnu-tools-for-stm32.13.3.rel1.win32_1.0.100.202509120712/tools/bin/../lib/gcc/arm-none-eabi/13.3.1/../../../../arm-none-eabi/lib/thumb/v7e-m+fp/hard\libc_nano.a(libc_a-wbuf.o)
                0x0800e65e                __swbuf_r
 *fill*         0x0800e6da        0x2 
 .text.__swsetup_r
                0x0800e6dc       0xac D:/STM32/STM32CubeIde/STM32CubeIDE_2.0.0/STM32CubeIDE/plugins/com.st.stm32cube.ide.mcu.externaltools.gnu-tools-for-stm32.13.3.rel1.win32_1.0.100.202509120712/tools/bin/../lib/gcc/arm-none-eabi/13.3.1/../../../../arm-none-eabi/lib/thumb/v7e-m+fp/hard\libc_nano.a(libc_a-wsetup.o)
                0x0800e6dc                __swsetup_r
 .text.memcmp   0x0800e788       0x20 D:/STM32/STM32CubeIde/STM32CubeIDE_2.0.0/STM32CubeIDE/plugins/com.st.stm32cube.ide.mcu.externaltools.gnu-tools-for-stm32.13.3.rel1.win32_1.0.100.202509120712/tools/bin/../lib/gcc/arm-none-eabi/13.3.1/../../../../arm-none-eabi/lib/thumb/v7e-m+fp/hard\libc_nano.a(libc_a-memcmp.o)
                0x0800e788                memcmp
 .text.memset   0x0800e7a8       0x10 D:/STM32/STM32CubeIde/STM32CubeIDE_2.0.0/STM32CubeIDE/plugins/com.st.stm32cube.ide.mcu.externaltools.gnu-tools-for-stm32.13.3.rel1.win32_1.0.100.202509120712/tools/bin/../lib/gcc/arm-none-eabi/13.3.1/../../../../arm-none-eabi/lib/thumb/v7e-m+fp/hard\libc_nano.a(libc_a-memset.o)
                0x0800e7a8                memset
 .text.strncmp  0x0800e7b8       0x24 D:/STM32/STM32CubeIde/STM32CubeIDE_2.0.0/STM32CubeIDE/plugins/com.st.stm32cube.ide.mcu.externaltools.gnu-tools-for-stm32.13.3.rel1.win32_1.0.100.202509120712/tools/bin/../lib/gcc/arm-none-eabi/13.3.1/../../../../arm-none-eabi/lib/thumb/v7e-m+fp/hard\libc_nano.a(libc_a-strncmp.o)
                0x0800e7b8                strncmp
 .text._localeconv_r
                0x0800e7dc        0x8 D:/STM32/STM32CubeIde/STM32CubeIDE_2.0.0/STM32CubeIDE/plugins/com.st.stm32cube.ide.mcu.externaltools.gnu-tools-for-stm32.13.3.rel1.win32_1.0.100.202509120712/tools/bin/../lib/gcc/arm-none-eabi/13.3.1/../../../../arm-none-eabi/lib/thumb/v7e-m+fp/hard\libc_nano.a(libc_a-localeconv.o)
                0x0800e7dc                _localeconv_r
 .text._close_r
                0x0800e7e4       0x20 D:/STM32/STM32CubeIde/STM32CubeIDE_2.0.0/STM32CubeIDE/plugins/com.st.stm32cube.ide.mcu.externaltools.gnu-tools-for-stm32.13.3.rel1.win32_1.0.100.202509120712/tools/bin/../lib/gcc/arm-none-eabi/13.3.1/../../../../arm-none-eabi/lib/thumb/v7e-m+fp/hard\libc_nano.a(libc_a-closer.o)
                0x0800e7e4                _close_r
 .text._lseek_r
                0x0800e804       0x24 D:/STM32/STM32CubeIde/STM32CubeIDE_2.0.0/STM32CubeIDE/plugins/com.st.stm32cube.ide.mcu.externaltools.gnu-tools-for-stm32.13.3.rel1.win32_1.0.100.202509120712/tools/bin/../lib/gcc/arm-none-eabi/13.3.1/../../../../arm-none-eabi/lib/thumb/v7e-m+fp/hard\libc_nano.a(libc_a-lseekr.o)
                0x0800e804                _lseek_r
 .text._read_r  0x0800e828       0x24 D:/STM32/STM32CubeIde/STM32CubeIDE_2.0.0/STM32CubeIDE/plugins/com.st.stm32cube.ide.mcu.externaltools.gnu-tools-for-stm32.13.3.rel1.win32_1.0.100.202509120712/tools/bin/../lib/gcc/arm-none-eabi/13.3.1/../../../../arm-none-eabi/lib/thumb/v7e-m+fp/hard\libc_nano.a(libc_a-readr.o)
                0x0800e828                _read_r
 .text._write_r
                0x0800e84c       0x24 D:/STM32/STM32CubeIde/STM32CubeIDE_2.0.0/STM32CubeIDE/plugins/com.st.stm32cube.ide.mcu.externaltools.gnu-tools-for-stm32.13.3.rel1.win32_1.0.100.202509120712/tools/bin/../lib/gcc/arm-none-eabi/13.3.1/../../../../arm-none-eabi/lib/thumb/v7e-m+fp/hard\libc_nano.a(libc_a-writer.o)
                0x0800e84c                _write_r
 .text.__errno  0x0800e870        0xc D:/STM32/STM32CubeIde/STM32CubeIDE_2.0.0/STM32CubeIDE/plugins/com.st.stm32cube.ide.mcu.externaltools.gnu-tools-for-stm32.13.3.rel1.win32_1.0.100.202509120712/tools/bin/../lib/gcc/arm-none-eabi/13.3.1/../../../../arm-none-eabi/lib/thumb/v7e-m+fp/hard\libc_nano.a(libc_a-errno.o)
                0x0800e870                __errno
 .text.__libc_init_array
                0x0800e87c       0x48 D:/STM32/STM32CubeIde/STM32CubeIDE_2.0.0/STM32CubeIDE/plugins/com.st.stm32cube.ide.mcu.externaltools.gnu-tools-for-stm32.13.3.rel1.win32_1.0.100.202509120712/tools/bin/../lib/gcc/arm-none-eabi/13.3.1/../../../../arm-none-eabi/lib/thumb/v7e-m+fp/hard\libc_nano.a(libc_a-init.o)
                0x0800e87c                __libc_init_array
 .text.__retarget_lock_init_recursive
                0x0800e8c4        0x2 D:/STM32/STM32CubeIde/STM32CubeIDE_2.0.0/STM32CubeIDE/plugins/com.st.stm32cube.ide.mcu.externaltools.gnu-tools-for-stm32.13.3.rel1.win32_1.0.100.202509120712/tools/bin/../lib/gcc/arm-none-eabi/13.3.1/../../../../arm-none-eabi/lib/thumb/v7e-m+fp/hard\libc_nano.a(libc_a-lock.o)
                0x0800e8c4                __retarget_lock_init_recursive
 .text.__retarget_lock_acquire_recursive
                0x0800e8c6        0x2 D:/STM32/STM32CubeIde/STM32CubeIDE_2.0.0/STM32CubeIDE/plugins/com.st.stm32cube.ide.mcu.externaltools.gnu-tools-for-stm32.13.3.rel1.win32_1.0.100.202509120712/tools/bin/../lib/gcc/arm-none-eabi/13.3.1/../../../../arm-none-eabi/lib/thumb/v7e-m+fp/hard\libc_nano.a(libc_a-lock.o)
                0x0800e8c6                __retarget_lock_acquire_recursive
 .text.__retarget_lock_release_recursive
                0x0800e8c8        0x2 D:/STM32/STM32CubeIde/STM32CubeIDE_2.0.0/STM32CubeIDE/plugins/com.st.stm32cube.ide.mcu.externaltools.gnu-tools-for-stm32.13.3.rel1.win32_1.0.100.202509120712/tools/bin/../lib/gcc/arm-none-eabi/13.3.1/../../../../arm-none-eabi/lib/thumb/v7e-m+fp/hard\libc_nano.a(libc_a-lock.o)
                0x0800e8c8                __retarget_lock_release_recursive
 .text.memcpy   0x0800e8ca       0x1c D:/STM32/STM32CubeIde/STM32CubeIDE_2.0.0/STM32CubeIDE/plugins/com.st.stm32cube.ide.mcu.externaltools.gnu-tools-for-stm32.13.3.rel1.win32_1.0.100.202509120712/tools/bin/../lib/gcc/arm-none-eabi/13.3.1/../../../../arm-none-eabi/lib/thumb/v7e-m+fp/hard\libc_nano.a(libc_a-memcpy-stub.o)
                0x0800e8ca                memcpy
 *fill*         0x0800e8e6        0x2 
 .text.nanf     0x0800e8e8        0xc D:/STM32/STM32CubeIde/STM32CubeIDE_2.0.0/STM32CubeIDE/plugins/com.st.stm32cube.ide.mcu.externaltools.gnu-tools-for-stm32.13.3.rel1.win32_1.0.100.202509120712/tools/bin/../lib/gcc/arm-none-eabi/13.3.1/../../../../arm-none-eabi/lib/thumb/v7e-m+fp/hard\libc_nano.a(libm_a-sf_nan.o)
                0x0800e8e8                nanf
 .text.quorem   0x0800e8f4      0x110 D:/STM32/STM32CubeIde/STM32CubeIDE_2.0.0/STM32CubeIDE/plugins/com.st.stm32cube.ide.mcu.externaltools.gnu-tools-for-stm32.13.3.rel1.win32_1.0.100.202509120712/tools/bin/../lib/gcc/arm-none-eabi/13.3.1/../../../../arm-none-eabi/lib/thumb/v7e-m+fp/hard\libc_nano.a(libc_a-dtoa.o)
 *fill*         0x0800ea04        0x4 
 .text._dtoa_r  0x0800ea08      0xba0 D:/STM32/STM32CubeIde/STM32CubeIDE_2.0.0/STM32CubeIDE/plugins/com.st.stm32cube.ide.mcu.externaltools.gnu-tools-for-stm32.13.3.rel1.win32_1.0.100.202509120712/tools/bin/../lib/gcc/arm-none-eabi/13.3.1/../../../../arm-none-eabi/lib/thumb/v7e-m+fp/hard\libc_nano.a(libc_a-dtoa.o)
                0x0800ea08                _dtoa_r
 .text._free_r  0x0800f5a8       0x94 D:/STM32/STM32CubeIde/STM32CubeIDE_2.0.0/STM32CubeIDE/plugins/com.st.stm32cube.ide.mcu.externaltools.gnu-tools-for-stm32.13.3.rel1.win32_1.0.100.202509120712/tools/bin/../lib/gcc/arm-none-eabi/13.3.1/../../../../arm-none-eabi/lib/thumb/v7e-m+fp/hard\libc_nano.a(libc_a-freer.o)
                0x0800f5a8                _free_r
 .text.malloc   0x0800f63c       0x10 D:/STM32/STM32CubeIde/STM32CubeIDE_2.0.0/STM32CubeIDE/plugins/com.st.stm32cube.ide.mcu.externaltools.gnu-tools-for-stm32.13.3.rel1.win32_1.0.100.202509120712/tools/bin/../lib/gcc/arm-none-eabi/13.3.1/../../../../arm-none-eabi/lib/thumb/v7e-m+fp/hard\libc_nano.a(libc_a-malloc.o)
                0x0800f63c                malloc
 .text.sbrk_aligned
                0x0800f64c       0x44 D:/STM32/STM32CubeIde/STM32CubeIDE_2.0.0/STM32CubeIDE/plugins/com.st.stm32cube.ide.mcu.externaltools.gnu-tools-for-stm32.13.3.rel1.win32_1.0.100.202509120712/tools/bin/../lib/gcc/arm-none-eabi/13.3.1/../../../../arm-none-eabi/lib/thumb/v7e-m+fp/hard\libc_nano.a(libc_a-mallocr.o)
 .text._malloc_r
                0x0800f690      0x100 D:/STM32/STM32CubeIde/STM32CubeIDE_2.0.0/STM32CubeIDE/plugins/com.st.stm32cube.ide.mcu.externaltools.gnu-tools-for-stm32.13.3.rel1.win32_1.0.100.202509120712/tools/bin/../lib/gcc/arm-none-eabi/13.3.1/../../../../arm-none-eabi/lib/thumb/v7e-m+fp/hard\libc_nano.a(libc_a-mallocr.o)
                0x0800f690                _malloc_r
 .text.__malloc_lock
                0x0800f790        0xc D:/STM32/STM32CubeIde/STM32CubeIDE_2.0.0/STM32CubeIDE/plugins/com.st.stm32cube.ide.mcu.externaltools.gnu-tools-for-stm32.13.3.rel1.win32_1.0.100.202509120712/tools/bin/../lib/gcc/arm-none-eabi/13.3.1/../../../../arm-none-eabi/lib/thumb/v7e-m+fp/hard\libc_nano.a(libc_a-mlock.o)
                0x0800f790                __malloc_lock
 .text.__malloc_unlock
                0x0800f79c        0xc D:/STM32/STM32CubeIde/STM32CubeIDE_2.0.0/STM32CubeIDE/plugins/com.st.stm32cube.ide.mcu.externaltools.gnu-tools-for-stm32.13.3.rel1.win32_1.0.100.202509120712/tools/bin/../lib/gcc/arm-none-eabi/13.3.1/../../../../arm-none-eabi/lib/thumb/v7e-m+fp/hard\libc_nano.a(libc_a-mlock.o)
                0x0800f79c                __malloc_unlock
 .text._Balloc  0x0800f7a8       0x80 D:/STM32/STM32CubeIde/STM32CubeIDE_2.0.0/STM32CubeIDE/plugins/com.st.stm32cube.ide.mcu.externaltools.gnu-tools-for-stm32.13.3.rel1.win32_1.0.100.202509120712/tools/bin/../lib/gcc/arm-none-eabi/13.3.1/../../../../arm-none-eabi/lib/thumb/v7e-m+fp/hard\libc_nano.a(libc_a-mprec.o)
                0x0800f7a8                _Balloc
 .text._Bfree   0x0800f828       0x44 D:/STM32/STM32CubeIde/STM32CubeIDE_2.0.0/STM32CubeIDE/plugins/com.st.stm32cube.ide.mcu.externaltools.gnu-tools-for-stm32.13.3.rel1.win32_1.0.100.202509120712/tools/bin/../lib/gcc/arm-none-eabi/13.3.1/../../../../arm-none-eabi/lib/thumb/v7e-m+fp/hard\libc_nano.a(libc_a-mprec.o)
                0x0800f828                _Bfree
 .text.__multadd
                0x0800f86c       0x8c D:/STM32/STM32CubeIde/STM32CubeIDE_2.0.0/STM32CubeIDE/plugins/com.st.stm32cube.ide.mcu.externaltools.gnu-tools-for-stm32.13.3.rel1.win32_1.0.100.202509120712/tools/bin/../lib/gcc/arm-none-eabi/13.3.1/../../../../arm-none-eabi/lib/thumb/v7e-m+fp/hard\libc_nano.a(libc_a-mprec.o)
                0x0800f86c                __multadd
 .text.__s2b    0x0800f8f8       0x94 D:/STM32/STM32CubeIde/STM32CubeIDE_2.0.0/STM32CubeIDE/plugins/com.st.stm32cube.ide.mcu.externaltools.gnu-tools-for-stm32.13.3.rel1.win32_1.0.100.202509120712/tools/bin/../lib/gcc/arm-none-eabi/13.3.1/../../../../arm-none-eabi/lib/thumb/v7e-m+fp/hard\libc_nano.a(libc_a-mprec.o)
                0x0800f8f8                __s2b
 .text.__hi0bits
                0x0800f98c       0x3e D:/STM32/STM32CubeIde/STM32CubeIDE_2.0.0/STM32CubeIDE/plugins/com.st.stm32cube.ide.mcu.externaltools.gnu-tools-for-stm32.13.3.rel1.win32_1.0.100.202509120712/tools/bin/../lib/gcc/arm-none-eabi/13.3.1/../../../../arm-none-eabi/lib/thumb/v7e-m+fp/hard\libc_nano.a(libc_a-mprec.o)
                0x0800f98c                __hi0bits
 .text.__lo0bits
                0x0800f9ca       0x5a D:/STM32/STM32CubeIde/STM32CubeIDE_2.0.0/STM32CubeIDE/plugins/com.st.stm32cube.ide.mcu.externaltools.gnu-tools-for-stm32.13.3.rel1.win32_1.0.100.202509120712/tools/bin/../lib/gcc/arm-none-eabi/13.3.1/../../../../arm-none-eabi/lib/thumb/v7e-m+fp/hard\libc_nano.a(libc_a-mprec.o)
                0x0800f9ca                __lo0bits
 .text.__i2b    0x0800fa24       0x2c D:/STM32/STM32CubeIde/STM32CubeIDE_2.0.0/STM32CubeIDE/plugins/com.st.stm32cube.ide.mcu.externaltools.gnu-tools-for-stm32.13.3.rel1.win32_1.0.100.202509120712/tools/bin/../lib/gcc/arm-none-eabi/13.3.1/../../../../arm-none-eabi/lib/thumb/v7e-m+fp/hard\libc_nano.a(libc_a-mprec.o)
                0x0800fa24                __i2b
 .text.__multiply
                0x0800fa50      0x144 D:/STM32/STM32CubeIde/STM32CubeIDE_2.0.0/STM32CubeIDE/plugins/com.st.stm32cube.ide.mcu.externaltools.gnu-tools-for-stm32.13.3.rel1.win32_1.0.100.202509120712/tools/bin/../lib/gcc/arm-none-eabi/13.3.1/../../../../arm-none-eabi/lib/thumb/v7e-m+fp/hard\libc_nano.a(libc_a-mprec.o)
                0x0800fa50                __multiply
 .text.__pow5mult
                0x0800fb94       0xb4 D:/STM32/STM32CubeIde/STM32CubeIDE_2.0.0/STM32CubeIDE/plugins/com.st.stm32cube.ide.mcu.externaltools.gnu-tools-for-stm32.13.3.rel1.win32_1.0.100.202509120712/tools/bin/../lib/gcc/arm-none-eabi/13.3.1/../../../../arm-none-eabi/lib/thumb/v7e-m+fp/hard\libc_nano.a(libc_a-mprec.o)
                0x0800fb94                __pow5mult
 .text.__lshift
                0x0800fc48       0xd8 D:/STM32/STM32CubeIde/STM32CubeIDE_2.0.0/STM32CubeIDE/plugins/com.st.stm32cube.ide.mcu.externaltools.gnu-tools-for-stm32.13.3.rel1.win32_1.0.100.202509120712/tools/bin/../lib/gcc/arm-none-eabi/13.3.1/../../../../arm-none-eabi/lib/thumb/v7e-m+fp/hard\libc_nano.a(libc_a-mprec.o)
                0x0800fc48                __lshift
 .text.__mcmp   0x0800fd20       0x36 D:/STM32/STM32CubeIde/STM32CubeIDE_2.0.0/STM32CubeIDE/plugins/com.st.stm32cube.ide.mcu.externaltools.gnu-tools-for-stm32.13.3.rel1.win32_1.0.100.202509120712/tools/bin/../lib/gcc/arm-none-eabi/13.3.1/../../../../arm-none-eabi/lib/thumb/v7e-m+fp/hard\libc_nano.a(libc_a-mprec.o)
                0x0800fd20                __mcmp
 *fill*         0x0800fd56        0x2 
 .text.__mdiff  0x0800fd58      0x128 D:/STM32/STM32CubeIde/STM32CubeIDE_2.0.0/STM32CubeIDE/plugins/com.st.stm32cube.ide.mcu.externaltools.gnu-tools-for-stm32.13.3.rel1.win32_1.0.100.202509120712/tools/bin/../lib/gcc/arm-none-eabi/13.3.1/../../../../arm-none-eabi/lib/thumb/v7e-m+fp/hard\libc_nano.a(libc_a-mprec.o)
                0x0800fd58                __mdiff
 .text.__ulp    0x0800fe80       0x4c D:/STM32/STM32CubeIde/STM32CubeIDE_2.0.0/STM32CubeIDE/plugins/com.st.stm32cube.ide.mcu.externaltools.gnu-tools-for-stm32.13.3.rel1.win32_1.0.100.202509120712/tools/bin/../lib/gcc/arm-none-eabi/13.3.1/../../../../arm-none-eabi/lib/thumb/v7e-m+fp/hard\libc_nano.a(libc_a-mprec.o)
                0x0800fe80                __ulp
 .text.__b2d    0x0800fecc       0x94 D:/STM32/STM32CubeIde/STM32CubeIDE_2.0.0/STM32CubeIDE/plugins/com.st.stm32cube.ide.mcu.externaltools.gnu-tools-for-stm32.13.3.rel1.win32_1.0.100.202509120712/tools/bin/../lib/gcc/arm-none-eabi/13.3.1/../../../../arm-none-eabi/lib/thumb/v7e-m+fp/hard\libc_nano.a(libc_a-mprec.o)
                0x0800fecc                __b2d
 .text.__d2b    0x0800ff60       0xb0 D:/STM32/STM32CubeIde/STM32CubeIDE_2.0.0/STM32CubeIDE/plugins/com.st.stm32cube.ide.mcu.externaltools.gnu-tools-for-stm32.13.3.rel1.win32_1.0.100.202509120712/tools/bin/../lib/gcc/arm-none-eabi/13.3.1/../../../../arm-none-eabi/lib/thumb/v7e-m+fp/hard\libc_nano.a(libc_a-mprec.o)
                0x0800ff60                __d2b
 .text.__ratio  0x08010010       0x64 D:/STM32/STM32CubeIde/STM32CubeIDE_2.0.0/STM32CubeIDE/plugins/com.st.stm32cube.ide.mcu.externaltools.gnu-tools-for-stm32.13.3.rel1.win32_1.0.100.202509120712/tools/bin/../lib/gcc/arm-none-eabi/13.3.1/../../../../arm-none-eabi/lib/thumb/v7e-m+fp/hard\libc_nano.a(libc_a-mprec.o)
                0x08010010                __ratio
 .text.__copybits