Archive member included to satisfy reference by file (symbol)

D:/STM32/STM32CubeIde/STM32CubeIDE_2.0.0/STM32CubeIDE/plugins/com.st.stm32cube.ide.mcu.externaltools.gnu-tools-for-stm32.13.3.rel1.win32_1.0.100.202509120712/tools/bin/../lib/gcc/arm-none-eabi/13.3.1/../../../../arm-none-eabi/lib/thumb/v7e-m+fp/hard\libc_nano.a(libc_a-exit.o)
                              D:/STM32/STM32CubeIde/STM32CubeIDE_2.0.0/STM32CubeIDE/plugins/com.st.stm32cube.ide.mcu.externaltools.gnu-tools-for-stm32.13.3.rel1.win32_1.0.100.202509120712/tools/bin/../lib/gcc/arm-none-eabi/13.3.1/../../../../arm-none-eabi/lib/thumb/v7e-m+fp/hard/crt0.o (exit)
D:/STM32/STM32CubeIde/STM32CubeIDE_2.0.0/STM32CubeIDE/plugins/com.st.stm32cube.ide.mcu.externaltools.gnu-tools-for-stm32.13.3.rel1.win32_1.0.100.202509120712/tools/bin/../lib/gcc/arm-none-eabi/13.3.1/../../../../arm-none-eabi/lib/thumb/v7e-m+fp/hard\libc_nano.a(libc_a-rand.o)
                              ./Core/Src/main.o (rand)
D:/STM32/STM32CubeIde/STM32CubeIDE_2.0.0/STM32CubeIDE/plugins/com.st.stm32cube.ide.mcu.externaltools.gnu-tools-for-stm32.13.3.rel1.win32_1.0.100.202509120712/tools/bin/../lib/gcc/arm-none-eabi/13.3.1/../../../../arm-none-eabi/lib/thumb/v7e-m+fp/hard\libc_nano.a(libc_a-nano-vfprintf_float.o)
                              (_printf_float)
D:/STM32/STM32CubeIde/STM32CubeIDE_2.0.0/STM32CubeIDE/plugins/com.st.stm32cube.ide.mcu.externaltools.gnu-tools-for-stm32.13.3.rel1.win32_1.0.100.202509120712/tools/bin/../lib/gcc/arm-none-eabi/13.3.1/../../../../arm-none-eabi/lib/thumb/v7e-m+fp/hard\libc_nano.a(libc_a-nano-vfprintf_i.o)
                              D:/STM32/STM32CubeIde/STM32CubeIDE_2.0.0/STM32CubeIDE/plugins/com.st.stm32cube.ide.mcu.externaltools.gnu-tools-for-stm32.13.3.rel1.win32_1.0.100.202509120712/tools/bin/../lib/gcc/arm-none-eabi/13.3.1/../../../../arm-none-eabi/lib/thumb/v7e-m+fp/hard\libc_nano.a(libc_a-nano-vfprintf_float.o) (_printf_common)
D:/STM32/STM32CubeIde/STM32CubeIDE_2.0.0/STM32CubeIDE/plugins/com.st.stm32cube.ide.mcu.externaltools.gnu-tools-for-stm32.13.3.rel1.win32_1.0.100.202509120712/tools/bin/../lib/gcc/arm-none-eabi/13.3.1/../../../../arm-none-eabi/lib/thumb/v7e-m+fp/hard\libc_nano.a(libc_a-nano-vfscanf_float.o)
                              (_scanf_float)
D:/STM32/STM32CubeIde/STM32CubeIDE_2.0.0/STM32CubeIDE/plugins/com.st.stm32cube.ide.mcu.externaltools.gnu-tools-for-stm32.13.3.rel1.win32_1.0.100.202509120712/tools/bin/../lib/gcc/arm-none-eabi/13.3.1/../../../../arm-none-eabi/lib/thumb/v7e-m+fp/hard\libc_nano.a(libc_a-findfp.o)
                              D:/STM32/STM32CubeIde/STM32CubeIDE_2.0.0/STM32CubeIDE/plugins/com.st.stm32cube.ide.mcu.externaltools.gnu-tools-for-stm32.13.3.rel1.win32_1.0.100.202509120712/tools/bin/../lib/gcc/arm-none-eabi/13.3.1/../../../../arm-none-eabi/lib/thumb/v7e-m+fp/hard\libc_nano.a(libc_a-exit.o) (__stdio_exit_handler)
D:/STM32/STM32CubeIde/STM32CubeIDE_2.0.0/STM32CubeIDE/plugins/com.st.stm32cube.ide.mcu.externaltools.gnu-tools-for-stm32.13.3.rel1.win32_1.0.100.202509120712/tools/bin/../lib/gcc/arm-none-eabi/13.3.1/../../../../arm-none-eabi/lib/thumb/v7e-m+fp/hard\libc_nano.a(libc_a-fwalk.o)
                              D:/STM32/STM32CubeIde/STM32CubeIDE_2.0.0/STM32CubeIDE/plugins/com.st.stm32cube.ide.mcu.externaltools.gnu-tools-for-stm32.13.3.rel1.win32_1.0.100.202509120712/tools/bin/../lib/gcc/arm-none-eabi/13.3.1/../../../../arm-none-eabi/lib/thumb/v7e-m+fp/hard\libc_nano.a(libc_a-findfp.o) (_fwalk_sglue)
D:/STM32/STM32CubeIde/STM32CubeIDE_2.0.0/STM32CubeIDE/plugins/com.st.stm32cube.ide.mcu.externaltools.gnu-tools-for-stm32.13.3.rel1.win32_1.0.100.202509120712/tools/bin/../lib/gcc/arm-none-eabi/13.3.1/../../../../arm-none-eabi/lib/thumb/v7e-m+fp/hard\libc_nano.a(libc_a-printf.o)
                              ./Core/Src/main.o (printf)
D:/STM32/STM32CubeIde/STM32CubeIDE_2.0.0/STM32CubeIDE/plugins/com.st.stm32cube.ide.mcu.externaltools.gnu-tools-for-stm32.13.3.rel1.win32_1.0.100.202509120712/tools/bin/../lib/gcc/arm-none-eabi/13.3.1/../../../../arm-none-eabi/lib/thumb/v7e-m+fp/hard\libc_nano.a(libc_a-puts.o)
                              ./Core/Src/main.o (puts)
D:/STM32/STM32CubeIde/STM32CubeIDE_2.0.0/STM32CubeIDE/plugins/com.st.stm32cube.ide.mcu.externaltools.gnu-tools-for-stm32.13.3.rel1.win32_1.0.100.202509120712/tools/bin/../lib/gcc/arm-none-eabi/13.3.1/../../../../arm-none-eabi/lib/thumb/v7e-m+fp/hard\libc_nano.a(libc_a-sprintf.o)
                              ./Core/Src/main.o (sprintf)
D:/STM32/STM32CubeIde/STM32CubeIDE_2.0.0/STM32CubeIDE/plugins/com.st.stm32cube.ide.mcu.externaltools.gnu-tools-for-stm32.13.3.rel1.win32_1.0.100.202509120712/tools/bin/../lib/gcc/arm-none-eabi/13.3.1/../../../../arm-none-eabi/lib/thumb/v7e-m+fp/hard\libc_nano.a(libc_a-sscanf.o)
                              ./Core/Src/main.o (sscanf)
[...]
Memory Configuration

Name             Origin             Length             Attributes
RAM              0x20000000         0x0000c000         xrw
RAM2             0x10000000         0x00004000         xrw
FLASH            0x08000000         0x00040000         xr
*default*        0x00000000         0xffffffff

Linker script and memory map

LOAD D:/STM32/STM32CubeIde/STM32CubeIDE_2.0.0/STM32CubeIDE/plugins/com.st.stm32cube.ide.mcu.externaltools.gnu-tools-for-stm32.13.3.rel1.win32_1.0.100.202509120712/tools/bin/../lib/gcc/arm-none-eabi/13.3.1/thumb/v7e-m+fp/hard/crti.o
LOAD D:/STM32/STM32CubeIde/STM32CubeIDE_2.0.0/STM32CubeIDE/plugins/com.st.stm32cube.ide.mcu.externaltools.gnu-tools-for-stm32.13.3.rel1.win32_1.0.100.202509120712/tools/bin/../lib/gcc/arm-none-eabi/13.3.1/thumb/v7e-m+fp/hard/crtbegin.o
LOAD D:/STM32/STM32CubeIde/STM32CubeIDE_2.0.0/STM32CubeIDE/plugins/com.st.stm32cube.ide.mcu.externaltools.gnu-tools-for-stm32.13.3.rel1.win32_1.0.100.202509120712/tools/bin/../lib/gcc/arm-none-eabi/13.3.1/../../../../arm-none-eabi/lib/thumb/v7e-m+fp/hard/crt0.o
LOAD ./Core/Src/main.o
LOAD ./Core/Src/stm32l4xx_hal_msp.o
LOAD ./Core/Src/stm32l4xx_it.o
LOAD ./Core/Src/syscalls.o
LOAD ./Core/Src/sysmem.o
LOAD ./Core/Src/system_stm32l4xx.o
LOAD ./Core/Startup/startup_stm32l432kcux.o
LOAD ./Drivers/STM32L4xx_HAL_Driver/Src/stm32l4xx_hal.o
LOAD ./Drivers/STM32L4xx_HAL_Driver/Src/stm32l4xx_hal_cortex.o
LOAD ./Drivers/STM32L4xx_HAL_Driver/Src/stm32l4xx_hal_dma.o
LOAD ./Drivers/STM32L4xx_HAL_Driver/Src/stm32l4xx_hal_dma_ex.o
LOAD ./Drivers/STM32L4xx_HAL_Driver/Src/stm32l4xx_hal_exti.o
LOAD ./Drivers/STM32L4xx_HAL_Driver/Src/stm32l4xx_hal_flash.o
LOAD ./Drivers/STM32L4xx_HAL_Driver/Src/stm32l4xx_hal_flash_ex.o
LOAD ./Drivers/STM32L4xx_HAL_Driver/Src/stm32l4xx_hal_flash_ramfunc.o
LOAD ./Drivers/STM32L4xx_HAL_Driver/Src/stm32l4xx_hal_gpio.o
LOAD ./Drivers/STM32L4xx_HAL_Driver/Src/stm32l4xx_hal_i2c.o
LOAD ./Drivers/STM32L4xx_HAL_Driver/Src/stm32l4xx_hal_i2c_ex.o
LOAD ./Drivers/STM32L4xx_HAL_Driver/Src/stm32l4xx_hal_pwr.o
LOAD ./Drivers/STM32L4xx_HAL_Driver/Src/stm32l4xx_hal_pwr_ex.o
LOAD ./Drivers/STM32L4xx_HAL_Driver/Src/stm32l4xx_hal_rcc.o
LOAD ./Drivers/STM32L4xx_HAL_Driver/Src/stm32l4xx_hal_rcc_ex.o
LOAD ./Drivers/STM32L4xx_HAL_Driver/Src/stm32l4xx_hal_spi.o
LOAD ./Drivers/STM32L4xx_HAL_Driver/Src/stm32l4xx_hal_spi_ex.o
LOAD ./Drivers/STM32L4xx_HAL_Driver/Src/stm32l4xx_hal_tim.o
LOAD ./Drivers/STM32L4xx_HAL_Driver/Src/stm32l4xx_hal_tim_ex.o
LOAD ./Drivers/STM32L4xx_HAL_Driver/Src/stm32l4xx_hal_uart.o
LOAD ./Drivers/STM32L4xx_HAL_Driver/Src/stm32l4xx_hal_uart_ex.o
LOAD ./Middleware/ThirdParty/LMIC/aes/ideetron/AES-128_V10.o
LOAD ./Middleware/ThirdParty/LMIC/aes/lmic.o
LOAD ./Middleware/ThirdParty/LMIC/aes/other.o
LOAD ./Middleware/ThirdParty/LMIC/hal/hal.o
LOAD ./Middleware/ThirdParty/LMIC/lmic/lmic.o
LOAD ./Middleware/ThirdParty/LMIC/lmic/lmic_as923.o
LOAD ./Middleware/ThirdParty/LMIC/lmic/lmic_au915.o
LOAD ./Middleware/ThirdParty/LMIC/lmic/lmic_channelshuffle.o
LOAD ./Middleware/ThirdParty/LMIC/lmic/lmic_compliance.o
LOAD ./Middleware/ThirdParty/LMIC/lmic/lmic_eu868.o
LOAD ./Middleware/ThirdParty/LMIC/lmic/lmic_eu_like.o
LOAD ./Middleware/ThirdParty/LMIC/lmic/lmic_in866.o
LOAD ./Middleware/ThirdParty/LMIC/lmic/lmic_kr920.o
LOAD ./Middleware/ThirdParty/LMIC/lmic/lmic_us915.o
LOAD ./Middleware/ThirdParty/LMIC/lmic/lmic_us_like.o
LOAD ./Middleware/ThirdParty/LMIC/lmic/lmic_util.o
LOAD ./Middleware/ThirdParty/LMIC/lmic/oslmic.o
LOAD ./Middleware/ThirdParty/LMIC/lmic/radio_sx126x.o
LOAD ./Middleware/ThirdParty/LMIC/lmic/radio_sx127x.o
LOAD ./Middleware/ThirdParty/LMIC/se/drivers/default/lmic_se_default.o
START GROUP
LOAD D:/STM32/STM32CubeIde/STM32CubeIDE_2.0.0/STM32CubeIDE/plugins/com.st.stm32cube.ide.mcu.externaltools.gnu-tools-for-stm32.13.3.rel1.win32_1.0.100.202509120712/tools/bin/../lib/gcc/arm-none-eabi/13.3.1/../../../../arm-none-eabi/lib/thumb/v7e-m+fp/hard\libc_nano.a
LOAD D:/STM32/STM32CubeIde/STM32CubeIDE_2.0.0/STM32CubeIDE/plugins/com.st.stm32cube.ide.mcu.externaltools.gnu-tools-for-stm32.13.3.rel1.win32_1.0.100.202509120712/tools/bin/../lib/gcc/arm-none-eabi/13.3.1/../../../../arm-none-eabi/lib/thumb/v7e-m+fp/hard\libm.a
END GROUP
START GROUP
LOAD D:/STM32/STM32CubeIde/STM32CubeIDE_2.0.0/STM32CubeIDE/plugins/com.st.stm32cube.ide.mcu.externaltools.gnu-tools-for-stm32.13.3.rel1.win32_1.0.100.202509120712/tools/bin/../lib/gcc/arm-none-eabi/13.3.1/thumb/v7e-m+fp/hard\libgcc.a
LOAD D:/STM32/STM32CubeIde/STM32CubeIDE_2.0.0/STM32CubeIDE/plugins/com.st.stm32cube.ide.mcu.externaltools.gnu-tools-for-stm32.13.3.rel1.win32_1.0.100.202509120712/tools/bin/../lib/gcc/arm-none-eabi/13.3.1/../../../../arm-none-eabi/lib/thumb/v7e-m+fp/hard\libc_nano.a
END GROUP
START GROUP
LOAD D:/STM32/STM32CubeIde/STM32CubeIDE_2.0.0/STM32CubeIDE/plugins/com.st.stm32cube.ide.mcu.externaltools.gnu-tools-for-stm32.13.3.rel1.win32_1.0.100.202509120712/tools/bin/../lib/gcc/arm-none-eabi/13.3.1/thumb/v7e-m+fp/hard\libgcc.a
LOAD D:/STM32/STM32CubeIde/STM32CubeIDE_2.0.0/STM32CubeIDE/plugins/com.st.stm32cube.ide.mcu.externaltools.gnu-tools-for-stm32.13.3.rel1.win32_1.0.100.202509120712/tools/bin/../lib/gcc/arm-none-eabi/13.3.1/../../../../arm-none-eabi/lib/thumb/v7e-m+fp/hard\libc_nano.a
LOAD D:/STM32/STM32CubeIde/STM32CubeIDE_2.0.0/STM32CubeIDE/plugins/com.st.stm32cube.ide.mcu.externaltools.gnu-tools-for-stm32.13.3.rel1.win32_1.0.100.202509120712/tools/bin/../lib/gcc/arm-none-eabi/13.3.1/../../../../arm-none-eabi/lib/thumb/v7e-m+fp/hard\libnosys.a
END GROUP
START GROUP
LOAD D:/STM32/STM32CubeIde/STM32CubeIDE_2.0.0/STM32CubeIDE/plugins/com.st.stm32cube.ide.mcu.externaltools.gnu-tools-for-stm32.13.3.rel1.win32_1.0.100.202509120712/tools/bin/../lib/gcc/arm-none-eabi/13.3.1/thumb/v7e-m+fp/hard\libgcc.a
LOAD D:/STM32/STM32CubeIde/STM32CubeIDE_2.0.0/STM32CubeIDE/plugins/com.st.stm32cube.ide.mcu.externaltools.gnu-tools-for-stm32.13.3.rel1.win32_1.0.100.202509120712/tools/bin/../lib/gcc/arm-none-eabi/13.3.1/../../../../arm-none-eabi/lib/thumb/v7e-m+fp/hard\libc_nano.a
LOAD D:/STM32/STM32CubeIde/STM32CubeIDE_2.0.0/STM32CubeIDE/plugins/com.st.stm32cube.ide.mcu.externaltools.gnu-tools-for-stm32.13.3.rel1.win32_1.0.100.202509120712/tools/bin/../lib/gcc/arm-none-eabi/13.3.1/../../../../arm-none-eabi/lib/thumb/v7e-m+fp/hard\libnosys.a
END GROUP
LOAD D:/STM32/STM32CubeIde/STM32CubeIDE_2.0.0/STM32CubeIDE/plugins/com.st.stm32cube.ide.mcu.externaltools.gnu-tools-for-stm32.13.3.rel1.win32_1.0.100.202509120712/tools/bin/../lib/gcc/arm-none-eabi/13.3.1/thumb/v7e-m+fp/hard/crtend.o
LOAD D:/STM32/STM32CubeIde/STM32CubeIDE_2.0.0/STM32CubeIDE/plugins/com.st.stm32cube.ide.mcu.externaltools.gnu-tools-for-stm32.13.3.rel1.win32_1.0.100.202509120712/tools/bin/../lib/gcc/arm-none-eabi/13.3.1/thumb/v7e-m+fp/hard/crtn.o
                0x2000c000                        _estack = (ORIGIN (RAM) + LENGTH (RAM))
                0x00000200                        _Min_Heap_Size = 0x200
                0x00000400                        _Min_Stack_Size = 0x400

.isr_vector     0x08000000      0x18c
                0x08000000                        . = ALIGN (0x4)
 *(.isr_vector)
 .isr_vector    0x08000000      0x18c ./Core/Startup/startup_stm32l432kcux.o
                0x08000000                g_pfnVectors
                0x0800018c                        . = ALIGN (0x4)

.text           0x08000190    0x127d4
                0x08000190                        . = ALIGN (0x4)
 *(.text)
 .text          0x08000190       0x40 D:/STM32/STM32CubeIde/STM32CubeIDE_2.0.0/STM32CubeIDE/plugins/com.st.stm32cube.ide.mcu.externaltools.gnu-tools-for-stm32.13.3.rel1.win32_1.0.100.202509120712/tools/bin/../lib/gcc/arm-none-eabi/13.3.1/thumb/v7e-m+fp/hard/crtbegin.o
 .text          0x080001d0       0xa0 D:/STM32/STM32CubeIde/STM32CubeIDE_2.0.0/STM32CubeIDE/plugins/com.st.stm32cube.ide.mcu.externaltools.gnu-tools-for-stm32.13.3.rel1.win32_1.0.100.202509120712/tools/bin/../lib/gcc/arm-none-eabi/13.3.1/../../../../arm-none-eabi/lib/thumb/v7e-m+fp/hard\libc_nano.a(libc_a-memchr.o)
                0x080001d0                memchr
 .text          0x08000270       0x10 D:/STM32/STM32CubeIde/STM32CubeIDE_2.0.0/STM32CubeIDE/plugins/com.st.stm32cube.ide.mcu.externaltools.gnu-tools-for-stm32.13.3.rel1.win32_1.0.100.202509120712/tools/bin/../lib/gcc/arm-none-eabi/13.3.1/../../../../arm-none-eabi/lib/thumb/v7e-m+fp/hard\libc_nano.a(libc_a-strlen.o)
                0x08000270                strlen
 .text          0x08000280      0x378 D:/STM32/STM32CubeIde/STM32CubeIDE_2.0.0/STM32CubeIDE/plugins/com.st.stm32cube.ide.mcu.externaltools.gnu-tools-for-stm32.13.3.rel1.win32_1.0.100.202509120712/tools/bin/../lib/gcc/arm-none-eabi/13.3.1/thumb/v7e-m+fp/hard\libgcc.a(_arm_addsubdf3.o)
                0x08000280                __aeabi_drsub
                0x08000288                __aeabi_dsub
                0x08000288                __subdf3
                0x0800028c                __aeabi_dadd
                0x0800028c                __adddf3
                0x08000504                __floatunsidf
                0x08000504                __aeabi_ui2d
                0x08000524                __floatsidf
                0x08000524                __aeabi_i2d
                0x08000548                __aeabi_f2d
                0x08000548                __extendsfdf2
                0x0800058c                __floatundidf
                0x0800058c                __aeabi_ul2d
                0x0800059c                __floatdidf
                0x0800059c                __aeabi_l2d
 .text          0x080005f8      0x424 D:/STM32/STM32CubeIde/STM32CubeIDE_2.0.0/STM32CubeIDE/plugins/com.st.stm32cube.ide.mcu.externaltools.gnu-tools-for-stm32.13.3.rel1.win32_1.0.100.202509120712/tools/bin/../lib/gcc/arm-none-eabi/13.3.1/thumb/v7e-m+fp/hard\libgcc.a(_arm_muldivdf3.o)
                0x080005f8                __aeabi_dmul
                0x080005f8                __muldf3
                0x0800084c                __divdf3
                0x0800084c                __aeabi_ddiv
 .text          0x08000a1c      0x110 D:/STM32/STM32CubeIde/STM32CubeIDE_2.0.0/STM32CubeIDE/plugins/com.st.stm32cube.ide.mcu.externaltools.gnu-tools-for-stm32.13.3.rel1.win32_1.0.100.202509120712/tools/bin/../lib/gcc/arm-none-eabi/13.3.1/thumb/v7e-m+fp/hard\libgcc.a(_arm_cmpdf2.o)
                0x08000a1c                __gtdf2
                0x08000a1c                __gedf2
                0x08000a24                __ltdf2
                0x08000a24                __ledf2
                0x08000a2c                __nedf2
                0x08000a2c                __eqdf2
                0x08000a2c                __cmpdf2
                0x08000aa8                __aeabi_cdrcmple
                0x08000ab8                __aeabi_cdcmpeq
                0x08000ab8                __aeabi_cdcmple
                0x08000ac8                __aeabi_dcmpeq
                0x08000adc                __aeabi_dcmplt
                0x08000af0                __aeabi_dcmple
                0x08000b04                __aeabi_dcmpge
                0x08000b18                __aeabi_dcmpgt
 .text          0x08000b2c       0x2c D:/STM32/STM32CubeIde/STM32CubeIDE_2.0.0/STM32CubeIDE/plugins/com.st.stm32cube.ide.mcu.externaltools.gnu-tools-for-stm32.13.3.rel1.win32_1.0.100.202509120712/tools/bin/../lib/gcc/arm-none-eabi/13.3.1/thumb/v7e-m+fp/hard\libgcc.a(_arm_unorddf2.o)
                0x08000b2c                __unorddf2
                0x08000b2c                __aeabi_dcmpun
 .text          0x08000b58       0x50 D:/STM32/STM32CubeIde/STM32CubeIDE_2.0.0/STM32CubeIDE/plugins/com.st.stm32cube.ide.mcu.externaltools.gnu-tools-for-stm32.13.3.rel1.win32_1.0.100.202509120712/tools/bin/../lib/gcc/arm-none-eabi/13.3.1/thumb/v7e-m+fp/hard\libgcc.a(_arm_fixdfsi.o)
                0x08000b58                __aeabi_d2iz
                0x08000b58                __fixdfsi
 .text          0x08000ba8       0x40 D:/STM32/STM32CubeIde/STM32CubeIDE_2.0.0/STM32CubeIDE/plugins/com.st.stm32cube.ide.mcu.externaltools.gnu-tools-for-stm32.13.3.rel1.win32_1.0.100.202509120712/tools/bin/../lib/gcc/arm-none-eabi/13.3.1/thumb/v7e-m+fp/hard\libgcc.a(_arm_fixunsdfsi.o)
                0x08000ba8                __aeabi_d2uiz
                0x08000ba8                __fixunsdfsi
 .text          0x08000be8       0xa0 D:/STM32/STM32CubeIde/STM32CubeIDE_2.0.0/STM32CubeIDE/plugins/com.st.stm32cube.ide.mcu.externaltools.gnu-tools-for-stm32.13.3.rel1.win32_1.0.100.202509120712/tools/bin/../lib/gcc/arm-none-eabi/13.3.1/thumb/v7e-m+fp/hard\libgcc.a(_arm_truncdfsf2.o)
                0x08000be8                __truncdfsf2
                0x08000be8                __aeabi_d2f
 .text          0x08000c88       0xa0 D:/STM32/STM32CubeIde/STM32CubeIDE_2.0.0/STM32CubeIDE/plugins/com.st.stm32cube.ide.mcu.externaltools.gnu-tools-for-stm32.13.3.rel1.win32_1.0.100.202509120712/tools/bin/../lib/gcc/arm-none-eabi/13.3.1/thumb/v7e-m+fp/hard\libgcc.a(_aeabi_ldivmod.o)
                0x08000c88                __aeabi_ldivmod
 .text          0x08000d28       0x30 D:/STM32/STM32CubeIde/STM32CubeIDE_2.0.0/STM32CubeIDE/plugins/com.st.stm32cube.ide.mcu.externaltools.gnu-tools-for-stm32.13.3.rel1.win32_1.0.100.202509120712/tools/bin/../lib/gcc/arm-none-eabi/13.3.1/thumb/v7e-m+fp/hard\libgcc.a(_aeabi_uldivmod.o)
                0x08000d28                __aeabi_uldivmod
 .text          0x08000d58       0x30 D:/STM32/STM32CubeIde/STM32CubeIDE_2.0.0/STM32CubeIDE/plugins/com.st.stm32cube.ide.mcu.externaltools.gnu-tools-for-stm32.13.3.rel1.win32_1.0.100.202509120712/tools/bin/../lib/gcc/arm-none-eabi/13.3.1/thumb/v7e-m+fp/hard\libgcc.a(_fixdfdi.o)
                0x08000d58                __fixdfdi
                0x08000d58                __aeabi_d2lz
 .text          0x08000d88       0x3c D:/STM32/STM32CubeIde/STM32CubeIDE_2.0.0/STM32CubeIDE/plugins/com.st.stm32cube.ide.mcu.externaltools.gnu-tools-for-stm32.13.3.rel1.win32_1.0.100.202509120712/tools/bin/../lib/gcc/arm-none-eabi/13.3.1/thumb/v7e-m+fp/hard\libgcc.a(_fixunsdfdi.o)
                0x08000d88                __fixunsdfdi
                0x08000d88                __aeabi_d2ulz
 .text          0x08000dc4      0x2f8 D:/STM32/STM32CubeIde/STM32CubeIDE_2.0.0/STM32CubeIDE/plugins/com.st.stm32cube.ide.mcu.externaltools.gnu-tools-for-stm32.13.3.rel1.win32_1.0.100.202509120712/tools/bin/../lib/gcc/arm-none-eabi/13.3.1/thumb/v7e-m+fp/hard\libgcc.a(_udivmoddi4.o)
                0x08000dc4                __udivmoddi4
 .text          0x080010bc        0x4 D:/STM32/STM32CubeIde/STM32CubeIDE_2.0.0/STM32CubeIDE/plugins/com.st.stm32cube.ide.mcu.externaltools.gnu-tools-for-stm32.13.3.rel1.win32_1.0.100.202509120712/tools/bin/../lib/gcc/arm-none-eabi/13.3.1/thumb/v7e-m+fp/hard\libgcc.a(_dvmd_tls.o)
                0x080010bc                __aeabi_idiv0
                0x080010bc                __aeabi_ldiv0
 *(.text*)
 .text.os_getArtEui
                0x080010c0       0x20 ./Core/Src/main.o
                0x080010c0                os_getArtEui
 .text.os_getDevKey
                0x080010e0       0x20 ./Core/Src/main.o
                0x080010e0                os_getDevKey
 .text.read_dip_switches
                0x08001100       0x7c ./Core/Src/main.o
                0x08001100                read_dip_switches
 .text.os_getDevEui
                0x0800117c       0x2c ./Core/Src/main.o
                0x0800117c                os_getDevEui
 .text.nmeaToDecimal
                0x080011a8       0x80 ./Core/Src/main.o
                0x080011a8                nmeaToDecimal
 .text.gpsParse
                0x08001228      0x1b4 ./Core/Src/main.o
                0x08001228                gpsParse
 .text.gpsValidate
                0x080013dc       0xc4 ./Core/Src/main.o
                0x080013dc                gpsValidate
 .text.HAL_UART_RxCpltCallback
                0x080014a0       0x84 ./Core/Src/main.o
                0x080014a0                HAL_UART_RxCpltCallback
 .text.do_send  0x08001524       0xc0 ./Core/Src/main.o
                0x08001524                do_send
 .text.onEvent  0x080015e4       0xe8 ./Core/Src/main.o
                0x080015e4                onEvent
 .text.main     0x080016cc       0x88 ./Core/Src/main.o
                0x080016cc                main
 .text.SystemClock_Config
                0x08001754       0xa2 ./Core/Src/main.o
                0x08001754                SystemClock_Config
 *fill*         0x080017f6        0x2 
 .text.MX_SPI1_Init
                0x080017f8       0x7c ./Core/Src/main.o
 .text.MX_TIM2_Init
                0x08001874       0x9c ./Core/Src/main.o
 .text.MX_USART1_UART_Init
                0x08001910       0x60 ./Core/Src/main.o
 .text.MX_USART2_UART_Init
                0x08001970       0x60 ./Core/Src/main.o
 .text.MX_GPIO_Init
                0x080019d0      0x110 ./Core/Src/main.o
 .text.Error_Handler
                0x08001ae0        0xc ./Core/Src/main.o
                0x08001ae0                Error_Handler
 .text.HAL_MspInit
                0x08001aec       0x48 ./Core/Src/stm32l4xx_hal_msp.o
                0x08001aec                HAL_MspInit
 .text.HAL_SPI_MspInit
                0x08001b34       0x84 ./Core/Src/stm32l4xx_hal_msp.o
                0x08001b34                HAL_SPI_MspInit
 .text.HAL_TIM_Base_MspInit
                0x08001bb8       0x80 ./Core/Src/stm32l4xx_hal_msp.o
                0x08001bb8                HAL_TIM_Base_MspInit
 .text.HAL_UART_MspInit
                0x08001c38      0x164 ./Core/Src/stm32l4xx_hal_msp.o
                0x08001c38                HAL_UART_MspInit
 .text.NMI_Handler
                0x08001d9c        0x8 ./Core/Src/stm32l4xx_it.o
                0x08001d9c                NMI_Handler
 .text.HardFault_Handler
                0x08001da4        0x8 ./Core/Src/stm32l4xx_it.o
                0x08001da4                HardFault_Handler
 .text.MemManage_Handler
                0x08001dac        0x8 ./Core/Src/stm32l4xx_it.o
                0x08001dac                MemManage_Handler
 .text.BusFault_Handler
                0x08001db4        0x8 ./Core/Src/stm32l4xx_it.o
                0x08001db4                BusFault_Handler
 .text.UsageFault_Handler
                0x08001dbc        0x8 ./Core/Src/stm32l4xx_it.o
                0x08001dbc                UsageFault_Handler
 .text.SVC_Handler
                0x08001dc4        0xe ./Core/Src/stm32l4xx_it.o
                0x08001dc4                SVC_Handler
 .text.DebugMon_Handler
                0x08001dd2        0xe ./Core/Src/stm32l4xx_it.o
                0x08001dd2                DebugMon_Handler
 .text.PendSV_Handler
                0x08001de0        0xe ./Core/Src/stm32l4xx_it.o
                0x08001de0                PendSV_Handler
 .text.SysTick_Handler
                0x08001dee        0xc ./Core/Src/stm32l4xx_it.o
                0x08001dee                SysTick_Handler
 *fill*         0x08001dfa        0x2 
 .text.USART1_IRQHandler
                0x08001dfc       0x14 ./Core/Src/stm32l4xx_it.o
                0x08001dfc                USART1_IRQHandler
 .text._getpid  0x08001e10       0x10 ./Core/Src/syscalls.o
                0x08001e10                _getpid
 .text._kill    0x08001e20       0x20 ./Core/Src/syscalls.o
                0x08001e20                _kill
 .text._exit    0x08001e40       0x16 ./Core/Src/syscalls.o
                0x08001e40                _exit
 .text._read    0x08001e56       0x3a ./Core/Src/syscalls.o
                0x08001e56                _read
 .text._write   0x08001e90       0x38 ./Core/Src/syscalls.o
                0x08001e90                _write
 .text._close   0x08001ec8       0x18 ./Core/Src/syscalls.o
                0x08001ec8                _close
 .text._fstat   0x08001ee0       0x20 ./Core/Src/syscalls.o
                0x08001ee0                _fstat
 .text._isatty  0x08001f00       0x16 ./Core/Src/syscalls.o
                0x08001f00                _isatty
 .text._lseek   0x08001f16       0x1a ./Core/Src/syscalls.o
                0x08001f16                _lseek
 .text._sbrk    0x08001f30       0x6c ./Core/Src/sysmem.o
                0x08001f30                _sbrk
 .text.SystemInit
                0x08001f9c       0x24 ./Core/Src/system_stm32l4xx.o
                0x08001f9c                SystemInit
 .text.Reset_Handler
                0x08001fc0       0x50 ./Core/Startup/startup_stm32l432kcux.o
                0x08001fc0                Reset_Handler
 .text.Default_Handler
                0x08002010        0x2 ./Core/Startup/startup_stm32l432kcux.o
                0x08002010                RTC_Alarm_IRQHandler
                0x08002010                EXTI2_IRQHandler
                0x08002010                TIM1_CC_IRQHandler
                0x08002010                TSC_IRQHandler
                0x08002010                TAMP_STAMP_IRQHandler
                0x08002010                EXTI3_IRQHandler
                0x08002010                LPTIM2_IRQHandler
                0x08002010                I2C3_ER_IRQHandler
                0x08002010                EXTI0_IRQHandler
                0x08002010                CAN1_RX0_IRQHandler
                0x08002010                FPU_IRQHandler
                0x08002010                TIM1_UP_TIM16_IRQHandler
                0x08002010                SPI1_IRQHandler
                0x08002010                TIM6_DAC_IRQHandler
                0x08002010                DMA2_Channel2_IRQHandler
                0x08002010                DMA1_Channel4_IRQHandler
                0x08002010                ADC1_IRQHandler
                0x08002010                DMA1_Channel7_IRQHandler
                0x08002010                CAN1_RX1_IRQHandler
                0x08002010                DMA2_Channel1_IRQHandler
                0x08002010                QUADSPI_IRQHandler
                0x08002010                I2C1_EV_IRQHandler
                0x08002010                DMA1_Channel6_IRQHandler
                0x08002010                DMA2_Channel4_IRQHandler
                0x08002010                RCC_IRQHandler
                0x08002010                TIM1_TRG_COM_IRQHandler
                0x08002010                DMA1_Channel1_IRQHandler
                0x08002010                Default_Handler
                0x08002010                DMA2_Channel7_IRQHandler
                0x08002010                EXTI15_10_IRQHandler
                0x08002010                TIM7_IRQHandler
                0x08002010                I2C3_EV_IRQHandler
                0x08002010                USB_IRQHandler
                0x08002010                EXTI9_5_IRQHandler
                0x08002010                RTC_WKUP_IRQHandler
                0x08002010                PVD_PVM_IRQHandler
                0x08002010                CAN1_TX_IRQHandler
                0x08002010                DMA2_Channel5_IRQHandler
                0x08002010                CRS_IRQHandler
                0x08002010                DMA1_Channel5_IRQHandler
                0x08002010                EXTI4_IRQHandler
                0x08002010                RNG_IRQHandler
                0x08002010                DMA1_Channel3_IRQHandler
                0x08002010                COMP_IRQHandler
                0x08002010                WWDG_IRQHandler
                0x08002010                LPUART1_IRQHandler
                0x08002010                DMA2_Channel6_IRQHandler
                0x08002010                TIM2_IRQHandler
                0x08002010                EXTI1_IRQHandler
                0x08002010                USART2_IRQHandler
                0x08002010                DMA1_Channel2_IRQHandler
                0x08002010                CAN1_SCE_IRQHandler
                0x08002010                FLASH_IRQHandler
                0x08002010                SPI3_IRQHandler
                0x08002010                I2C1_ER_IRQHandler
                0x08002010                SWPMI1_IRQHandler
                0x08002010                LPTIM1_IRQHandler
                0x08002010                SAI1_IRQHandler
                0x08002010                DMA2_Channel3_IRQHandler
                0x08002010                TIM1_BRK_TIM15_IRQHandler
 .text.HAL_Init
                0x08002012       0x30 ./Drivers/STM32L4xx_HAL_Driver/Src/stm32l4xx_hal.o
                0x08002012                HAL_Init
 *fill*         0x08002042        0x2 
 .text.HAL_InitTick
                0x08002044       0x78 ./Drivers/STM32L4xx_HAL_Driver/Src/stm32l4xx_hal.o
                0x08002044                HAL_InitTick
 .text.HAL_IncTick
                0x080020bc       0x28 ./Drivers/STM32L4xx_HAL_Driver/Src/stm32l4xx_hal.o
                0x080020bc                HAL_IncTick
 .text.HAL_GetTick
                0x080020e4       0x18 ./Drivers/STM32L4xx_HAL_Driver/Src/stm32l4xx_hal.o
                0x080020e4                HAL_GetTick
 .text.__NVIC_SetPriorityGrouping
                0x080020fc       0x48 ./Drivers/STM32L4xx_HAL_Driver/Src/stm32l4xx_hal_cortex.o
 .text.__NVIC_GetPriorityGrouping
                0x08002144       0x1c ./Drivers/STM32L4xx_HAL_Driver/Src/stm32l4xx_hal_cortex.o
 .text.__NVIC_EnableIRQ
                0x08002160       0x3c ./Drivers/STM32L4xx_HAL_Driver/Src/stm32l4xx_hal_cortex.o
 .text.__NVIC_SetPriority
                0x0800219c       0x54 ./Drivers/STM32L4xx_HAL_Driver/Src/stm32l4xx_hal_cortex.o
 .text.NVIC_EncodePriority
                0x080021f0       0x66 ./Drivers/STM32L4xx_HAL_Driver/Src/stm32l4xx_hal_cortex.o
 *fill*         0x08002256        0x2 
 .text.SysTick_Config
                0x08002258       0x44 ./Drivers/STM32L4xx_HAL_Driver/Src/stm32l4xx_hal_cortex.o
 .text.HAL_NVIC_SetPriorityGrouping
                0x0800229c       0x16 ./Drivers/STM32L4xx_HAL_Driver/Src/stm32l4xx_hal_cortex.o
                0x0800229c                HAL_NVIC_SetPriorityGrouping
 .text.HAL_NVIC_SetPriority
                0x080022b2       0x38 ./Drivers/STM32L4xx_HAL_Driver/Src/stm32l4xx_hal_cortex.o
                0x080022b2                HAL_NVIC_SetPriority
 .text.HAL_NVIC_EnableIRQ
                0x080022ea       0x1c ./Drivers/STM32L4xx_HAL_Driver/Src/stm32l4xx_hal_cortex.o
                0x080022ea                HAL_NVIC_EnableIRQ
 .text.HAL_SYSTICK_Config
                0x08002306       0x18 ./Drivers/STM32L4xx_HAL_Driver/Src/stm32l4xx_hal_cortex.o
                0x08002306                HAL_SYSTICK_Config
 .text.HAL_DMA_Abort
                0x0800231e       0x82 ./Drivers/STM32L4xx_HAL_Driver/Src/stm32l4xx_hal_dma.o
                0x0800231e                HAL_DMA_Abort
 .text.HAL_DMA_Abort_IT
                0x080023a0       0x82 ./Drivers/STM32L4xx_HAL_Driver/Src/stm32l4xx_hal_dma.o
                0x080023a0                HAL_DMA_Abort_IT
 *fill*         0x08002422        0x2 
 .text.HAL_GPIO_Init
                0x08002424      0x2d4 ./Drivers/STM32L4xx_HAL_Driver/Src/stm32l4xx_hal_gpio.o
                0x08002424                HAL_GPIO_Init
 .text.HAL_GPIO_ReadPin
                0x080026f8       0x30 ./Drivers/STM32L4xx_HAL_Driver/Src/stm32l4xx_hal_gpio.o
                0x080026f8                HAL_GPIO_ReadPin
 .text.HAL_GPIO_WritePin
                0x08002728       0x30 ./Drivers/STM32L4xx_HAL_Driver/Src/stm32l4xx_hal_gpio.o
                0x08002728                HAL_GPIO_WritePin
 .text.HAL_PWREx_GetVoltageRange
                0x08002758       0x1c ./Drivers/STM32L4xx_HAL_Driver/Src/stm32l4xx_hal_pwr_ex.o
                0x08002758                HAL_PWREx_GetVoltageRange
 .text.HAL_PWREx_ControlVoltageScaling
                0x08002774       0xac ./Drivers/STM32L4xx_HAL_Driver/Src/stm32l4xx_hal_pwr_ex.o
                0x08002774                HAL_PWREx_ControlVoltageScaling
 .text.HAL_RCC_OscConfig
                0x08002820      0x828 ./Drivers/STM32L4xx_HAL_Driver/Src/stm32l4xx_hal_rcc.o
                0x08002820                HAL_RCC_OscConfig
 .text.HAL_RCC_ClockConfig
                0x08003048      0x200 ./Drivers/STM32L4xx_HAL_Driver/Src/stm32l4xx_hal_rcc.o
                0x08003048                HAL_RCC_ClockConfig
 .text.HAL_RCC_GetSysClockFreq
                0x08003248      0x118 ./Drivers/STM32L4xx_HAL_Driver/Src/stm32l4xx_hal_rcc.o
                0x08003248                HAL_RCC_GetSysClockFreq
 .text.HAL_RCC_GetHCLKFreq
                0x08003360       0x18 ./Drivers/STM32L4xx_HAL_Driver/Src/stm32l4xx_hal_rcc.o
                0x08003360                HAL_RCC_GetHCLKFreq
 .text.HAL_RCC_GetPCLK1Freq
                0x08003378       0x2c ./Drivers/STM32L4xx_HAL_Driver/Src/stm32l4xx_hal_rcc.o
                0x08003378                HAL_RCC_GetPCLK1Freq
 .text.HAL_RCC_GetPCLK2Freq
                0x080033a4       0x2c ./Drivers/STM32L4xx_HAL_Driver/Src/stm32l4xx_hal_rcc.o
                0x080033a4                HAL_RCC_GetPCLK2Freq
 .text.RCC_SetFlashLatencyFromMSIRange
                0x080033d0       0xc0 ./Drivers/STM32L4xx_HAL_Driver/Src/stm32l4xx_hal_rcc.o
 .text.HAL_RCCEx_PeriphCLKConfig
                0x08003490      0x3ec ./Drivers/STM32L4xx_HAL_Driver/Src/stm32l4xx_hal_rcc_ex.o
                0x08003490                HAL_RCCEx_PeriphCLKConfig
 .text.RCCEx_PLLSAI1_Config
                0x0800387c      0x1e4 ./Drivers/STM32L4xx_HAL_Driver/Src/stm32l4xx_hal_rcc_ex.o
 .text.HAL_SPI_Init
                0x08003a60      0x146 ./Drivers/STM32L4xx_HAL_Driver/Src/stm32l4xx_hal_spi.o
                0x08003a60                HAL_SPI_Init
 .text.HAL_SPI_Transmit
                0x08003ba6      0x2ec ./Drivers/STM32L4xx_HAL_Driver/Src/stm32l4xx_hal_spi.o
                0x08003ba6                HAL_SPI_Transmit
 .text.HAL_SPI_Receive
                0x08003e92      0x270 ./Drivers/STM32L4xx_HAL_Driver/Src/stm32l4xx_hal_spi.o
                0x08003e92                HAL_SPI_Receive
 .text.HAL_SPI_TransmitReceive
                0x08004102      0x43e ./Drivers/STM32L4xx_HAL_Driver/Src/stm32l4xx_hal_spi.o
                0x08004102                HAL_SPI_TransmitReceive
 .text.SPI_WaitFlagStateUntilTimeout
                0x08004540      0x110 ./Drivers/STM32L4xx_HAL_Driver/Src/stm32l4xx_hal_spi.o
 .text.SPI_WaitFifoStateUntilTimeout
                0x08004650      0x12c ./Drivers/STM32L4xx_HAL_Driver/Src/stm32l4xx_hal_spi.o
 .text.SPI_EndRxTransaction
                0x0800477c       0xb0 ./Drivers/STM32L4xx_HAL_Driver/Src/stm32l4xx_hal_spi.o
 .text.SPI_EndRxTxTransaction
                0x0800482c       0x8c ./Drivers/STM32L4xx_HAL_Driver/Src/stm32l4xx_hal_spi.o
 .text.HAL_TIM_Base_Init
                0x080048b8       0xae ./Drivers/STM32L4xx_HAL_Driver/Src/stm32l4xx_hal_tim.o
                0x080048b8                HAL_TIM_Base_Init
 *fill*         0x08004966        0x2 
 .text.HAL_TIM_Base_Start
                0x08004968       0x98 ./Drivers/STM32L4xx_HAL_Driver/Src/stm32l4xx_hal_tim.o
                0x08004968                HAL_TIM_Base_Start
 .text.HAL_TIM_ConfigClockSource
                0x08004a00      0x192 ./Drivers/STM32L4xx_HAL_Driver/Src/stm32l4xx_hal_tim.o
                0x08004a00                HAL_TIM_ConfigClockSource
 *fill*         0x08004b92        0x2 
 .text.TIM_Base_SetConfig
                0x08004b94       0xd4 ./Drivers/STM32L4xx_HAL_Driver/Src/stm32l4xx_hal_tim.o
                0x08004b94                TIM_Base_SetConfig
 .text.TIM_TI1_ConfigInputStage
                0x08004c68       0x90 ./Drivers/STM32L4xx_HAL_Driver/Src/stm32l4xx_hal_tim.o
 .text.TIM_TI2_ConfigInputStage
                0x08004cf8       0x78 ./Drivers/STM32L4xx_HAL_Driver/Src/stm32l4xx_hal_tim.o
 .text.TIM_ITRx_SetConfig
                0x08004d70       0x36 ./Drivers/STM32L4xx_HAL_Driver/Src/stm32l4xx_hal_tim.o
 .text.TIM_ETR_SetConfig
                0x08004da6       0x40 ./Drivers/STM32L4xx_HAL_Driver/Src/stm32l4xx_hal_tim.o
                0x08004da6                TIM_ETR_SetConfig
 *fill*         0x08004de6        0x2 
 .text.HAL_TIMEx_MasterConfigSynchronization
                0x08004de8       0xcc ./Drivers/STM32L4xx_HAL_Driver/Src/stm32l4xx_hal_tim_ex.o
                0x08004de8                HAL_TIMEx_MasterConfigSynchronization
 .text.HAL_UART_Init
                0x08004eb4       0x9c ./Drivers/STM32L4xx_HAL_Driver/Src/stm32l4xx_hal_uart.o
                0x08004eb4                HAL_UART_Init
 .text.HAL_UART_Receive_IT
                0x08004f50       0x98 ./Drivers/STM32L4xx_HAL_Driver/Src/stm32l4xx_hal_uart.o
                0x08004f50                HAL_UART_Receive_IT
 .text.HAL_UART_IRQHandler
                0x08004fe8      0x60c ./Drivers/STM32L4xx_HAL_Driver/Src/stm32l4xx_hal_uart.o
                0x08004fe8                HAL_UART_IRQHandler
 .text.HAL_UART_TxCpltCallback
                0x080055f4       0x14 ./Drivers/STM32L4xx_HAL_Driver/Src/stm32l4xx_hal_uart.o
                0x080055f4                HAL_UART_TxCpltCallback
 .text.HAL_UART_ErrorCallback
                0x08005608       0x14 ./Drivers/STM32L4xx_HAL_Driver/Src/stm32l4xx_hal_uart.o
                0x08005608                HAL_UART_ErrorCallback
 .text.HAL_UARTEx_RxEventCallback
                0x0800561c       0x18 ./Drivers/STM32L4xx_HAL_Driver/Src/stm32l4xx_hal_uart.o
                0x0800561c                HAL_UARTEx_RxEventCallback
 .text.UART_SetConfig
                0x08005634      0x458 ./Drivers/STM32L4xx_HAL_Driver/Src/stm32l4xx_hal_uart.o
                0x08005634                UART_SetConfig
 .text.UART_AdvFeatureConfig
                0x08005a8c      0x144 ./Drivers/STM32L4xx_HAL_Driver/Src/stm32l4xx_hal_uart.o
                0x08005a8c                UART_AdvFeatureConfig
 .text.UART_CheckIdleState
                0x08005bd0      0x150 ./Drivers/STM32L4xx_HAL_Driver/Src/stm32l4xx_hal_uart.o
                0x08005bd0                UART_CheckIdleState
 .text.UART_WaitOnFlagUntilTimeout
                0x08005d20       0xda ./Drivers/STM32L4xx_HAL_Driver/Src/stm32l4xx_hal_uart.o
                0x08005d20                UART_WaitOnFlagUntilTimeout
 *fill*         0x08005dfa        0x2 
 .text.UART_Start_Receive_IT
                0x08005dfc      0x18c ./Drivers/STM32L4xx_HAL_Driver/Src/stm32l4xx_hal_uart.o
                0x08005dfc                UART_Start_Receive_IT
 .text.UART_EndRxTransfer
                0x08005f88       0xc8 ./Drivers/STM32L4xx_HAL_Driver/Src/stm32l4xx_hal_uart.o
 .text.UART_DMAAbortOnError
                0x08006050       0x1c ./Drivers/STM32L4xx_HAL_Driver/Src/stm32l4xx_hal_uart.o
 .text.UART_EndTransmit_IT
                0x0800606c       0x54 ./Drivers/STM32L4xx_HAL_Driver/Src/stm32l4xx_hal_uart.o
 .text.UART_RxISR_8BIT
                0x080060c0      0x1b8 ./Drivers/STM32L4xx_HAL_Driver/Src/stm32l4xx_hal_uart.o
 .text.UART_RxISR_16BIT
                0x08006278      0x1b8 ./Drivers/STM32L4xx_HAL_Driver/Src/stm32l4xx_hal_uart.o
 .text.HAL_UARTEx_WakeupCallback
                0x08006430       0x14 ./Drivers/STM32L4xx_HAL_Driver/Src/stm32l4xx_hal_uart_ex.o
                0x08006430                HAL_UARTEx_WakeupCallback
 .text.table_get_u1
                0x08006444       0x1e ./Middleware/ThirdParty/LMIC/aes/ideetron/AES-128_V10.o
 *fill*         0x08006462        0x2 
 .text.lmic_aes_encrypt
                0x08006464      0x1b8 ./Middleware/ThirdParty/LMIC/aes/ideetron/AES-128_V10.o
                0x08006464                lmic_aes_encrypt
 .text.AES_Add_Round_Key
                0x0800661c       0x70 ./Middleware/ThirdParty/LMIC/aes/ideetron/AES-128_V10.o
 .text.AES_Sub_Byte
                0x0800668c       0x3c ./Middleware/ThirdParty/LMIC/aes/ideetron/AES-128_V10.o
 .text.AES_Shift_Rows
                0x080066c8       0x88 ./Middleware/ThirdParty/LMIC/aes/ideetron/AES-128_V10.o
 .text.AES_Mix_Collums
                0x08006750      0x12c ./Middleware/ThirdParty/LMIC/aes/ideetron/AES-128_V10.o
 .text.AES_Calculate_Round_Key
                0x0800687c      0x126 ./Middleware/ThirdParty/LMIC/aes/ideetron/AES-128_V10.o
 .text.shift_left
                0x080069a2       0x58 ./Middleware/ThirdParty/LMIC/aes/other.o
 *fill*         0x080069fa        0x2 
 .text.os_aes_cmac
                0x080069fc      0x150 ./Middleware/ThirdParty/LMIC/aes/other.o
 .text.os_aes_ctr
                0x08006b4c       0x88 ./Middleware/ThirdParty/LMIC/aes/other.o
 .text.os_aes_generic
                0x08006bd4       0x90 ./Middleware/ThirdParty/LMIC/aes/other.o
                0x08006bd4                os_aes_generic
 .text.lmic_hal_init
                0x08006c64       0x14 ./Middleware/ThirdParty/LMIC/hal/hal.o
                0x08006c64                lmic_hal_init
 .text.lmic_hal_init_ex
                0x08006c78       0x14 ./Middleware/ThirdParty/LMIC/hal/hal.o
                0x08006c78                lmic_hal_init_ex
 .text.lmic_hal_failed
                0x08006c8c       0x2c ./Middleware/ThirdParty/LMIC/hal/hal.o
                0x08006c8c                lmic_hal_failed
 .text.lmic_hal_pin_rxtx
                0x08006cb8       0x16 ./Middleware/ThirdParty/LMIC/hal/hal.o
                0x08006cb8                lmic_hal_pin_rxtx
 .text.lmic_hal_pin_rst
                0x08006cce       0x94 ./Middleware/ThirdParty/LMIC/hal/hal.o
                0x08006cce                lmic_hal_pin_rst
 *fill*         0x08006d62        0x2 
 .text.nss_select
                0x08006d64       0x2c ./Middleware/ThirdParty/LMIC/hal/hal.o
 .text.lmic_hal_spi_write
                0x08006d90       0x48 ./Middleware/ThirdParty/LMIC/hal/hal.o
                0x08006d90                lmic_hal_spi_write
 .text.lmic_hal_spi_read
                0x08006dd8       0x54 ./Middleware/ThirdParty/LMIC/hal/hal.o
                0x08006dd8                lmic_hal_spi_read
 .text.lmic_hal_ticks
                0x08006e2c       0x58 ./Middleware/ThirdParty/LMIC/hal/hal.o
                0x08006e2c                lmic_hal_ticks
 .text.lmic_hal_waitUntil
                0x08006e84       0x3a ./Middleware/ThirdParty/LMIC/hal/hal.o
                0x08006e84                lmic_hal_waitUntil
 .text.lmic_hal_checkTimer
                0x08006ebe       0x24 ./Middleware/ThirdParty/LMIC/hal/hal.o
                0x08006ebe                lmic_hal_checkTimer
 *fill*         0x08006ee2        0x2 
 .text.lmic_hal_disableIRQs
                0x08006ee4       0x24 ./Middleware/ThirdParty/LMIC/hal/hal.o
                0x08006ee4                lmic_hal_disableIRQs
 .text.lmic_hal_enableIRQs
                0x08006f08       0x2c ./Middleware/ThirdParty/LMIC/hal/hal.o
                0x08006f08                lmic_hal_enableIRQs
 .text.lmic_hal_processPendingIRQs
                0x08006f34       0x44 ./Middleware/ThirdParty/LMIC/hal/hal.o
                0x08006f34                lmic_hal_processPendingIRQs
 .text.lmic_hal_sleep
                0x08006f78        0xe ./Middleware/ThirdParty/LMIC/hal/hal.o
                0x08006f78                lmic_hal_sleep
 .text.lmic_hal_getRssiCal
                0x08006f86       0x10 ./Middleware/ThirdParty/LMIC/hal/hal.o
                0x08006f86                lmic_hal_getRssiCal
 .text.lmic_hal_setModuleActive
                0x08006f96       0x18 ./Middleware/ThirdParty/LMIC/hal/hal.o
                0x08006f96                lmic_hal_setModuleActive
 .text.lmic_hal_queryUsingTcxo
                0x08006fae       0x10 ./Middleware/ThirdParty/LMIC/hal/hal.o
                0x08006fae                lmic_hal_queryUsingTcxo
 .text.lmic_hal_getTxPowerPolicy
                0x08006fbe       0x1e ./Middleware/ThirdParty/LMIC/hal/hal.o
                0x08006fbe                lmic_hal_getTxPowerPolicy
 .text.table_get_u1
                0x08006fdc       0x1e ./Middleware/ThirdParty/LMIC/lmic/lmic.o
 .text.getSf    0x08006ffa       0x20 ./Middleware/ThirdParty/LMIC/lmic/lmic.o
 .text.getBw    0x0800701a       0x24 ./Middleware/ThirdParty/LMIC/lmic/lmic.o
 .text.getCr    0x0800703e       0x24 ./Middleware/ThirdParty/LMIC/lmic/lmic.o
 .text.setCr    0x08007062       0x34 ./Middleware/ThirdParty/LMIC/lmic/lmic.o
 .text.getNocrc
                0x08007096       0x20 ./Middleware/ThirdParty/LMIC/lmic/lmic.o
 .text.setNocrc
                0x080070b6       0x30 ./Middleware/ThirdParty/LMIC/lmic/lmic.o
 .text.getIh    0x080070e6       0x1e ./Middleware/ThirdParty/LMIC/lmic/lmic.o
 .text.LMIC_txrxFlags_isClassC
                0x08007104       0x26 ./Middleware/ThirdParty/LMIC/lmic/lmic.o
 .text.LMIC_txrxFlags_isRx1
                0x0800712a       0x26 ./Middleware/ThirdParty/LMIC/lmic/lmic.o
 .text.LMIC_txrxFlags_isRx2
                0x08007150       0x26 ./Middleware/ThirdParty/LMIC/lmic/lmic.o
 .text.LMIC_txrxFlags_isClassA
                0x08007176       0x36 ./Middleware/ThirdParty/LMIC/lmic/lmic.o
 .text.LMIC_BEACON_SUCCESSFUL
                0x080071ac       0x1c ./Middleware/ThirdParty/LMIC/lmic/lmic.o
 .text.LMICas923_isValidBeacon1
                0x080071c8       0x32 ./Middleware/ThirdParty/LMIC/lmic/lmic.o
 .text.LMICas923_queryMaxRx1DrOffset
                0x080071fa       0x10 ./Middleware/ThirdParty/LMIC/lmic/lmic.o
 .text.validDR  0x0800720a       0x1c ./Middleware/ThirdParty/LMIC/lmic/lmic.o
 *fill*         0x08007226        0x2 
 .text.updr2rps
                0x08007228       0x24 ./Middleware/ThirdParty/LMIC/lmic/lmic.o
 .text.dndr2rps
                0x0800724c       0x26 ./Middleware/ThirdParty/LMIC/lmic/lmic.o
 *fill*         0x08007272        0x2 
 .text.incDR    0x08007274       0x34 ./Middleware/ThirdParty/LMIC/lmic/lmic.o
 .text.decDR    0x080072a8       0x30 ./Middleware/ThirdParty/LMIC/lmic/lmic.o
 .text.LMICJ_isTxPathBusy
                0x080072d8       0x28 ./Middleware/ThirdParty/LMIC/lmic/lmic.o
 .text.LMICJ_isActiveClassB
                0x08007300       0x30 ./Middleware/ThirdParty/LMIC/lmic/lmic.o
 .text.LMIC_SecureElement_initialize
                0x08007330        0xe ./Middleware/ThirdParty/LMIC/lmic/lmic.o
 .text.LMIC_SecureElement_setAppKey
                0x0800733e       0x18 ./Middleware/ThirdParty/LMIC/lmic/lmic.o
 .text.LMIC_SecureElement_setAppEUI
                0x08007356       0x18 ./Middleware/ThirdParty/LMIC/lmic/lmic.o
 .text.LMIC_SecureElement_setDevEUI
                0x0800736e       0x18 ./Middleware/ThirdParty/LMIC/lmic/lmic.o
 .text.LMIC_SecureElement_createJoinRequest
                0x08007386       0x20 ./Middleware/ThirdParty/LMIC/lmic/lmic.o
 .text.LMIC_SecureElement_encodeMessage
                0x080073a6       0x2c ./Middleware/ThirdParty/LMIC/lmic/lmic.o
 .text.LMIC_SecureElement_verifyMIC
                0x080073d2       0x2a ./Middleware/ThirdParty/LMIC/lmic/lmic.o
 .text.LMIC_SecureElement_decodeMessage
                0x080073fc       0x2e ./Middleware/ThirdParty/LMIC/lmic/lmic.o
 .text.LMIC_SecureElement_aes128Encrypt
                0x0800742a       0x20 ./Middleware/ThirdParty/LMIC/lmic/lmic.o
 *fill*         0x0800744a        0x2 
 .text.initTxrxFlags
                0x0800744c       0x28 ./Middleware/ThirdParty/LMIC/lmic/lmic.o
 .text.orTxrxFlags
                0x08007474       0x30 ./Middleware/ThirdParty/LMIC/lmic/lmic.o
 .text.os_rlsbf2
                0x080074a4       0x2c ./Middleware/ThirdParty/LMIC/lmic/lmic.o
                0x080074a4                os_rlsbf2
 .text.os_rlsbf4
                0x080074d0       0x38 ./Middleware/ThirdParty/LMIC/lmic/lmic.o
                0x080074d0                os_rlsbf4
 .text.os_rmsbf4
                0x08007508       0x38 ./Middleware/ThirdParty/LMIC/lmic/lmic.o
                0x08007508                os_rmsbf4
 .text.os_wlsbf2
                0x08007540       0x2e ./Middleware/ThirdParty/LMIC/lmic/lmic.o
                0x08007540                os_wlsbf2
 .text.os_wlsbf4
                0x0800756e       0x42 ./Middleware/ThirdParty/LMIC/lmic/lmic.o
                0x0800756e                os_wlsbf4
 .text.os_wmsbf4
                0x080075b0       0x42 ./Middleware/ThirdParty/LMIC/lmic/lmic.o
                0x080075b0                os_wmsbf4
 *fill*         0x080075f2        0x2 
 .text.os_getBattLevel
                0x080075f4       0x18 ./Middleware/ThirdParty/LMIC/lmic/lmic.o
                0x080075f4                os_getBattLevel
 .text.os_crc16
                0x0800760c       0x82 ./Middleware/ThirdParty/LMIC/lmic/lmic.o
                0x0800760c                os_crc16
 *fill*         0x0800768e        0x2 
 .text.getSensitivity
                0x08007690       0x44 ./Middleware/ThirdParty/LMIC/lmic/lmic.o
                0x08007690                getSensitivity
 .text.calcAirTime
                0x080076d4      0x122 ./Middleware/ThirdParty/LMIC/lmic/lmic.o
                0x080076d4                calcAirTime
 *fill*         0x080077f6        0x2 
 .text.setRxsyms
                0x080077f8       0x48 ./Middleware/ThirdParty/LMIC/lmic/lmic.o
 .text.calcRxWindow
                0x08007840       0xa4 ./Middleware/ThirdParty/LMIC/lmic/lmic.o
 .text.calcBcnRxWindowFromMillis
                0x080078e4      0x12c ./Middleware/ThirdParty/LMIC/lmic/lmic.o
 .text.rxschedInit
                0x08007a10       0xf0 ./Middleware/ThirdParty/LMIC/lmic/lmic.o
 .text.rxschedNext
                0x08007b00       0xa0 ./Middleware/ThirdParty/LMIC/lmic/lmic.o
 .text.LMICcore_rndDelay
                0x08007ba0       0x80 ./Middleware/ThirdParty/LMIC/lmic/lmic.o
                0x08007ba0                LMICcore_rndDelay
 .text.txDelay  0x08007c20       0x60 ./Middleware/ThirdParty/LMIC/lmic/lmic.o
 .text.LMICcore_setDrJoin
                0x08007c80       0x28 ./Middleware/ThirdParty/LMIC/lmic/lmic.o
                0x08007c80                LMICcore_setDrJoin
 .text.setDrTxpow
                0x08007ca8       0x78 ./Middleware/ThirdParty/LMIC/lmic/lmic.o
 .text.runEngineUpdate
                0x08007d20       0x14 ./Middleware/ThirdParty/LMIC/lmic/lmic.o
 .text.reportEventAndUpdate
                0x08007d34       0x1e ./Middleware/ThirdParty/LMIC/lmic/lmic.o
 *fill*         0x08007d52        0x2 
 .text.reportEventNoUpdate
                0x08007d54      0x12c ./Middleware/ThirdParty/LMIC/lmic/lmic.o
 .text.runReset
                0x08007e80       0x22 ./Middleware/ThirdParty/LMIC/lmic/lmic.o
 *fill*         0x08007ea2        0x2 
 .text.resetJoinParams
                0x08007ea4       0x38 ./Middleware/ThirdParty/LMIC/lmic/lmic.o
 .text.stateJustJoined
                0x08007edc       0xa4 ./Middleware/ThirdParty/LMIC/lmic/lmic.o
 .text.decodeBeacon
                0x08007f80      0x118 ./Middleware/ThirdParty/LMIC/lmic/lmic.o
 .text.put_mac_uplink_byte
                0x08008098       0x80 ./Middleware/ThirdParty/LMIC/lmic/lmic.o
 .text.put_mac_uplink_byte2
                0x08008118       0x50 ./Middleware/ThirdParty/LMIC/lmic/lmic.o
 .text.put_mac_uplink_byte3
                0x08008168       0x60 ./Middleware/ThirdParty/LMIC/lmic/lmic.o
 .text.getMacCmdSize
                0x080081c8       0x38 ./Middleware/ThirdParty/LMIC/lmic/lmic.o
 .text.applyAdrRequests
                0x08008200      0x1b0 ./Middleware/ThirdParty/LMIC/lmic/lmic.o
 .text.scan_mac_cmds_link_adr
                0x080083b0      0x100 ./Middleware/ThirdParty/LMIC/lmic/lmic.o
 .text.scan_mac_cmds
                0x080084b0      0x5dc ./Middleware/ThirdParty/LMIC/lmic/lmic.o
 .text.setAdrAckCount
                0x08008a8c       0x30 ./Middleware/ThirdParty/LMIC/lmic/lmic.o
 .text.decodeFrame
                0x08008abc      0x374 ./Middleware/ThirdParty/LMIC/lmic/lmic.o
 .text.radioRx  0x08008e30       0x14 ./Middleware/ThirdParty/LMIC/lmic/lmic.o
 .text.setupRx2
                0x08008e44       0x48 ./Middleware/ThirdParty/LMIC/lmic/lmic.o
 .text.setupRxClassC
                0x08008e8c        0xe ./Middleware/ThirdParty/LMIC/lmic/lmic.o
 *fill*         0x08008e9a        0x2 
 .text.LMICcore_adjustForDrift
                0x08008e9c       0xdc ./Middleware/ThirdParty/LMIC/lmic/lmic.o
                0x08008e9c                LMICcore_adjustForDrift
 .text.schedRx12
                0x08008f78       0x5c ./Middleware/ThirdParty/LMIC/lmic/lmic.o
 .text.setupRx1
                0x08008fd4       0x50 ./Middleware/ThirdParty/LMIC/lmic/lmic.o
 .text.txDone   0x08009024       0x70 ./Middleware/ThirdParty/LMIC/lmic/lmic.o
 .text.onJoinFailed
                0x08009094       0x16 ./Middleware/ThirdParty/LMIC/lmic/lmic.o
 *fill*         0x080090aa        0x2 
 .text.processJoinAccept
                0x080090ac      0x1ac ./Middleware/ThirdParty/LMIC/lmic/lmic.o
 .text.processJoinAccept_badframe
                0x08009258       0x24 ./Middleware/ThirdParty/LMIC/lmic/lmic.o
 .text.processJoinAccept_nojoinframe
                0x0800927c       0xc4 ./Middleware/ThirdParty/LMIC/lmic/lmic.o
 .text.radioGetRxResults
                0x08009340       0x38 ./Middleware/ThirdParty/LMIC/lmic/lmic.o
 .text.processRx2Jacc
                0x08009378       0x34 ./Middleware/ThirdParty/LMIC/lmic/lmic.o
 .text.setupRx2Jacc
                0x080093ac       0x24 ./Middleware/ThirdParty/LMIC/lmic/lmic.o
 .text.processRx1Jacc
                0x080093d0       0x44 ./Middleware/ThirdParty/LMIC/lmic/lmic.o
 .text.setupRx1Jacc
                0x08009414       0x1c ./Middleware/ThirdParty/LMIC/lmic/lmic.o
 .text.jreqDone
                0x08009430       0x20 ./Middleware/ThirdParty/LMIC/lmic/lmic.o
 .text.processRx2DnData
                0x08009450       0x48 ./Middleware/ThirdParty/LMIC/lmic/lmic.o
 .text.setupRx2DnData
                0x08009498       0x24 ./Middleware/ThirdParty/LMIC/lmic/lmic.o
 .text.processRx1DnData
                0x080094bc       0x58 ./Middleware/ThirdParty/LMIC/lmic/lmic.o
 .text.setupRx1DnData
                0x08009514       0x1c ./Middleware/ThirdParty/LMIC/lmic/lmic.o
 .text.updataDone
                0x08009530       0x34 ./Middleware/ThirdParty/LMIC/lmic/lmic.o
 .text.sendAdrAckReq
                0x08009564       0x50 ./Middleware/ThirdParty/LMIC/lmic/lmic.o
 .text.buildDataFrame
                0x080095b4      0x35c ./Middleware/ThirdParty/LMIC/lmic/lmic.o
 .text.onBcnRx  0x08009910       0xb0 ./Middleware/ThirdParty/LMIC/lmic/lmic.o
 .text.startScan
                0x080099c0       0xb0 ./Middleware/ThirdParty/LMIC/lmic/lmic.o
 .text.buildJoinRequest
                0x08009a70       0x20 ./Middleware/ThirdParty/LMIC/lmic/lmic.o
 .text.startJoining
                0x08009a90       0x34 ./Middleware/ThirdParty/LMIC/lmic/lmic.o
 .text.LMIC_unjoin
                0x08009ac4       0x30 ./Middleware/ThirdParty/LMIC/lmic/lmic.o
                0x08009ac4                LMIC_unjoin
 .text.LMIC_startJoining
                0x08009af4       0x8c ./Middleware/ThirdParty/LMIC/lmic/lmic.o
                0x08009af4                LMIC_startJoining
 .text.unjoinAndRejoin
                0x08009b80       0x18 ./Middleware/ThirdParty/LMIC/lmic/lmic.o
 .text.LMIC_unjoinAndRejoin
                0x08009b98       0x18 ./Middleware/ThirdParty/LMIC/lmic/lmic.o
                0x08009b98                LMIC_unjoinAndRejoin
 .text.processPingRx
                0x08009bb0       0x44 ./Middleware/ThirdParty/LMIC/lmic/lmic.o
 .text.processDnData
                0x08009bf4       0x90 ./Middleware/ThirdParty/LMIC/lmic/lmic.o
 .text.processDnData_norx
                0x08009c84      0x130 ./Middleware/ThirdParty/LMIC/lmic/lmic.o
 .text.processDnData_txcomplete
                0x08009db4      0x218 ./Middleware/ThirdParty/LMIC/lmic/lmic.o
 .text.processBeacon
                0x08009fcc      0x1f8 ./Middleware/ThirdParty/LMIC/lmic/lmic.o
 .text.startRxBcn
                0x0800a1c4       0x24 ./Middleware/ThirdParty/LMIC/lmic/lmic.o
 .text.startRxPing
                0x0800a1e8       0x24 ./Middleware/ThirdParty/LMIC/lmic/lmic.o
 .text.engineUpdate_inner
                0x0800a20c      0x46c ./Middleware/ThirdParty/LMIC/lmic/lmic.o
 .text.engineUpdate
                0x0800a678       0x50 ./Middleware/ThirdParty/LMIC/lmic/lmic.o
 .text.LMIC_reset
                0x0800a6c8      0x114 ./Middleware/ThirdParty/LMIC/lmic/lmic.o
                0x0800a6c8                LMIC_reset
 .text.LMIC_init
                0x0800a7dc       0x20 ./Middleware/ThirdParty/LMIC/lmic/lmic.o
                0x0800a7dc                LMIC_init
 .text.LMIC_clrTxData
                0x0800a7fc       0x88 ./Middleware/ThirdParty/LMIC/lmic/lmic.o
                0x0800a7fc                LMIC_clrTxData
 .text.LMIC_feasibleDataRateForFrame
                0x0800a884       0x7e ./Middleware/ThirdParty/LMIC/lmic/lmic.o
                0x0800a884                LMIC_feasibleDataRateForFrame
 *fill*         0x0800a902        0x2 
 .text.adjustDrForFrameIfNotBusy
                0x0800a904       0x54 ./Middleware/ThirdParty/LMIC/lmic/lmic.o
 .text.LMIC_setTxData_strict
                0x0800a958       0x4c ./Middleware/ThirdParty/LMIC/lmic/lmic.o
                0x0800a958                LMIC_setTxData_strict
 .text.LMIC_setTxData2
                0x0800a9a4       0x36 ./Middleware/ThirdParty/LMIC/lmic/lmic.o
                0x0800a9a4                LMIC_setTxData2
 *fill*         0x0800a9da        0x2 
 .text.LMIC_setTxData2_strict
                0x0800a9dc       0x9c ./Middleware/ThirdParty/LMIC/lmic/lmic.o
                0x0800a9dc                LMIC_setTxData2_strict
 .text.LMIC_setLinkCheckMode
                0x0800aa78       0x38 ./Middleware/ThirdParty/LMIC/lmic/lmic.o
                0x0800aa78                LMIC_setLinkCheckMode
 .text.LMIC_setClockError
                0x0800aab0       0x20 ./Middleware/ThirdParty/LMIC/lmic/lmic.o
                0x0800aab0                LMIC_setClockError
 .text.table_get_u1
                0x0800aad0       0x1e ./Middleware/ThirdParty/LMIC/lmic/lmic_as923.o
 .text.table_get_s1
                0x0800aaee       0x20 ./Middleware/ThirdParty/LMIC/lmic/lmic_as923.o
 .text.table_get_u4
                0x0800ab0e       0x20 ./Middleware/ThirdParty/LMIC/lmic/lmic_as923.o
 .text.table_get_ostime
                0x0800ab2e       0x20 ./Middleware/ThirdParty/LMIC/lmic/lmic_as923.o
 .text.setNocrc
                0x0800ab4e       0x30 ./Middleware/ThirdParty/LMIC/lmic/lmic_as923.o
 .text.setIh    0x0800ab7e       0x2e ./Middleware/ThirdParty/LMIC/lmic/lmic_as923.o
 .text.updr2rps
                0x0800abac       0x24 ./Middleware/ThirdParty/LMIC/lmic/lmic_as923.o
 .text.dndr2rps
                0x0800abd0       0x26 ./Middleware/ThirdParty/LMIC/lmic/lmic_as923.o
 *fill*         0x0800abf6        0x2 
 .text.LMICas923_validDR
                0x0800abf8       0x38 ./Middleware/ThirdParty/LMIC/lmic/lmic_as923.o
                0x0800abf8                LMICas923_validDR
 .text.LMICas923_getUplinkDwellBit
                0x0800ac30       0x30 ./Middleware/ThirdParty/LMIC/lmic/lmic_as923.o
 .text.LMICas923_getDownlinkDwellBit
                0x0800ac60       0x30 ./Middleware/ThirdParty/LMIC/lmic/lmic_as923.o
 .text.LMICas923_maxFrameLen
                0x0800ac90       0x54 ./Middleware/ThirdParty/LMIC/lmic/lmic_as923.o
                0x0800ac90                LMICas923_maxFrameLen
 .text.LMICas923_getMaxEIRP
                0x0800ace4       0x30 ./Middleware/ThirdParty/LMIC/lmic/lmic_as923.o
 .text.LMICas923_pow2dBm
                0x0800ad14       0x54 ./Middleware/ThirdParty/LMIC/lmic/lmic_as923.o
                0x0800ad14                LMICas923_pow2dBm
 .text.LMICas923_dr2hsym
                0x0800ad68       0x24 ./Middleware/ThirdParty/LMIC/lmic/lmic_as923.o
                0x0800ad68                LMICas923_dr2hsym
 .text.LMICas923_initDefaultChannels
                0x0800ad8c       0xc0 ./Middleware/ThirdParty/LMIC/lmic/lmic_as923.o
                0x0800ad8c                LMICas923_initDefaultChannels
 .text.LMICas923_init
                0x0800ae4c        0xe ./Middleware/ThirdParty/LMIC/lmic/lmic_as923.o
                0x0800ae4c                LMICas923_init
 .text.LMICas923_resetDefaultChannels
                0x0800ae5a        0xe ./Middleware/ThirdParty/LMIC/lmic/lmic_as923.o
                0x0800ae5a                LMICas923_resetDefaultChannels
 .text.LMIC_queryNumDefaultChannels
                0x0800ae68       0x10 ./Middleware/ThirdParty/LMIC/lmic/lmic_as923.o
                0x0800ae68                LMIC_queryNumDefaultChannels
 .text.LMIC_setupChannel
                0x0800ae78       0xf0 ./Middleware/ThirdParty/LMIC/lmic/lmic_as923.o
                0x0800ae78                LMIC_setupChannel
 .text.LMICas923_convFreq
                0x0800af68       0x44 ./Middleware/ThirdParty/LMIC/lmic/lmic_as923.o
                0x0800af68                LMICas923_convFreq
 .text.LMICas923_nextJoinTime
                0x0800afac       0x30 ./Middleware/ThirdParty/LMIC/lmic/lmic_as923.o
                0x0800afac                LMICas923_nextJoinTime
 .text.LMICas923_setRx1Params
                0x0800afdc       0xa0 ./Middleware/ThirdParty/LMIC/lmic/lmic_as923.o
                0x0800afdc                LMICas923_setRx1Params
 .text.LMICas923_nextTx
                0x0800b07c      0x20c ./Middleware/ThirdParty/LMIC/lmic/lmic_as923.o
                0x0800b07c                LMICas923_nextTx
 .text.LMICas923_setBcnRxParams
                0x0800b288       0x44 ./Middleware/ThirdParty/LMIC/lmic/lmic_as923.o
                0x0800b288                LMICas923_setBcnRxParams
 .text.LMICas923_nextJoinState
                0x0800b2cc       0x10 ./Middleware/ThirdParty/LMIC/lmic/lmic_as923.o
                0x0800b2cc                LMICas923_nextJoinState
 .text.LMICas923_initJoinLoop
                0x0800b2dc       0x10 ./Middleware/ThirdParty/LMIC/lmic/lmic_as923.o
                0x0800b2dc                LMICas923_initJoinLoop
 .text.LMICas923_updateTx
                0x0800b2ec       0xdc ./Middleware/ThirdParty/LMIC/lmic/lmic_as923.o
                0x0800b2ec                LMICas923_updateTx
 .text.LMIC_findNextChannel
                0x0800b3c8      0x196 ./Middleware/ThirdParty/LMIC/lmic/lmic_channelshuffle.o
                0x0800b3c8                LMIC_findNextChannel
 .text.sidewaysSum16
                0x0800b55e       0xa2 ./Middleware/ThirdParty/LMIC/lmic/lmic_channelshuffle.o
 .text.findNthSetBit
                0x0800b600      0x13c ./Middleware/ThirdParty/LMIC/lmic/lmic_channelshuffle.o
 .text.LMICeulike_canMapChannels
                0x0800b73c       0x6c ./Middleware/ThirdParty/LMIC/lmic/lmic_eu_like.o
                0x0800b73c                LMICeulike_canMapChannels
 .text.LMICeulike_mapChannels
                0x0800b7a8       0x88 ./Middleware/ThirdParty/LMIC/lmic/lmic_eu_like.o
                0x0800b7a8                LMICeulike_mapChannels
 .text.LMICeulike_isDataRateFeasible
                0x0800b830       0x70 ./Middleware/ThirdParty/LMIC/lmic/lmic_eu_like.o
                0x0800b830                LMICeulike_isDataRateFeasible
 .text.LMICeulike_initJoinLoop
                0x0800b8a0       0x98 ./Middleware/ThirdParty/LMIC/lmic/lmic_eu_like.o
                0x0800b8a0                LMICeulike_initJoinLoop
 .text.LMICeulike_nextJoinState
                0x0800b938       0xb0 ./Middleware/ThirdParty/LMIC/lmic/lmic_eu_like.o
                0x0800b938                LMICeulike_nextJoinState
 .text.LMICeulike_processJoinAcceptCFList
                0x0800b9e8       0x6c ./Middleware/ThirdParty/LMIC/lmic/lmic_eu_like.o
                0x0800b9e8                LMICeulike_processJoinAcceptCFList
 .text.LMICeulike_saveAdrState
                0x0800ba54       0x30 ./Middleware/ThirdParty/LMIC/lmic/lmic_eu_like.o
                0x0800ba54                LMICeulike_saveAdrState
 .text.LMICeulike_compareAdrState
                0x0800ba84       0x44 ./Middleware/ThirdParty/LMIC/lmic/lmic_eu_like.o
                0x0800ba84                LMICeulike_compareAdrState
 .text.LMICeulike_restoreAdrState
                0x0800bac8       0x30 ./Middleware/ThirdParty/LMIC/lmic/lmic_eu_like.o
                0x0800bac8                LMICeulike_restoreAdrState
 .text.LMICeulike_setRx1Freq
                0x0800baf8       0x34 ./Middleware/ThirdParty/LMIC/lmic/lmic_eu_like.o
                0x0800baf8                LMICeulike_setRx1Freq
 .text.LMICeulike_txDoneFSK
                0x0800bb2c       0x58 ./Middleware/ThirdParty/LMIC/lmic/lmic_eu_like.o
                0x0800bb2c                LMICeulike_txDoneFSK
 .text.os_jobIsTimed
                0x0800bb84       0x22 ./Middleware/ThirdParty/LMIC/lmic/oslmic.o
 *fill*         0x0800bba6        0x2 
 .text.os_init_ex
                0x0800bba8       0x38 ./Middleware/ThirdParty/LMIC/lmic/oslmic.o
                0x0800bba8                os_init_ex
 .text.os_init  0x0800bbe0       0x28 ./Middleware/ThirdParty/LMIC/lmic/oslmic.o
                0x0800bbe0                os_init
 .text.os_getTime
                0x0800bc08        0xe ./Middleware/ThirdParty/LMIC/lmic/oslmic.o
                0x0800bc08                os_getTime
 .text.unlinkjob
                0x0800bc16       0x3e ./Middleware/ThirdParty/LMIC/lmic/oslmic.o
 .text.getJobQueue
                0x0800bc54       0x2c ./Middleware/ThirdParty/LMIC/lmic/oslmic.o
 .text.os_clearCallback
                0x0800bc80       0x28 ./Middleware/ThirdParty/LMIC/lmic/oslmic.o
                0x0800bc80                os_clearCallback
 .text.os_setCallback
                0x0800bca8       0x5c ./Middleware/ThirdParty/LMIC/lmic/oslmic.o
                0x0800bca8                os_setCallback
 .text.os_setIdleJobFunction
                0x0800bd04       0x2e ./Middleware/ThirdParty/LMIC/lmic/oslmic.o
                0x0800bd04                os_setIdleJobFunction
 *fill*         0x0800bd32        0x2 
 .text.os_setTimedCallback
                0x0800bd34       0x80 ./Middleware/ThirdParty/LMIC/lmic/oslmic.o
                0x0800bd34                os_setTimedCallback
 .text.os_runloop_once
                0x0800bdb4       0x78 ./Middleware/ThirdParty/LMIC/lmic/oslmic.o
                0x0800bdb4                os_runloop_once
 .text.table_get_u1
                0x0800be2c       0x1e ./Middleware/ThirdParty/LMIC/lmic/radio_sx127x.o
 .text.table_get_u2
                0x0800be4a       0x20 ./Middleware/ThirdParty/LMIC/lmic/radio_sx127x.o
 .text.getSf    0x0800be6a       0x20 ./Middleware/ThirdParty/LMIC/lmic/radio_sx127x.o
 .text.getBw    0x0800be8a       0x24 ./Middleware/ThirdParty/LMIC/lmic/radio_sx127x.o
 .text.getCr    0x0800beae       0x24 ./Middleware/ThirdParty/LMIC/lmic/radio_sx127x.o
 .text.getNocrc
                0x0800bed2       0x20 ./Middleware/ThirdParty/LMIC/lmic/radio_sx127x.o
 .text.getIh    0x0800bef2       0x1e ./Middleware/ThirdParty/LMIC/lmic/radio_sx127x.o
 .text.LMIC_SecureElement_aes128Encrypt
                0x0800bf10       0x20 ./Middleware/ThirdParty/LMIC/lmic/radio_sx127x.o
 .text.writeReg
                0x0800bf30       0x2a ./Middleware/ThirdParty/LMIC/lmic/radio_sx127x.o
 .text.readReg  0x0800bf5a       0x28 ./Middleware/ThirdParty/LMIC/lmic/radio_sx127x.o
 .text.writeBuf
                0x0800bf82       0x2a ./Middleware/ThirdParty/LMIC/lmic/radio_sx127x.o
 .text.readBuf  0x0800bfac       0x2a ./Middleware/ThirdParty/LMIC/lmic/radio_sx127x.o
 .text.requestModuleActive
                0x0800bfd6       0x32 ./Middleware/ThirdParty/LMIC/lmic/radio_sx127x.o
 .text.writeOpmode
                0x0800c008       0x3c ./Middleware/ThirdParty/LMIC/lmic/radio_sx127x.o
 .text.opmode   0x0800c044       0x32 ./Middleware/ThirdParty/LMIC/lmic/radio_sx127x.o
 *fill*         0x0800c076        0x2 
 .text.opmodeLora
                0x0800c078       0x34 ./Middleware/ThirdParty/LMIC/lmic/radio_sx127x.o
 .text.opmodeFSK
                0x0800c0ac       0x34 ./Middleware/ThirdParty/LMIC/lmic/radio_sx127x.o
 .text.os_radio_isTxActive
                0x0800c0e0       0x26 ./Middleware/ThirdParty/LMIC/lmic/radio_sx127x.o
 .text.os_radio_isRxActive
                0x0800c106       0x26 ./Middleware/ThirdParty/LMIC/lmic/radio_sx127x.o
 .text.radioRq_getNoRxIqInversion
                0x0800c12c       0x28 ./Middleware/ThirdParty/LMIC/lmic/radio_sx127x.o
 .text.radio_complete
                0x0800c154       0x48 ./Middleware/ThirdParty/LMIC/lmic/radio_sx127x.o
 .text.configLoraModem
                0x0800c19c      0x1dc ./Middleware/ThirdParty/LMIC/lmic/radio_sx127x.o
 .text.configChannel
                0x0800c378       0x7c ./Middleware/ThirdParty/LMIC/lmic/radio_sx127x.o
 .text.configPower
                0x0800c3f4      0x15c ./Middleware/ThirdParty/LMIC/lmic/radio_sx127x.o
 .text.setupFskRxTx
                0x0800c550       0x6e ./Middleware/ThirdParty/LMIC/lmic/radio_sx127x.o
 *fill*         0x0800c5be        0x2 
 .text.txfsk    0x0800c5c0       0xcc ./Middleware/ThirdParty/LMIC/lmic/radio_sx127x.o
 .text.txlora   0x0800c68c       0xec ./Middleware/ThirdParty/LMIC/lmic/radio_sx127x.o
 .text.starttx  0x0800c778       0x84 ./Middleware/ThirdParty/LMIC/lmic/radio_sx127x.o
 .text.rxlate   0x0800c7fc       0x40 ./Middleware/ThirdParty/LMIC/lmic/radio_sx127x.o
 .text.rxlora   0x0800c83c      0x180 ./Middleware/ThirdParty/LMIC/lmic/radio_sx127x.o
 .text.rxfsk    0x0800c9bc       0xc0 ./Middleware/ThirdParty/LMIC/lmic/radio_sx127x.o
 .text.startrx  0x0800ca7c       0x58 ./Middleware/ThirdParty/LMIC/lmic/radio_sx127x.o
 .text.radio_init
                0x0800cad4      0x118 ./Middleware/ThirdParty/LMIC/lmic/radio_sx127x.o
                0x0800cad4                radio_init
 .text.radio_rand1
                0x0800cbec       0x74 ./Middleware/ThirdParty/LMIC/lmic/radio_sx127x.o
                0x0800cbec                radio_rand1
 .text.radio_monitor_rssi
                0x0800cc60      0x120 ./Middleware/ThirdParty/LMIC/lmic/radio_sx127x.o
                0x0800cc60                radio_monitor_rssi
 .text.radio_irq_handler_v2
                0x0800cd80      0x2e0 ./Middleware/ThirdParty/LMIC/lmic/radio_sx127x.o
                0x0800cd80                radio_irq_handler_v2
 .text.os_radio_reset
                0x0800d060       0x40 ./Middleware/ThirdParty/LMIC/lmic/radio_sx127x.o
 .text.os_radio
                0x0800d0a0       0x8c ./Middleware/ThirdParty/LMIC/lmic/radio_sx127x.o
                0x0800d0a0                os_radio
 .text.os_radio_v2
                0x0800d12c       0xd4 ./Middleware/ThirdParty/LMIC/lmic/radio_sx127x.o
                0x0800d12c                os_radio_v2
 .text.os_getRadioRxRampup
                0x0800d200       0x12 ./Middleware/ThirdParty/LMIC/lmic/radio_sx127x.o
                0x0800d200                os_getRadioRxRampup
 .text.os_aes   0x0800d212       0x26 ./Middleware/ThirdParty/LMIC/se/drivers/default/lmic_se_default.o
 .text.LMIC_SecureElement_DefaultI_GetNwkSKeyRef
                0x0800d238       0x14 ./Middleware/ThirdParty/LMIC/se/drivers/default/lmic_se_default.o
 .text.LMIC_SecureElement_DefaultI_GetAppSKeyRef
                0x0800d24c       0x14 ./Middleware/ThirdParty/LMIC/se/drivers/default/lmic_se_default.o
 .text.appKeyToAESkey
                0x0800d260       0x20 ./Middleware/ThirdParty/LMIC/se/drivers/default/lmic_se_default.o
 .text.LMIC_SecureElement_Default_initialize
                0x0800d280       0x10 ./Middleware/ThirdParty/LMIC/se/drivers/default/lmic_se_default.o
                0x0800d280                LMIC_SecureElement_Default_initialize
 .text.LMIC_SecureElement_Default_setDevEUI
                0x0800d290       0x24 ./Middleware/ThirdParty/LMIC/se/drivers/default/lmic_se_default.o
                0x0800d290                LMIC_SecureElement_Default_setDevEUI
 .text.LMIC_SecureElement_Default_setAppEUI
                0x0800d2b4       0x24 ./Middleware/ThirdParty/LMIC/se/drivers/default/lmic_se_default.o
                0x0800d2b4                LMIC_SecureElement_Default_setAppEUI
 .text.LMIC_SecureElement_Default_setAppKey
                0x0800d2d8       0x28 ./Middleware/ThirdParty/LMIC/se/drivers/default/lmic_se_default.o
                0x0800d2d8                LMIC_SecureElement_Default_setAppKey
 .text.micB0    0x0800d300       0x68 ./Middleware/ThirdParty/LMIC/se/drivers/default/lmic_se_default.o
 .text.aes_verifyMic
                0x0800d368       0x58 ./Middleware/ThirdParty/LMIC/se/drivers/default/lmic_se_default.o
 .text.LMIC_SecureElement_Default_verifyMIC
                0x0800d3c0       0x4c ./Middleware/ThirdParty/LMIC/se/drivers/default/lmic_se_default.o
                0x0800d3c0                LMIC_SecureElement_Default_verifyMIC
 .text.aes_appendMic
                0x0800d40c       0x50 ./Middleware/ThirdParty/LMIC/se/drivers/default/lmic_se_default.o
 .text.aes_cipher
                0x0800d45c       0x88 ./Middleware/ThirdParty/LMIC/se/drivers/default/lmic_se_default.o
 .text.LMIC_SecureElement_Default_encodeMessage
                0x0800d4e4       0xb8 ./Middleware/ThirdParty/LMIC/se/drivers/default/lmic_se_default.o
                0x0800d4e4                LMIC_SecureElement_Default_encodeMessage
 .text.LMIC_SecureElement_Default_decodeMessage
                0x0800d59c       0xa6 ./Middleware/ThirdParty/LMIC/se/drivers/default/lmic_se_default.o
                0x0800d59c                LMIC_SecureElement_Default_decodeMessage
 .text.aes_appendMic0
                0x0800d642       0x34 ./Middleware/ThirdParty/LMIC/se/drivers/default/lmic_se_default.o
 *fill*         0x0800d676        0x2 
 .text.LMIC_SecureElement_Default_createJoinRequest
                0x0800d678       0x84 ./Middleware/ThirdParty/LMIC/se/drivers/default/lmic_se_default.o
                0x0800d678                LMIC_SecureElement_Default_createJoinRequest
 .text.aes_verifyMic0
                0x0800d6fc       0x3e ./Middleware/ThirdParty/LMIC/se/drivers/default/lmic_se_default.o
 .text.aes_encrypt
                0x0800d73a       0x24 ./Middleware/ThirdParty/LMIC/se/drivers/default/lmic_se_default.o
 .text.aes_sessKeys
                0x0800d75e       0x70 ./Middleware/ThirdParty/LMIC/se/drivers/default/lmic_se_default.o
 *fill*         0x0800d7ce        0x2 
 .text.LMIC_SecureElement_Default_decodeJoinAccept
                0x0800d7d0       0x8c ./Middleware/ThirdParty/LMIC/se/drivers/default/lmic_se_default.o
                0x0800d7d0                LMIC_SecureElement_Default_decodeJoinAccept
 .text.LMIC_SecureElement_Default_aes128Encrypt
                0x0800d85c       0x40 ./Middleware/ThirdParty/LMIC/se/drivers/default/lmic_se_default.o
                0x0800d85c                LMIC_SecureElement_Default_aes128Encrypt
 .text.rand     0x0800d89c       0x7c D:/STM32/STM32CubeIde/STM32CubeIDE_2.0.0/STM32CubeIDE/plugins/com.st.stm32cube.ide.mcu.externaltools.gnu-tools-for-stm32.13.3.rel1.win32_1.0.100.202509120712/tools/bin/../lib/gcc/arm-none-eabi/13.3.1/../../../../arm-none-eabi/lib/thumb/v7e-m+fp/hard\libc_nano.a(libc_a-rand.o)
                0x0800d89c                rand
 .text.__cvt    0x0800d918       0xca D:/STM32/STM32CubeIde/STM32CubeIDE_2.0.0/STM32CubeIDE/plugins/com.st.stm32cube.ide.mcu.externaltools.gnu-tools-for-stm32.13.3.rel1.win32_1.0.100.202509120712/tools/bin/../lib/gcc/arm-none-eabi/13.3.1/../../../../arm-none-eabi/lib/thumb/v7e-m+fp/hard\libc_nano.a(libc_a-nano-vfprintf_float.o)
                0x0800d918                __cvt
 .text.__exponent
                0x0800d9e2       0x74 D:/STM32/STM32CubeIde/STM32CubeIDE_2.0.0/STM32CubeIDE/plugins/com.st.stm32cube.ide.mcu.externaltools.gnu-tools-for-stm32.13.3.rel1.win32_1.0.100.202509120712/tools/bin/../lib/gcc/arm-none-eabi/13.3.1/../../../../arm-none-eabi/lib/thumb/v7e-m+fp/hard\libc_nano.a(libc_a-nano-vfprintf_float.o)
                0x0800d9e2                __exponent
 *fill*         0x0800da56        0x2 
 .text._printf_float
                0x0800da58      0x454 D:/STM32/STM32CubeIde/STM32CubeIDE_2.0.0/STM32CubeIDE/plugins/com.st.stm32cube.ide.mcu.externaltools.gnu-tools-for-stm32.13.3.rel1.win32_1.0.100.202509120712/tools/bin/../lib/gcc/arm-none-eabi/13.3.1/../../../../arm-none-eabi/lib/thumb/v7e-m+fp/hard\libc_nano.a(libc_a-nano-vfprintf_float.o)
                0x0800da58                _printf_float
 .text._printf_common
                0x0800deac       0xda D:/STM32/STM32CubeIde/STM32CubeIDE_2.0.0/STM32CubeIDE/plugins/com.st.stm32cube.ide.mcu.externaltools.gnu-tools-for-stm32.13.3.rel1.win32_1.0.100.202509120712/tools/bin/../lib/gcc/arm-none-eabi/13.3.1/../../../../arm-none-eabi/lib/thumb/v7e-m+fp/hard\libc_nano.a(libc_a-nano-vfprintf_i.o)
                0x0800deac                _printf_common
 *fill*         0x0800df86        0x2 
 .text._printf_i
                0x0800df88      0x23c D:/STM32/STM32CubeIde/STM32CubeIDE_2.0.0/STM32CubeIDE/plugins/com.st.stm32cube.ide.mcu.externaltools.gnu-tools-for-stm32.13.3.rel1.win32_1.0.100.202509120712/tools/bin/../lib/gcc/arm-none-eabi/13.3.1/../../../../arm-none-eabi/lib/thumb/v7e-m+fp/hard\libc_nano.a(libc_a-nano-vfprintf_i.o)
                0x0800df88                _printf_i
 .text._scanf_float
                0x0800e1c4      0x41c D:/STM32/STM32CubeIde/STM32CubeIDE_2.0.0/STM32CubeIDE/plugins/com.st.stm32cube.ide.mcu.externaltools.gnu-tools-for-stm32.13.3.rel1.win32_1.0.100.202509120712/tools/bin/../lib/gcc/arm-none-eabi/13.3.1/../../../../arm-none-eabi/lib/thumb/v7e-m+fp/hard\libc_nano.a(libc_a-nano-vfscanf_float.o)
                0x0800e1c4                _scanf_float
 .text.std      0x0800e5e0       0x6c D:/STM32/STM32CubeIde/STM32CubeIDE_2.0.0/STM32CubeIDE/plugins/com.st.stm32cube.ide.mcu.externaltools.gnu-tools-for-stm32.13.3.rel1.win32_1.0.100.202509120712/tools/bin/../lib/gcc/arm-none-eabi/13.3.1/../../../../arm-none-eabi/lib/thumb/v7e-m+fp/hard\libc_nano.a(libc_a-findfp.o)
 .text.stdio_exit_handler
                0x0800e64c       0x18 D:/STM32/STM32CubeIde/STM32CubeIDE_2.0.0/STM32CubeIDE/plugins/com.st.stm32cube.ide.mcu.externaltools.gnu-tools-for-stm32.13.3.rel1.win32_1.0.100.202509120712/tools/bin/../lib/gcc/arm-none-eabi/13.3.1/../../../../arm-none-eabi/lib/thumb/v7e-m+fp/hard\libc_nano.a(libc_a-findfp.o)
 .text.cleanup_stdio
                0x0800e664       0x40 D:/STM32/STM32CubeIde/STM32CubeIDE_2.0.0/STM32CubeIDE/plugins/com.st.stm32cube.ide.mcu.externaltools.gnu-tools-for-stm32.13.3.rel1.win32_1.0.100.202509120712/tools/bin/../lib/gcc/arm-none-eabi/13.3.1/../../../../arm-none-eabi/lib/thumb/v7e-m+fp/hard\libc_nano.a(libc_a-findfp.o)
 .text.global_stdio_init.part.0
                0x0800e6a4       0x3c D:/STM32/STM32CubeIde/STM32CubeIDE_2.0.0/STM32CubeIDE/plugins/com.st.stm32cube.ide.mcu.externaltools.gnu-tools-for-stm32.13.3.rel1.win32_1.0.100.202509120712/tools/bin/../lib/gcc/arm-none-eabi/13.3.1/../../../../arm-none-eabi/lib/thumb/v7e-m+fp/hard\libc_nano.a(libc_a-findfp.o)
 .text.__sfp_lock_acquire
                0x0800e6e0        0xc D:/STM32/STM32CubeIde/STM32CubeIDE_2.0.0/STM32CubeIDE/plugins/com.st.stm32cube.ide.mcu.externaltools.gnu-tools-for-stm32.13.3.rel1.win32_1.0.100.202509120712/tools/bin/../lib/gcc/arm-none-eabi/13.3.1/../../../../arm-none-eabi/lib/thumb/v7e-m+fp/hard\libc_nano.a(libc_a-findfp.o)
                0x0800e6e0                __sfp_lock_acquire
 .text.__sfp_lock_release
                0x0800e6ec        0xc D:/STM32/STM32CubeIde/STM32CubeIDE_2.0.0/STM32CubeIDE/plugins/com.st.stm32cube.ide.mcu.externaltools.gnu-tools-for-stm32.13.3.rel1.win32_1.0.100.202509120712/tools/bin/../lib/gcc/arm-none-eabi/13.3.1/../../../../arm-none-eabi/lib/thumb/v7e-m+fp/hard\libc_nano.a(libc_a-findfp.o)
                0x0800e6ec                __sfp_lock_release
 .text.__sinit  0x0800e6f8       0x30 D:/STM32/STM32CubeIde/STM32CubeIDE_2.0.0/STM32CubeIDE/plugins/com.st.stm32cube.ide.mcu.externaltools.gnu-tools-for-stm32.13.3.rel1.win32_1.0.100.202509120712/tools/bin/../lib/gcc/arm-none-eabi/13.3.1/../../../../arm-none-eabi/lib/thumb/v7e-m+fp/hard\libc_nano.a(libc_a-findfp.o)
                0x0800e6f8                __sinit
 .text._fwalk_sglue
                0x0800e728       0x3c D:/STM32/STM32CubeIde/STM32CubeIDE_2.0.0/STM32CubeIDE/plugins/com.st.stm32cube.ide.mcu.externaltools.gnu-tools-for-stm32.13.3.rel1.win32_1.0.100.202509120712/tools/bin/../lib/gcc/arm-none-eabi/13.3.1/../../../../arm-none-eabi/lib/thumb/v7e-m+fp/hard\libc_nano.a(libc_a-fwalk.o)
                0x0800e728                _fwalk_sglue
 .text.printf   0x0800e764       0x24 D:/STM32/STM32CubeIde/STM32CubeIDE_2.0.0/STM32CubeIDE/plugins/com.st.stm32cube.ide.mcu.externaltools.gnu-tools-for-stm32.13.3.rel1.win32_1.0.100.202509120712/tools/bin/../lib/gcc/arm-none-eabi/13.3.1/../../../../arm-none-eabi/lib/thumb/v7e-m+fp/hard\libc_nano.a(libc_a-printf.o)
                0x0800e764                iprintf
                0x0800e764                printf
 .text._puts_r  0x0800e788       0xaa D:/STM32/STM32CubeIde/STM32CubeIDE_2.0.0/STM32CubeIDE/plugins/com.st.stm32cube.ide.mcu.externaltools.gnu-tools-for-stm32.13.3.rel1.win32_1.0.100.202509120712/tools/bin/../lib/gcc/arm-none-eabi/13.3.1/../../../../arm-none-eabi/lib/thumb/v7e-m+fp/hard\libc_nano.a(libc_a-puts.o)
                0x0800e788                _puts_r
 *fill*         0x0800e832        0x2 
 .text.puts     0x0800e834       0x10 D:/STM32/STM32CubeIde/STM32CubeIDE_2.0.0/STM32CubeIDE/plugins/com.st.stm32cube.ide.mcu.externaltools.gnu-tools-for-stm32.13.3.rel1.win32_1.0.100.202509120712/tools/bin/../lib/gcc/arm-none-eabi/13.3.1/../../../../arm-none-eabi/lib/thumb/v7e-m+fp/hard\libc_nano.a(libc_a-puts.o)
                0x0800e834                puts
 .text.sprintf  0x0800e844       0x44 D:/STM32/STM32CubeIde/STM32CubeIDE_2.0.0/STM32CubeIDE/plugins/com.st.stm32cube.ide.mcu.externaltools.gnu-tools-for-stm32.13.3.rel1.win32_1.0.100.202509120712/tools/bin/../lib/gcc/arm-none-eabi/13.3.1/../../../../arm-none-eabi/lib/thumb/v7e-m+fp/hard\libc_nano.a(libc_a-sprintf.o)
                0x0800e844                siprintf
                0x0800e844                sprintf
 .text.sscanf   0x0800e888       0x58 D:/STM32/STM32CubeIde/STM32CubeIDE_2.0.0/STM32CubeIDE/plugins/com.st.stm32cube.ide.mcu.externaltools.gnu-tools-for-stm32.13.3.rel1.win32_1.0.100.202509120712/tools/bin/../lib/gcc/arm-none-eabi/13.3.1/../../../../arm-none-eabi/lib/thumb/v7e-m+fp/hard\libc_nano.a(libc_a-sscanf.o)
                0x0800e888                siscanf
                0x0800e888                sscanf
 .text.__sread  0x0800e8e0       0x22 D:/STM32/STM32CubeIde/STM32CubeIDE_2.0.0/STM32CubeIDE/plugins/com.st.stm32cube.ide.mcu.externaltools.gnu-tools-for-stm32.13.3.rel1.win32_1.0.100.202509120712/tools/bin/../lib/gcc/arm-none-eabi/13.3.1/../../../../arm-none-eabi/lib/thumb/v7e-m+fp/hard\libc_nano.a(libc_a-stdio.o)
                0x0800e8e0                __sread
 .text.__seofread
                0x0800e902        0x4 D:/STM32/STM32CubeIde/STM32CubeIDE_2.0.0/STM32CubeIDE/plugins/com.st.stm32cube.ide.mcu.externaltools.gnu-tools-for-stm32.13.3.rel1.win32_1.0.100.202509120712/tools/bin/../lib/gcc/arm-none-eabi/13.3.1/../../../../arm-none-eabi/lib/thumb/v7e-m+fp/hard\libc_nano.a(libc_a-stdio.o)
                0x0800e902                __seofread
 .text.__swrite
                0x0800e906       0x38 D:/STM32/STM32CubeIde/STM32CubeIDE_2.0.0/STM32CubeIDE/plugins/com.st.stm32cube.ide.mcu.externaltools.gnu-tools-for-stm32.13.3.rel1.win32_1.0.100.202509120712/tools/bin/../lib/gcc/arm-none-eabi/13.3.1/../../../../arm-none-eabi/lib/thumb/v7e-m+fp/hard\libc_nano.a(libc_a-stdio.o)
                0x0800e906                __swrite
 .text.__sseek  0x0800e93e       0x24 D:/STM32/STM32CubeIde/STM32CubeIDE_2.0.0/STM32CubeIDE/plugins/com.st.stm32cube.ide.mcu.externaltools.gnu-tools-for-stm32.13.3.rel1.win32_1.0.100.202509120712/tools/bin/../lib/gcc/arm-none-eabi/13.3.1/../../../../arm-none-eabi/lib/thumb/v7e-m+fp/hard\libc_nano.a(libc_a-stdio.o)
                0x0800e93e                __sseek
 .text.__sclose
                0x0800e962        0x8 D:/STM32/STM32CubeIde/STM32CubeIDE_2.0.0/STM32CubeIDE/plugins/com.st.stm32cube.ide.mcu.externaltools.gnu-tools-for-stm32.13.3.rel1.win32_1.0.100.202509120712/tools/bin/../lib/gcc/arm-none-eabi/13.3.1/../../../../arm-none-eabi/lib/thumb/v7e-m+fp/hard\libc_nano.a(libc_a-stdio.o)
                0x0800e962                __sclose
 .text.__swbuf_r
                0x0800e96a       0x7c D:/STM32/STM32CubeIde/STM32CubeIDE_2.0.0/STM32CubeIDE/plugins/com.st.stm32cube.ide.mcu.externaltools.gnu-tools-for-stm32.13.3.rel1.win32_1.0.100.202509120712/tools/bin/../lib/gcc/arm-none-eabi/13.3.1/../../../../arm-none-eabi/lib/thumb/v7e-m+fp/hard\libc_nano.a(libc_a-wbuf.o)
                0x0800e96a                __swbuf_r
 *fill*         0x0800e9e6        0x2 
 .text.__swsetup_r
                0x0800e9e8       0xac D:/STM32/STM32CubeIde/STM32CubeIDE_2.0.0/STM32CubeIDE/plugins/com.st.stm32cube.ide.mcu.externaltools.gnu-tools-for-stm32.13.3.rel1.win32_1.0.100.202509120712/tools/bin/../lib/gcc/arm-none-eabi/13.3.1/../../../../arm-none-eabi/lib/thumb/v7e-m+fp/hard\libc_nano.a(libc_a-wsetup.o)
                0x0800e9e8                __swsetup_r
 .text.memcmp   0x0800ea94       0x20 D:/STM32/STM32CubeIde/STM32CubeIDE_2.0.0/STM32CubeIDE/plugins/com.st.stm32cube.ide.mcu.externaltools.gnu-tools-for-stm32.13.3.rel1.win32_1.0.100.202509120712/tools/bin/../lib/gcc/arm-none-eabi/13.3.1/../../../../arm-none-eabi/lib/thumb/v7e-m+fp/hard\libc_nano.a(libc_a-memcmp.o)
                0x0800ea94                memcmp
 .text.memset   0x0800eab4       0x10 D:/STM32/STM32CubeIde/STM32CubeIDE_2.0.0/STM32CubeIDE/plugins/com.st.stm32cube.ide.mcu.externaltools.gnu-tools-for-stm32.13.3.rel1.win32_1.0.100.202509120712/tools/bin/../lib/gcc/arm-none-eabi/13.3.1/../../../../arm-none-eabi/lib/thumb/v7e-m+fp/hard\libc_nano.a(libc_a-memset.o)
                0x0800eab4                memset
 .text.strncmp  0x0800eac4       0x24 D:/STM32/STM32CubeIde/STM32CubeIDE_2.0.0/STM32CubeIDE/plugins/com.st.stm32cube.ide.mcu.externaltools.gnu-tools-for-stm32.13.3.rel1.win32_1.0.100.202509120712/tools/bin/../lib/gcc/arm-none-eabi/13.3.1/../../../../arm-none-eabi/lib/thumb/v7e-m+fp/hard\libc_nano.a(libc_a-strncmp.o)
                0x0800eac4                strncmp
 .text._localeconv_r
                0x0800eae8        0x8 D:/STM32/STM32CubeIde/STM32CubeIDE_2.0.0/STM32CubeIDE/plugins/com.st.stm32cube.ide.mcu.externaltools.gnu-tools-for-stm32.13.3.rel1.win32_1.0.100.202509120712/tools/bin/../lib/gcc/arm-none-eabi/13.3.1/../../../../arm-none-eabi/lib/thumb/v7e-m+fp/hard\libc_nano.a(libc_a-localeconv.o)
                0x0800eae8                _localeconv_r
 .text._close_r
                0x0800eaf0       0x20 D:/STM32/STM32CubeIde/STM32CubeIDE_2.0.0/STM32CubeIDE/plugins/com.st.stm32cube.ide.mcu.externaltools.gnu-tools-for-stm32.13.3.rel1.win32_1.0.100.202509120712/tools/bin/../lib/gcc/arm-none-eabi/13.3.1/../../../../arm-none-eabi/lib/thumb/v7e-m+fp/hard\libc_nano.a(libc_a-closer.o)
                0x0800eaf0                _close_r
 .text._lseek_r
                0x0800eb10       0x24 D:/STM32/STM32CubeIde/STM32CubeIDE_2.0.0/STM32CubeIDE/plugins/com.st.stm32cube.ide.mcu.externaltools.gnu-tools-for-stm32.13.3.rel1.win32_1.0.100.202509120712/tools/bin/../lib/gcc/arm-none-eabi/13.3.1/../../../../arm-none-eabi/lib/thumb/v7e-m+fp/hard\libc_nano.a(libc_a-lseekr.o)
                0x0800eb10                _lseek_r
 .text._read_r  0x0800eb34       0x24 D:/STM32/STM32CubeIde/STM32CubeIDE_2.0.0/STM32CubeIDE/plugins/com.st.stm32cube.ide.mcu.externaltools.gnu-tools-for-stm32.13.3.rel1.win32_1.0.100.202509120712/tools/bin/../lib/gcc/arm-none-eabi/13.3.1/../../../../arm-none-eabi/lib/thumb/v7e-m+fp/hard\libc_nano.a(libc_a-readr.o)
                0x0800eb34                _read_r
 .text._write_r
                0x0800eb58       0x24 D:/STM32/STM32CubeIde/STM32CubeIDE_2.0.0/STM32CubeIDE/plugins/com.st.stm32cube.ide.mcu.externaltools.gnu-tools-for-stm32.13.3.rel1.win32_1.0.100.202509120712/tools/bin/../lib/gcc/arm-none-eabi/13.3.1/../../../../arm-none-eabi/lib/thumb/v7e-m+fp/hard\libc_nano.a(libc_a-writer.o)
                0x0800eb58                _write_r
 .text.__errno  0x0800eb7c        0xc D:/STM32/STM32CubeIde/STM32CubeIDE_2.0.0/STM32CubeIDE/plugins/com.st.stm32cube.ide.mcu.externaltools.gnu-tools-for-stm32.13.3.rel1.win32_1.0.100.202509120712/tools/bin/../lib/gcc/arm-none-eabi/13.3.1/../../../../arm-none-eabi/lib/thumb/v7e-m+fp/hard\libc_nano.a(libc_a-errno.o)
                0x0800eb7c                __errno
 .text.__libc_init_array
                0x0800eb88       0x48 D:/STM32/STM32CubeIde/STM32CubeIDE_2.0.0/STM32CubeIDE/plugins/com.st.stm32cube.ide.mcu.externaltools.gnu-tools-for-stm32.13.3.rel1.win32_1.0.100.202509120712/tools/bin/../lib/gcc/arm-none-eabi/13.3.1/../../../../arm-none-eabi/lib/thumb/v7e-m+fp/hard\libc_nano.a(libc_a-init.o)
                0x0800eb88                __libc_init_array
 .text.__retarget_lock_init_recursive
                0x0800ebd0        0x2 D:/STM32/STM32CubeIde/STM32CubeIDE_2.0.0/STM32CubeIDE/plugins/com.st.stm32cube.ide.mcu.externaltools.gnu-tools-for-stm32.13.3.rel1.win32_1.0.100.202509120712/tools/bin/../lib/gcc/arm-none-eabi/13.3.1/../../../../arm-none-eabi/lib/thumb/v7e-m+fp/hard\libc_nano.a(libc_a-lock.o)
                0x0800ebd0                __retarget_lock_init_recursive
 .text.__retarget_lock_acquire_recursive
                0x0800ebd2        0x2 D:/STM32/STM32CubeIde/STM32CubeIDE_2.0.0/STM32CubeIDE/plugins/com.st.stm32cube.ide.mcu.externaltools.gnu-tools-for-stm32.13.3.rel1.win32_1.0.100.202509120712/tools/bin/../lib/gcc/arm-none-eabi/13.3.1/../../../../arm-none-eabi/lib/thumb/v7e-m+fp/hard\libc_nano.a(libc_a-lock.o)
                0x0800ebd2                __retarget_lock_acquire_recursive
 .text.__retarget_lock_release_recursive
                0x0800ebd4        0x2 D:/STM32/STM32CubeIde/STM32CubeIDE_2.0.0/STM32CubeIDE/plugins/com.st.stm32cube.ide.mcu.externaltools.gnu-tools-for-stm32.13.3.rel1.win32_1.0.100.202509120712/tools/bin/../lib/gcc/arm-none-eabi/13.3.1/../../../../arm-none-eabi/lib/thumb/v7e-m+fp/hard\libc_nano.a(libc_a-lock.o)
                0x0800ebd4                __retarget_lock_release_recursive
 .text.memcpy   0x0800ebd6       0x1c D:/STM32/STM32CubeIde/STM32CubeIDE_2.0.0/STM32CubeIDE/plugins/com.st.stm32cube.ide.mcu.externaltools.gnu-tools-for-stm32.13.3.rel1.win32_1.0.100.202509120712/tools/bin/../lib/gcc/arm-none-eabi/13.3.1/../../../../arm-none-eabi/lib/thumb/v7e-m+fp/hard\libc_nano.a(libc_a-memcpy-stub.o)
                0x0800ebd6                memcpy
 *fill*         0x0800ebf2        0x2 
 .text.nanf     0x0800ebf4        0xc D:/STM32/STM32CubeIde/STM32CubeIDE_2.0.0/STM32CubeIDE/plugins/com.st.stm32cube.ide.mcu.externaltools.gnu-tools-for-stm32.13.3.rel1.win32_1.0.100.202509120712/tools/bin/../lib/gcc/arm-none-eabi/13.3.1/../../../../arm-none-eabi/lib/thumb/v7e-m+fp/hard\libc_nano.a(libm_a-sf_nan.o)
                0x0800ebf4                nanf
 .text.__assert_func
                0x0800ec00       0x3c D:/STM32/STM32CubeIde/STM32CubeIDE_2.0.0/STM32CubeIDE/plugins/com.st.stm32cube.ide.mcu.externaltools.gnu-tools-for-stm32.13.3.rel1.win32_1.0.100.202509120712/tools/bin/../lib/gcc/arm-none-eabi/13.3.1/../../../../arm-none-eabi/lib/thumb/v7e-m+fp/hard\libc_nano.a(libc_a-assert.o)
                0x0800ec00                __assert_func
 .text.quorem   0x0800ec3c      0x110 D:/STM32/STM32CubeIde/STM32CubeIDE_2.0.0/STM32CubeIDE/plugins/com.st.stm32cube.ide.mcu.externaltools.gnu-tools-for-stm32.13.3.rel1.win32_1.0.100.202509120712/tools/bin/../lib/gcc/arm-none-eabi/13.3.1/../../../../arm-none-eabi/lib/thumb/v7e-m+fp/hard\libc_nano.a(libc_a-dtoa.o)
 *fill*         0x0800ed4c        0x4 
 .text._dtoa_r  0x0800ed50      0xba0 D:/STM32/STM32CubeIde/STM32CubeIDE_2.0.0/STM32CubeIDE/plugins/com.st.stm32cube.ide.mcu.externaltools.gnu-tools-for-stm32.13.3.rel1.win32_1.0.100.202509120712/tools/bin/../lib/gcc/arm-none-eabi/13.3.1/../../../../arm-none-eabi/lib/thumb/v7e-m+fp/hard\libc_nano.a(libc_a-dtoa.o)
                0x0800ed50                _dtoa_r
 .text._free_r  0x0800f8f0       0x94 D:/STM32/STM32CubeIde/STM32CubeIDE_2.0.0/STM32CubeIDE/plugins/com.st.stm32cube.ide.mcu.externaltools.gnu-tools-for-stm32.13.3.rel1.win32_1.0.100.202509120712/tools/bin/../lib/gcc/arm-none-eabi/13.3.1/../../../../arm-none-eabi/lib/thumb/v7e-m+fp/hard\libc_nano.a(libc_a-freer.o)
                0x0800f8f0                _free_r
 .text.malloc   0x0800f984       0x10 D:/STM32/STM32CubeIde/STM32CubeIDE_2.0.0/STM32CubeIDE/plugins/com.st.stm32cube.ide.mcu.externaltools.gnu-tools-for-stm32.13.3.rel1.win32_1.0.100.202509120712/tools/bin/../lib/gcc/arm-none-eabi/13.3.1/../../../../arm-none-eabi/lib/thumb/v7e-m+fp/hard\libc_nano.a(libc_a-malloc.o)
                0x0800f984                malloc
 .text.sbrk_aligned
                0x0800f994       0x44 D:/STM32/STM32CubeIde/STM32CubeIDE_2.0.0/STM32CubeIDE/plugins/com.st.stm32cube.ide.mcu.externaltools.gnu-tools-for-stm32.13.3.rel1.win32_1.0.100.202509120712/tools/bin/../lib/gcc/arm-none-eabi/13.3.1/../../../../arm-none-eabi/lib/thumb/v7e-m+fp/hard\libc_nano.a(libc_a-mallocr.o)
 .text._malloc_r
                0x0800f9d8      0x100 D:/STM32/STM32CubeIde/STM32CubeIDE_2.0.0/STM32CubeIDE/plugins/com.st.stm32cube.ide.mcu.externaltools.gnu-tools-for-stm32.13.3.rel1.win32_1.0.100.202509120712/tools/bin/../lib/gcc/arm-none-eabi/13.3.1/../../../../arm-none-eabi/lib/thumb/v7e-m+fp/hard\libc_nano.a(libc_a-mallocr.o)
                0x0800f9d8                _malloc_r
 .text.__malloc_lock
                0x0800fad8        0xc D:/STM32/STM32CubeIde/STM32CubeIDE_2.0.0/STM32CubeIDE/plugins/com.st.stm32cube.ide.mcu.externaltools.gnu-tools-for-stm32.13.3.rel1.win32_1.0.100.202509120712/tools/bin/../lib/gcc/arm-none-eabi/13.3.1/../../../../arm-none-eabi/lib/thumb/v7e-m+fp/hard\libc_nano.a(libc_a-mlock.o)
                0x0800fad8                __malloc_lock
 .text.__malloc_unlock
                0x0800fae4        0xc D:/STM32/STM32CubeIde/STM32CubeIDE_2.0.0/STM32CubeIDE/plugins/com.st.stm32cube.ide.mcu.externaltools.gnu-tools-for-stm32.13.3.rel1.win32_1.0.100.202509120712/tools/bin/../lib/gcc/arm-none-eabi/13.3.1/../../../../arm-none-eabi/lib/thumb/v7e-m+fp/hard\libc_nano.a(libc_a-mlock.o)
                0x0800fae4                __malloc_unlock
 .text._Balloc  0x0800faf0       0x80 D:/STM32/STM32CubeIde/STM32CubeIDE_2.0.0/STM32CubeIDE/plugins/com.st.stm32cube.ide.mcu.externaltools.gnu-tools-for-stm32.13.3.rel1.win32_1.0.100.202509120712/tools/bin/../lib/gcc/arm-none-eabi/13.3.1/../../../../arm-none-eabi/lib/thumb/v7e-m+fp/hard\libc_nano.a(libc_a-mprec.o)
                0x0800faf0                _Balloc
 .text._Bfree   0x0800fb70       0x44 D:/STM32/STM32CubeIde/STM32CubeIDE_2.0.0/STM32CubeIDE/plugins/com.st.stm32cube.ide.mcu.externaltools.gnu-tools-for-stm32.13.3.rel1.win32_1.0.100.202509120712/tools/bin/../lib/gcc/arm-none-eabi/13.3.1/../../../../arm-none-eabi/lib/thumb/v7e-m+fp/hard\libc_nano.a(libc_a-mprec.o)
                0x0800fb70                _Bfree
 .text.__multadd
                0x0800fbb4       0x8c D:/STM32/STM32CubeIde/STM32CubeIDE_2.0.0/STM32CubeIDE/plugins/com.st.stm32cube.ide.mcu.externaltools.gnu-tools-for-stm32.13.3.rel1.win32_1.0.100.202509120712/tools/bin/../lib/gcc/arm-none-eabi/13.3.1/../../../../arm-none-eabi/lib/thumb/v7e-m+fp/hard\libc_nano.a(libc_a-mprec.o)
                0x0800fbb4                __multadd
 .text.__s2b    0x0800fc40       0x94 D:/STM32/STM32CubeIde/STM32CubeIDE_2.0.0/STM32CubeIDE/plugins/com.st.stm32cube.ide.mcu.externaltools.gnu-tools-for-stm32.13.3.rel1.win32_1.0.100.202509120712/tools/bin/../lib/gcc/arm-none-eabi/13.3.1/../../../../arm-none-eabi/lib/thumb/v7e-m+fp/hard\libc_nano.a(libc_a-mprec.o)
                0x0800fc40                __s2b
 .text.__hi0bits
                0x0800fcd4       0x3e D:/STM32/STM32CubeIde/STM32CubeIDE_2.0.0/STM32CubeIDE/plugins/com.st.stm32cube.ide.mcu.externaltools.gnu-tools-for-stm32.13.3.rel1.win32_1.0.100.202509120712/tools/bin/../lib/gcc/arm-none-eabi/13.3.1/../../../../arm-none-eabi/lib/thumb/v7e-m+fp/hard\libc_nano.a(libc_a-mprec.o)
                0x0800fcd4                __hi0bits
 .text.__lo0bits
                0x0800fd12       0x5a D:/STM32/STM32CubeIde/STM32CubeIDE_2.0.0/STM32CubeIDE/plugins/com.st.stm32cube.ide.mcu.externaltools.gnu-tools-for-stm32.13.3.rel1.win32_1.0.100.202509120712/tools/bin/../lib/gcc/arm-none-eabi/13.3.1/../../../../arm-none-eabi/lib/thumb/v7e-m+fp/hard\libc_nano.a(libc_a-mprec.o)
                0x0800fd12                __lo0bits
 .text.__i2b    0x0800fd6c       0x2c D:/STM32/STM32CubeIde/STM32CubeIDE_2.0.0/STM32CubeIDE/plugins/com.st.stm32cube.ide.mcu.externaltools.gnu-tools-for-stm32.13.3.rel1.win32_1.0.100.202509120712/tools/bin/../lib/gcc/arm-none-eabi/13.3.1/../../../../arm-none-eabi/lib/thumb/v7e-m+fp/hard\libc_nano.a(libc_a-mprec.o)
                0x0800fd6c                __i2b
 .text.__multiply
                0x0800fd98      0x144 D:/STM32/STM32CubeIde/STM32CubeIDE_2.0.0/STM32CubeIDE/plugins/com.st.stm32cube.ide.mcu.externaltools.gnu-tools-for-stm32.13.3.rel1.win32_1.0.100.202509120712/tools/bin/../lib/gcc/arm-none-eabi/13.3.1/../../../../arm-none-eabi/lib/thumb/v7e-m+fp/hard\libc_nano.a(libc_a-mprec.o)
                0x0800fd98                __multiply
 .text.__pow5mult
                0x0800fedc       0xb4 D:/STM32/STM32CubeIde/STM32CubeIDE_2.0.0/STM32CubeIDE/plugins/com.st.stm32cube.ide.mcu.externaltools.gnu-tools-for-stm32.13.3.rel1.win32_1.0.100.202509120712/tools/bin/../lib/gcc/arm-none-eabi/13.3.1/../../../../arm-none-eabi/lib/thumb/v7e-m+fp/hard\libc_nano.a(libc_a-mprec.o)
                0x0800fedc                __pow5mult
 .text.__lshift