../Middleware/ThirdParty/LMIC/hal/hal.c:16:6:lmic_hal_init	8	static
../Middleware/ThirdParty/LMIC/hal/hal.c:21:6:lmic_hal_init_ex	16	static
../Middleware/ThirdParty/LMIC/hal/hal.c:27:6:lmic_hal_failed	16	static,ignoring_inline_asm
../Middleware/ThirdParty/LMIC/hal/hal.c:35:6:lmic_hal_set_failure_handler	16	static
../Middleware/ThirdParty/LMIC/hal/hal.c:41:6:lmic_hal_pin_rxtx	16	static
../Middleware/ThirdParty/LMIC/hal/hal.c:45:6:lmic_hal_pin_rst	56	static
../Middleware/ThirdParty/LMIC/hal/hal.c:65:13:nss_select	16	static
../Middleware/ThirdParty/LMIC/hal/hal.c:69:6:lmic_hal_spi_write	24	static
../Middleware/ThirdParty/LMIC/hal/hal.c:78:6:lmic_hal_spi_read	24	static
../Middleware/ThirdParty/LMIC/hal/hal.c:88:7:lmic_hal_radio_spi_is_busy	4	static
../Middleware/ThirdParty/LMIC/hal/hal.c:94:6:lmic_hal_ticks	24	static
../Middleware/ThirdParty/LMIC/hal/hal.c:125:6:lmic_hal_waitUntil	24	static
../Middleware/ThirdParty/LMIC/hal/hal.c:156:6:lmic_hal_checkTimer	16	static
../Middleware/ThirdParty/LMIC/hal/hal.c:163:6:lmic_hal_disableIRQs	4	static,ignoring_inline_asm
../Middleware/ThirdParty/LMIC/hal/hal.c:168:6:lmic_hal_enableIRQs	4	static,ignoring_inline_asm
../Middleware/ThirdParty/LMIC/hal/hal.c:174:9:lmic_hal_getIrqLevel	4	static
../Middleware/ThirdParty/LMIC/hal/hal.c:179:6:lmic_hal_pollPendingIRQs_helper	4	static
../Middleware/ThirdParty/LMIC/hal/hal.c:187:6:lmic_hal_processPendingIRQs	8	static
../Middleware/ThirdParty/LMIC/hal/hal.c:198:6:lmic_hal_sleep	4	static
../Middleware/ThirdParty/LMIC/hal/hal.c:200:6:lmic_hal_getRssiCal	4	static
../Middleware/ThirdParty/LMIC/hal/hal.c:202:10:lmic_hal_setModuleActive	16	static
../Middleware/ThirdParty/LMIC/hal/hal.c:204:7:lmic_hal_queryUsingTcxo	4	static
../Middleware/ThirdParty/LMIC/hal/hal.c:205:7:lmic_hal_queryUsingDcdc	4	static
../Middleware/ThirdParty/LMIC/hal/hal.c:206:7:lmic_hal_queryUsingDIO2AsRfSwitch	4	static
../Middleware/ThirdParty/LMIC/hal/hal.c:207:7:lmic_hal_queryUsingDIO3AsTCXOSwitch	4	static
../Middleware/ThirdParty/LMIC/hal/hal.c:209:9:lmic_hal_getTxPowerPolicy	16	static
