../Core/Src/main.c:65:6:os_getArtEui	16	static
../Core/Src/main.c:66:6:os_getDevEui	16	static
../Core/Src/main.c:67:6:os_getDevKey	16	static
../Core/Src/main.c:89:6:do_send	24	static
../Core/Src/main.c:99:6:process_downlink	64	static
../Core/Src/main.c:146:6:onEvent	16	static
../Core/Src/main.c:189:5:main	8	static
../Core/Src/main.c:241:6:SystemClock_Config	96	static
../Core/Src/main.c:291:13:MX_SPI1_Init	8	static
../Core/Src/main.c:331:13:MX_TIM2_Init	40	static
../Core/Src/main.c:376:13:MX_USART1_UART_Init	8	static
../Core/Src/main.c:411:13:MX_USART2_UART_Init	8	static
../Core/Src/main.c:446:13:MX_GPIO_Init	40	static
../Core/Src/main.c:490:1:__io_putchar	16	static
../Core/Src/main.c:504:6:Error_Handler	4	static,ignoring_inline_asm
