../Core/Src/main.c:64:6:os_getArtEui	16	static
../Core/Src/main.c:65:6:os_getDevEui	16	static
../Core/Src/main.c:66:6:os_getDevKey	16	static
../Core/Src/main.c:87:6:do_send	24	static
../Core/Src/main.c:98:6:process_downlink	16	static
../Core/Src/main.c:112:6:onEvent	16	static
../Core/Src/main.c:156:5:main	8	static
../Core/Src/main.c:203:6:SystemClock_Config	96	static
../Core/Src/main.c:253:13:MX_SPI1_Init	8	static
../Core/Src/main.c:293:13:MX_TIM2_Init	40	static
../Core/Src/main.c:338:13:MX_USART2_UART_Init	8	static
../Core/Src/main.c:373:13:MX_GPIO_Init	40	static
../Core/Src/main.c:424:6:Error_Handler	4	static,ignoring_inline_asm
