../Middleware/ThirdParty/LMIC/lmic/lmic_compliance.h:48:1:lmic_compliance_state_IsActive	16	static
../Middleware/ThirdParty/LMIC/lmic/lmic_compliance.c:110:1:LMIC_complianceRxMessage	40	static
../Middleware/ThirdParty/LMIC/lmic/lmic_compliance.c:169:1:isActivateMessage	24	static
../Middleware/ThirdParty/LMIC/lmic/lmic_compliance.c:207:13:evActivate	16	static
../Middleware/ThirdParty/LMIC/lmic/lmic_compliance.c:256:13:evMessage	24	static
../Middleware/ThirdParty/LMIC/lmic/lmic_compliance.c:320:13:evDeactivate	16	static
../Middleware/ThirdParty/LMIC/lmic/lmic_compliance.c:361:13:evJoinCommand	8	static
../Middleware/ThirdParty/LMIC/lmic/lmic_compliance.c:390:13:evEchoCommand	24	static
../Middleware/ThirdParty/LMIC/lmic/lmic_compliance.c:441:14:LMICcompliance_fsmstate_getName	64	static
../Middleware/ThirdParty/LMIC/lmic/lmic_compliance.c:450:13:fsmEvalDeferred	8	static
../Middleware/ThirdParty/LMIC/lmic/lmic_compliance.c:454:13:fsmJobCb	16	static
../Middleware/ThirdParty/LMIC/lmic/lmic_compliance.c:459:13:fsmEval	16	static
../Middleware/ThirdParty/LMIC/lmic/lmic_compliance.c:535:1:eventflags_TestAndClear	24	static
../Middleware/ThirdParty/LMIC/lmic/lmic_compliance.c:546:1:fsmDispatch	24	static
../Middleware/ThirdParty/LMIC/lmic/lmic_compliance.c:652:13:acEnterActiveMode	4	static
../Middleware/ThirdParty/LMIC/lmic/lmic_compliance.c:657:6:acSetTimer	16	static
../Middleware/ThirdParty/LMIC/lmic/lmic_compliance.c:661:13:timerExpiredCb	16	static
../Middleware/ThirdParty/LMIC/lmic/lmic_compliance.c:667:13:lmicEventCb	16	static
../Middleware/ThirdParty/LMIC/lmic/lmic_compliance.c:687:13:acExitActiveMode	8	static
../Middleware/ThirdParty/LMIC/lmic/lmic_compliance.c:694:13:acSendUplink	32	static
../Middleware/ThirdParty/LMIC/lmic/lmic_compliance.c:737:13:sendUplinkCompleteCb	16	static
../Middleware/ThirdParty/LMIC/lmic/lmic_compliance.c:745:13:acSendUplinkBuffer	24	static
../Middleware/ThirdParty/LMIC/lmic/lmic_compliance.c:769:13:LMICcompliance_txSuccessToString	16	static
