../Middleware/ThirdParty/LMIC/lmic/oslmic.h:317:24:table_get_u1	16	static
../Middleware/ThirdParty/LMIC/lmic/oslmic.h:318:24:table_get_s1	16	static
../Middleware/ThirdParty/LMIC/lmic/oslmic.h:321:24:table_get_u4	16	static
../Middleware/ThirdParty/LMIC/lmic/oslmic.h:323:28:table_get_ostime	16	static
../Middleware/ThirdParty/LMIC/lmic/lorabase.h:639:21:setNocrc	16	static
../Middleware/ThirdParty/LMIC/lmic/lorabase.h:641:21:setIh	16	static
../Middleware/ThirdParty/LMIC/lmic/lmic_bandplan.h:253:21:updr2rps	16	static
../Middleware/ThirdParty/LMIC/lmic/lmic_bandplan.h:254:21:dndr2rps	16	static
../Middleware/ThirdParty/LMIC/lmic/lmic_as923.c:59:1:LMICas923_validDR	16	static
../Middleware/ThirdParty/LMIC/lmic/lmic_as923.c:91:1:LMICas923_getUplinkDwellBit	16	static
../Middleware/ThirdParty/LMIC/lmic/lmic_as923.c:99:1:LMICas923_getDownlinkDwellBit	16	static
../Middleware/ThirdParty/LMIC/lmic/lmic_as923.c:106:9:LMICas923_maxFrameLen	16	static
../Middleware/ThirdParty/LMIC/lmic/lmic_as923.c:135:15:LMICas923_getMaxEIRP	16	static
../Middleware/ThirdParty/LMIC/lmic/lmic_as923.c:149:8:LMICas923_pow2dBm	24	static
../Middleware/ThirdParty/LMIC/lmic/lmic_as923.c:176:10:LMICas923_dr2hsym	16	static
../Middleware/ThirdParty/LMIC/lmic/lmic_as923.c:190:6:LMICas923_initDefaultChannels	32	static
../Middleware/ThirdParty/LMIC/lmic/lmic_as923.c:213:1:LMICas923_init	4	static
../Middleware/ThirdParty/LMIC/lmic/lmic_as923.c:222:1:LMICas923_resetDefaultChannels	4	static
../Middleware/ThirdParty/LMIC/lmic/lmic_as923.c:231:7:LMIC_setupBand	24	static
../Middleware/ThirdParty/LMIC/lmic/lmic_as923.c:246:6:LMIC_queryNumDefaultChannels	4	static
../Middleware/ThirdParty/LMIC/lmic/lmic_as923.c:258:7:LMIC_setupChannel	24	static
../Middleware/ThirdParty/LMIC/lmic/lmic_as923.c:288:6:LMICas923_convFreq	24	static
../Middleware/ThirdParty/LMIC/lmic/lmic_as923.c:296:10:LMICas923_nextJoinTime	16	static
../Middleware/ThirdParty/LMIC/lmic/lmic_as923.c:307:6:LMICas923_setRx1Params	24	static
../Middleware/ThirdParty/LMIC/lmic/lmic_as923.c:361:10:LMICas923_nextTx	48	static
../Middleware/ThirdParty/LMIC/lmic/lmic_as923.c:449:6:LMICas923_setBcnRxParams	8	static
../Middleware/ThirdParty/LMIC/lmic/lmic_as923.c:457:10:LMICas923_nextJoinState	8	static
../Middleware/ThirdParty/LMIC/lmic/lmic_as923.c:463:1:LMICas923_initJoinLoop	8	static
../Middleware/ThirdParty/LMIC/lmic/lmic_as923.c:469:1:LMICas923_updateTx	40	static
