../Middleware/ThirdParty/LMIC/lmic/oslmic.h:179:19:os_jobIsTimed	16	static
../Middleware/ThirdParty/LMIC/lmic/oslmic.c:42:5:os_init_ex	16	static
../Middleware/ThirdParty/LMIC/lmic/oslmic.c:51:6:os_init	8	static
../Middleware/ThirdParty/LMIC/lmic/oslmic.c:57:10:os_getTime	8	static
../Middleware/ThirdParty/LMIC/lmic/oslmic.c:62:12:unlinkjob	16	static
../Middleware/ThirdParty/LMIC/lmic/oslmic.c:72:18:getJobQueue	16	static
../Middleware/ThirdParty/LMIC/lmic/oslmic.c:77:6:os_clearCallback	16	static
../Middleware/ThirdParty/LMIC/lmic/oslmic.c:86:6:os_setCallback	24	static
../Middleware/ThirdParty/LMIC/lmic/oslmic.c:113:7:os_setIdleJobFunction	24	static
../Middleware/ThirdParty/LMIC/lmic/oslmic.c:124:6:os_setTimedCallback	32	static
../Middleware/ThirdParty/LMIC/lmic/oslmic.c:154:6:os_runloop	8	static
../Middleware/ThirdParty/LMIC/lmic/oslmic.c:160:6:os_runloop_once	16	static
../Middleware/ThirdParty/LMIC/lmic/oslmic.c:183:7:os_queryTimeCriticalJobs	24	static
